Archive member included to satisfy reference by file (symbol)

c:/program files (x86)/atmel/studio/7.0/toolchain/avr8/avr8-gnu-toolchain/bin/../lib/gcc/avr/5.4.0/../../../../avr/lib/avr5\libm.a(floatsisf.o)
                              Sketch.o (__floatsisf)
c:/program files (x86)/atmel/studio/7.0/toolchain/avr8/avr8-gnu-toolchain/bin/../lib/gcc/avr/5.4.0/../../../../avr/lib/avr5\libm.a(mulsf3.o)
                              Sketch.o (__mulsf3)
c:/program files (x86)/atmel/studio/7.0/toolchain/avr8/avr8-gnu-toolchain/bin/../lib/gcc/avr/5.4.0/../../../../avr/lib/avr5\libm.a(mulsf3x.o)
                              c:/program files (x86)/atmel/studio/7.0/toolchain/avr8/avr8-gnu-toolchain/bin/../lib/gcc/avr/5.4.0/../../../../avr/lib/avr5\libm.a(mulsf3.o) (__mulsf3x)
c:/program files (x86)/atmel/studio/7.0/toolchain/avr8/avr8-gnu-toolchain/bin/../lib/gcc/avr/5.4.0/../../../../avr/lib/avr5\libm.a(fp_inf.o)
                              c:/program files (x86)/atmel/studio/7.0/toolchain/avr8/avr8-gnu-toolchain/bin/../lib/gcc/avr/5.4.0/../../../../avr/lib/avr5\libm.a(mulsf3x.o) (__fp_inf)
c:/program files (x86)/atmel/studio/7.0/toolchain/avr8/avr8-gnu-toolchain/bin/../lib/gcc/avr/5.4.0/../../../../avr/lib/avr5\libm.a(fp_nan.o)
                              c:/program files (x86)/atmel/studio/7.0/toolchain/avr8/avr8-gnu-toolchain/bin/../lib/gcc/avr/5.4.0/../../../../avr/lib/avr5\libm.a(mulsf3x.o) (__fp_nan)
c:/program files (x86)/atmel/studio/7.0/toolchain/avr8/avr8-gnu-toolchain/bin/../lib/gcc/avr/5.4.0/../../../../avr/lib/avr5\libm.a(fp_pscA.o)
                              c:/program files (x86)/atmel/studio/7.0/toolchain/avr8/avr8-gnu-toolchain/bin/../lib/gcc/avr/5.4.0/../../../../avr/lib/avr5\libm.a(mulsf3x.o) (__fp_pscA)
c:/program files (x86)/atmel/studio/7.0/toolchain/avr8/avr8-gnu-toolchain/bin/../lib/gcc/avr/5.4.0/../../../../avr/lib/avr5\libm.a(fp_pscB.o)
                              c:/program files (x86)/atmel/studio/7.0/toolchain/avr8/avr8-gnu-toolchain/bin/../lib/gcc/avr/5.4.0/../../../../avr/lib/avr5\libm.a(mulsf3x.o) (__fp_pscB)
c:/program files (x86)/atmel/studio/7.0/toolchain/avr8/avr8-gnu-toolchain/bin/../lib/gcc/avr/5.4.0/../../../../avr/lib/avr5\libm.a(fp_round.o)
                              c:/program files (x86)/atmel/studio/7.0/toolchain/avr8/avr8-gnu-toolchain/bin/../lib/gcc/avr/5.4.0/../../../../avr/lib/avr5\libm.a(mulsf3.o) (__fp_round)
c:/program files (x86)/atmel/studio/7.0/toolchain/avr8/avr8-gnu-toolchain/bin/../lib/gcc/avr/5.4.0/../../../../avr/lib/avr5\libm.a(fp_split3.o)
                              c:/program files (x86)/atmel/studio/7.0/toolchain/avr8/avr8-gnu-toolchain/bin/../lib/gcc/avr/5.4.0/../../../../avr/lib/avr5\libm.a(mulsf3x.o) (__fp_split3)
c:/program files (x86)/atmel/studio/7.0/toolchain/avr8/avr8-gnu-toolchain/bin/../lib/gcc/avr/5.4.0/../../../../avr/lib/avr5\libm.a(fp_zero.o)
                              c:/program files (x86)/atmel/studio/7.0/toolchain/avr8/avr8-gnu-toolchain/bin/../lib/gcc/avr/5.4.0/../../../../avr/lib/avr5\libm.a(mulsf3x.o) (__fp_szero)
c:\users\tamim\DOCUME~1\ATMELS~1\7.0\TEMPER~1\TEMPER~1\ARDUIN~1\Debug\libArduinoCore.a(HardwareSerial.o)
                              Sketch.o (_ZN14HardwareSerial5beginEmh)
c:\users\tamim\DOCUME~1\ATMELS~1\7.0\TEMPER~1\TEMPER~1\ARDUIN~1\Debug\libArduinoCore.a(HardwareSerial0.o)
                              Sketch.o (Serial)
c:\users\tamim\DOCUME~1\ATMELS~1\7.0\TEMPER~1\TEMPER~1\ARDUIN~1\Debug\libArduinoCore.a(main.o)
                              C:/Program Files (x86)/Atmel/Studio/7.0/Packs/atmel/ATmega_DFP/1.2.132/gcc/dev/atmega328p/avr5/crtatmega328p.o (main)
c:\users\tamim\DOCUME~1\ATMELS~1\7.0\TEMPER~1\TEMPER~1\ARDUIN~1\Debug\libArduinoCore.a(Print.o)
                              c:\users\tamim\DOCUME~1\ATMELS~1\7.0\TEMPER~1\TEMPER~1\ARDUIN~1\Debug\libArduinoCore.a(HardwareSerial.o) (_ZN5Print5writeEPKhj)
c:\users\tamim\DOCUME~1\ATMELS~1\7.0\TEMPER~1\TEMPER~1\ARDUIN~1\Debug\libArduinoCore.a(wiring.o)
                              Sketch.o (delay)
c:\users\tamim\DOCUME~1\ATMELS~1\7.0\TEMPER~1\TEMPER~1\ARDUIN~1\Debug\libArduinoCore.a(wiring_analog.o)
                              Sketch.o (analogRead)
c:\users\tamim\DOCUME~1\ATMELS~1\7.0\TEMPER~1\TEMPER~1\ARDUIN~1\Debug\libArduinoCore.a(wiring_digital.o)
                              c:\users\tamim\DOCUME~1\ATMELS~1\7.0\TEMPER~1\TEMPER~1\ARDUIN~1\Debug\libArduinoCore.a(wiring_analog.o) (pinMode)
c:\users\tamim\DOCUME~1\ATMELS~1\7.0\TEMPER~1\TEMPER~1\ARDUIN~1\Debug\libArduinoCore.a(abi.o)
                              c:\users\tamim\DOCUME~1\ATMELS~1\7.0\TEMPER~1\TEMPER~1\ARDUIN~1\Debug\libArduinoCore.a(Print.o) (__cxa_pure_virtual)
c:\users\tamim\DOCUME~1\ATMELS~1\7.0\TEMPER~1\TEMPER~1\ARDUIN~1\Debug\libArduinoCore.a(hooks.o)
                              c:\users\tamim\DOCUME~1\ATMELS~1\7.0\TEMPER~1\TEMPER~1\ARDUIN~1\Debug\libArduinoCore.a(wiring.o) (yield)
c:/program files (x86)/atmel/studio/7.0/toolchain/avr8/avr8-gnu-toolchain/bin/../lib/gcc/avr/5.4.0/../../../../avr/lib/avr5\libm.a(addsf3.o)
                              c:\users\tamim\DOCUME~1\ATMELS~1\7.0\TEMPER~1\TEMPER~1\ARDUIN~1\Debug\libArduinoCore.a(Print.o) (__subsf3)
c:/program files (x86)/atmel/studio/7.0/toolchain/avr8/avr8-gnu-toolchain/bin/../lib/gcc/avr/5.4.0/../../../../avr/lib/avr5\libm.a(addsf3x.o)
                              c:/program files (x86)/atmel/studio/7.0/toolchain/avr8/avr8-gnu-toolchain/bin/../lib/gcc/avr/5.4.0/../../../../avr/lib/avr5\libm.a(addsf3.o) (__addsf3x)
c:/program files (x86)/atmel/studio/7.0/toolchain/avr8/avr8-gnu-toolchain/bin/../lib/gcc/avr/5.4.0/../../../../avr/lib/avr5\libm.a(cmpsf2.o)
                              c:\users\tamim\DOCUME~1\ATMELS~1\7.0\TEMPER~1\TEMPER~1\ARDUIN~1\Debug\libArduinoCore.a(Print.o) (__ltsf2)
c:/program files (x86)/atmel/studio/7.0/toolchain/avr8/avr8-gnu-toolchain/bin/../lib/gcc/avr/5.4.0/../../../../avr/lib/avr5\libm.a(divsf3.o)
                              c:\users\tamim\DOCUME~1\ATMELS~1\7.0\TEMPER~1\TEMPER~1\ARDUIN~1\Debug\libArduinoCore.a(Print.o) (__divsf3)
c:/program files (x86)/atmel/studio/7.0/toolchain/avr8/avr8-gnu-toolchain/bin/../lib/gcc/avr/5.4.0/../../../../avr/lib/avr5\libm.a(divsf3x.o)
                              c:/program files (x86)/atmel/studio/7.0/toolchain/avr8/avr8-gnu-toolchain/bin/../lib/gcc/avr/5.4.0/../../../../avr/lib/avr5\libm.a(divsf3.o) (__divsf3x)
c:/program files (x86)/atmel/studio/7.0/toolchain/avr8/avr8-gnu-toolchain/bin/../lib/gcc/avr/5.4.0/../../../../avr/lib/avr5\libm.a(fixunssfsi.o)
                              c:\users\tamim\DOCUME~1\ATMELS~1\7.0\TEMPER~1\TEMPER~1\ARDUIN~1\Debug\libArduinoCore.a(Print.o) (__fixunssfsi)
c:/program files (x86)/atmel/studio/7.0/toolchain/avr8/avr8-gnu-toolchain/bin/../lib/gcc/avr/5.4.0/../../../../avr/lib/avr5\libm.a(fp_cmp.o)
                              c:/program files (x86)/atmel/studio/7.0/toolchain/avr8/avr8-gnu-toolchain/bin/../lib/gcc/avr/5.4.0/../../../../avr/lib/avr5\libm.a(cmpsf2.o) (__fp_cmp)
c:/program files (x86)/atmel/studio/7.0/toolchain/avr8/avr8-gnu-toolchain/bin/../lib/gcc/avr/5.4.0/../../../../avr/lib/avr5\libm.a(gesf2.o)
                              c:\users\tamim\DOCUME~1\ATMELS~1\7.0\TEMPER~1\TEMPER~1\ARDUIN~1\Debug\libArduinoCore.a(Print.o) (__gtsf2)
c:/program files (x86)/atmel/studio/7.0/toolchain/avr8/avr8-gnu-toolchain/bin/../lib/gcc/avr/5.4.0/../../../../avr/lib/avr5\libm.a(unordsf2.o)
                              c:\users\tamim\DOCUME~1\ATMELS~1\7.0\TEMPER~1\TEMPER~1\ARDUIN~1\Debug\libArduinoCore.a(Print.o) (__unordsf2)
c:/program files (x86)/atmel/studio/7.0/toolchain/avr8/avr8-gnu-toolchain/bin/../lib/gcc/avr/5.4.0/avr5\libgcc.a(_udivmodsi4.o)
                              c:\users\tamim\DOCUME~1\ATMELS~1\7.0\TEMPER~1\TEMPER~1\ARDUIN~1\Debug\libArduinoCore.a(HardwareSerial.o) (__udivmodsi4)
c:/program files (x86)/atmel/studio/7.0/toolchain/avr8/avr8-gnu-toolchain/bin/../lib/gcc/avr/5.4.0/avr5\libgcc.a(_exit.o)
                              C:/Program Files (x86)/Atmel/Studio/7.0/Packs/atmel/ATmega_DFP/1.2.132/gcc/dev/atmega328p/avr5/crtatmega328p.o (exit)
c:/program files (x86)/atmel/studio/7.0/toolchain/avr8/avr8-gnu-toolchain/bin/../lib/gcc/avr/5.4.0/avr5\libgcc.a(_copy_data.o)
                              Sketch.o (__do_copy_data)
c:/program files (x86)/atmel/studio/7.0/toolchain/avr8/avr8-gnu-toolchain/bin/../lib/gcc/avr/5.4.0/avr5\libgcc.a(_clear_bss.o)
                              Sketch.o (__do_clear_bss)
c:/program files (x86)/atmel/studio/7.0/toolchain/avr8/avr8-gnu-toolchain/bin/../lib/gcc/avr/5.4.0/avr5\libgcc.a(_ctors.o)
                              c:\users\tamim\DOCUME~1\ATMELS~1\7.0\TEMPER~1\TEMPER~1\ARDUIN~1\Debug\libArduinoCore.a(HardwareSerial0.o) (__do_global_ctors)
c:/program files (x86)/atmel/studio/7.0/toolchain/avr8/avr8-gnu-toolchain/bin/../lib/gcc/avr/5.4.0/avr5\libgcc.a(_tablejump2.o)
                              c:/program files (x86)/atmel/studio/7.0/toolchain/avr8/avr8-gnu-toolchain/bin/../lib/gcc/avr/5.4.0/avr5\libgcc.a(_ctors.o) (__tablejump2__)
c:/program files (x86)/atmel/studio/7.0/toolchain/avr8/avr8-gnu-toolchain/bin/../lib/gcc/avr/5.4.0/../../../../avr/lib/avr5\libc.a(abort.o)
                              c:\users\tamim\DOCUME~1\ATMELS~1\7.0\TEMPER~1\TEMPER~1\ARDUIN~1\Debug\libArduinoCore.a(abi.o) (abort)

Discarded input sections

 .data          0x00000000        0x0 C:/Program Files (x86)/Atmel/Studio/7.0/Packs/atmel/ATmega_DFP/1.2.132/gcc/dev/atmega328p/avr5/crtatmega328p.o
 .bss           0x00000000        0x0 C:/Program Files (x86)/Atmel/Studio/7.0/Packs/atmel/ATmega_DFP/1.2.132/gcc/dev/atmega328p/avr5/crtatmega328p.o
 .text          0x00000000        0x0 Sketch.o
 .data          0x00000000        0x0 Sketch.o
 .bss           0x00000000        0x0 Sketch.o
 .text          0x00000000        0x0 c:/program files (x86)/atmel/studio/7.0/toolchain/avr8/avr8-gnu-toolchain/bin/../lib/gcc/avr/5.4.0/../../../../avr/lib/avr5\libm.a(floatsisf.o)
 .data          0x00000000        0x0 c:/program files (x86)/atmel/studio/7.0/toolchain/avr8/avr8-gnu-toolchain/bin/../lib/gcc/avr/5.4.0/../../../../avr/lib/avr5\libm.a(floatsisf.o)
 .bss           0x00000000        0x0 c:/program files (x86)/atmel/studio/7.0/toolchain/avr8/avr8-gnu-toolchain/bin/../lib/gcc/avr/5.4.0/../../../../avr/lib/avr5\libm.a(floatsisf.o)
 .text          0x00000000        0x0 c:/program files (x86)/atmel/studio/7.0/toolchain/avr8/avr8-gnu-toolchain/bin/../lib/gcc/avr/5.4.0/../../../../avr/lib/avr5\libm.a(mulsf3.o)
 .data          0x00000000        0x0 c:/program files (x86)/atmel/studio/7.0/toolchain/avr8/avr8-gnu-toolchain/bin/../lib/gcc/avr/5.4.0/../../../../avr/lib/avr5\libm.a(mulsf3.o)
 .bss           0x00000000        0x0 c:/program files (x86)/atmel/studio/7.0/toolchain/avr8/avr8-gnu-toolchain/bin/../lib/gcc/avr/5.4.0/../../../../avr/lib/avr5\libm.a(mulsf3.o)
 .text          0x00000000        0x0 c:/program files (x86)/atmel/studio/7.0/toolchain/avr8/avr8-gnu-toolchain/bin/../lib/gcc/avr/5.4.0/../../../../avr/lib/avr5\libm.a(mulsf3x.o)
 .data          0x00000000        0x0 c:/program files (x86)/atmel/studio/7.0/toolchain/avr8/avr8-gnu-toolchain/bin/../lib/gcc/avr/5.4.0/../../../../avr/lib/avr5\libm.a(mulsf3x.o)
 .bss           0x00000000        0x0 c:/program files (x86)/atmel/studio/7.0/toolchain/avr8/avr8-gnu-toolchain/bin/../lib/gcc/avr/5.4.0/../../../../avr/lib/avr5\libm.a(mulsf3x.o)
 .text          0x00000000        0x0 c:/program files (x86)/atmel/studio/7.0/toolchain/avr8/avr8-gnu-toolchain/bin/../lib/gcc/avr/5.4.0/../../../../avr/lib/avr5\libm.a(fp_inf.o)
 .data          0x00000000        0x0 c:/program files (x86)/atmel/studio/7.0/toolchain/avr8/avr8-gnu-toolchain/bin/../lib/gcc/avr/5.4.0/../../../../avr/lib/avr5\libm.a(fp_inf.o)
 .bss           0x00000000        0x0 c:/program files (x86)/atmel/studio/7.0/toolchain/avr8/avr8-gnu-toolchain/bin/../lib/gcc/avr/5.4.0/../../../../avr/lib/avr5\libm.a(fp_inf.o)
 .text          0x00000000        0x0 c:/program files (x86)/atmel/studio/7.0/toolchain/avr8/avr8-gnu-toolchain/bin/../lib/gcc/avr/5.4.0/../../../../avr/lib/avr5\libm.a(fp_nan.o)
 .data          0x00000000        0x0 c:/program files (x86)/atmel/studio/7.0/toolchain/avr8/avr8-gnu-toolchain/bin/../lib/gcc/avr/5.4.0/../../../../avr/lib/avr5\libm.a(fp_nan.o)
 .bss           0x00000000        0x0 c:/program files (x86)/atmel/studio/7.0/toolchain/avr8/avr8-gnu-toolchain/bin/../lib/gcc/avr/5.4.0/../../../../avr/lib/avr5\libm.a(fp_nan.o)
 .text          0x00000000        0x0 c:/program files (x86)/atmel/studio/7.0/toolchain/avr8/avr8-gnu-toolchain/bin/../lib/gcc/avr/5.4.0/../../../../avr/lib/avr5\libm.a(fp_pscA.o)
 .data          0x00000000        0x0 c:/program files (x86)/atmel/studio/7.0/toolchain/avr8/avr8-gnu-toolchain/bin/../lib/gcc/avr/5.4.0/../../../../avr/lib/avr5\libm.a(fp_pscA.o)
 .bss           0x00000000        0x0 c:/program files (x86)/atmel/studio/7.0/toolchain/avr8/avr8-gnu-toolchain/bin/../lib/gcc/avr/5.4.0/../../../../avr/lib/avr5\libm.a(fp_pscA.o)
 .text          0x00000000        0x0 c:/program files (x86)/atmel/studio/7.0/toolchain/avr8/avr8-gnu-toolchain/bin/../lib/gcc/avr/5.4.0/../../../../avr/lib/avr5\libm.a(fp_pscB.o)
 .data          0x00000000        0x0 c:/program files (x86)/atmel/studio/7.0/toolchain/avr8/avr8-gnu-toolchain/bin/../lib/gcc/avr/5.4.0/../../../../avr/lib/avr5\libm.a(fp_pscB.o)
 .bss           0x00000000        0x0 c:/program files (x86)/atmel/studio/7.0/toolchain/avr8/avr8-gnu-toolchain/bin/../lib/gcc/avr/5.4.0/../../../../avr/lib/avr5\libm.a(fp_pscB.o)
 .text          0x00000000        0x0 c:/program files (x86)/atmel/studio/7.0/toolchain/avr8/avr8-gnu-toolchain/bin/../lib/gcc/avr/5.4.0/../../../../avr/lib/avr5\libm.a(fp_round.o)
 .data          0x00000000        0x0 c:/program files (x86)/atmel/studio/7.0/toolchain/avr8/avr8-gnu-toolchain/bin/../lib/gcc/avr/5.4.0/../../../../avr/lib/avr5\libm.a(fp_round.o)
 .bss           0x00000000        0x0 c:/program files (x86)/atmel/studio/7.0/toolchain/avr8/avr8-gnu-toolchain/bin/../lib/gcc/avr/5.4.0/../../../../avr/lib/avr5\libm.a(fp_round.o)
 .text          0x00000000        0x0 c:/program files (x86)/atmel/studio/7.0/toolchain/avr8/avr8-gnu-toolchain/bin/../lib/gcc/avr/5.4.0/../../../../avr/lib/avr5\libm.a(fp_split3.o)
 .data          0x00000000        0x0 c:/program files (x86)/atmel/studio/7.0/toolchain/avr8/avr8-gnu-toolchain/bin/../lib/gcc/avr/5.4.0/../../../../avr/lib/avr5\libm.a(fp_split3.o)
 .bss           0x00000000        0x0 c:/program files (x86)/atmel/studio/7.0/toolchain/avr8/avr8-gnu-toolchain/bin/../lib/gcc/avr/5.4.0/../../../../avr/lib/avr5\libm.a(fp_split3.o)
 .text          0x00000000        0x0 c:/program files (x86)/atmel/studio/7.0/toolchain/avr8/avr8-gnu-toolchain/bin/../lib/gcc/avr/5.4.0/../../../../avr/lib/avr5\libm.a(fp_zero.o)
 .data          0x00000000        0x0 c:/program files (x86)/atmel/studio/7.0/toolchain/avr8/avr8-gnu-toolchain/bin/../lib/gcc/avr/5.4.0/../../../../avr/lib/avr5\libm.a(fp_zero.o)
 .bss           0x00000000        0x0 c:/program files (x86)/atmel/studio/7.0/toolchain/avr8/avr8-gnu-toolchain/bin/../lib/gcc/avr/5.4.0/../../../../avr/lib/avr5\libm.a(fp_zero.o)
 .group         0x00000000        0x8 c:\users\tamim\DOCUME~1\ATMELS~1\7.0\TEMPER~1\TEMPER~1\ARDUIN~1\Debug\libArduinoCore.a(HardwareSerial.o)
 .text          0x00000000        0x0 c:\users\tamim\DOCUME~1\ATMELS~1\7.0\TEMPER~1\TEMPER~1\ARDUIN~1\Debug\libArduinoCore.a(HardwareSerial.o)
 .data          0x00000000        0x0 c:\users\tamim\DOCUME~1\ATMELS~1\7.0\TEMPER~1\TEMPER~1\ARDUIN~1\Debug\libArduinoCore.a(HardwareSerial.o)
 .bss           0x00000000        0x0 c:\users\tamim\DOCUME~1\ATMELS~1\7.0\TEMPER~1\TEMPER~1\ARDUIN~1\Debug\libArduinoCore.a(HardwareSerial.o)
 .text._ZN14HardwareSerial3endEv
                0x00000000       0x44 c:\users\tamim\DOCUME~1\ATMELS~1\7.0\TEMPER~1\TEMPER~1\ARDUIN~1\Debug\libArduinoCore.a(HardwareSerial.o)
 .group         0x00000000        0x8 c:\users\tamim\DOCUME~1\ATMELS~1\7.0\TEMPER~1\TEMPER~1\ARDUIN~1\Debug\libArduinoCore.a(HardwareSerial0.o)
 .group         0x00000000        0x8 c:\users\tamim\DOCUME~1\ATMELS~1\7.0\TEMPER~1\TEMPER~1\ARDUIN~1\Debug\libArduinoCore.a(HardwareSerial0.o)
 .text          0x00000000        0x0 c:\users\tamim\DOCUME~1\ATMELS~1\7.0\TEMPER~1\TEMPER~1\ARDUIN~1\Debug\libArduinoCore.a(HardwareSerial0.o)
 .data          0x00000000        0x0 c:\users\tamim\DOCUME~1\ATMELS~1\7.0\TEMPER~1\TEMPER~1\ARDUIN~1\Debug\libArduinoCore.a(HardwareSerial0.o)
 .bss           0x00000000        0x0 c:\users\tamim\DOCUME~1\ATMELS~1\7.0\TEMPER~1\TEMPER~1\ARDUIN~1\Debug\libArduinoCore.a(HardwareSerial0.o)
 .text._ZN5Print17availableForWriteEv
                0x00000000        0x6 c:\users\tamim\DOCUME~1\ATMELS~1\7.0\TEMPER~1\TEMPER~1\ARDUIN~1\Debug\libArduinoCore.a(HardwareSerial0.o)
 .text._ZN5Print5flushEv
                0x00000000        0x2 c:\users\tamim\DOCUME~1\ATMELS~1\7.0\TEMPER~1\TEMPER~1\ARDUIN~1\Debug\libArduinoCore.a(HardwareSerial0.o)
 .text          0x00000000        0x0 c:\users\tamim\DOCUME~1\ATMELS~1\7.0\TEMPER~1\TEMPER~1\ARDUIN~1\Debug\libArduinoCore.a(main.o)
 .data          0x00000000        0x0 c:\users\tamim\DOCUME~1\ATMELS~1\7.0\TEMPER~1\TEMPER~1\ARDUIN~1\Debug\libArduinoCore.a(main.o)
 .bss           0x00000000        0x0 c:\users\tamim\DOCUME~1\ATMELS~1\7.0\TEMPER~1\TEMPER~1\ARDUIN~1\Debug\libArduinoCore.a(main.o)
 .text.atexit   0x00000000        0x6 c:\users\tamim\DOCUME~1\ATMELS~1\7.0\TEMPER~1\TEMPER~1\ARDUIN~1\Debug\libArduinoCore.a(main.o)
 .text._Z8setupUSBv
                0x00000000        0x2 c:\users\tamim\DOCUME~1\ATMELS~1\7.0\TEMPER~1\TEMPER~1\ARDUIN~1\Debug\libArduinoCore.a(main.o)
 .group         0x00000000        0x8 c:\users\tamim\DOCUME~1\ATMELS~1\7.0\TEMPER~1\TEMPER~1\ARDUIN~1\Debug\libArduinoCore.a(Print.o)
 .group         0x00000000        0x8 c:\users\tamim\DOCUME~1\ATMELS~1\7.0\TEMPER~1\TEMPER~1\ARDUIN~1\Debug\libArduinoCore.a(Print.o)
 .group         0x00000000        0x8 c:\users\tamim\DOCUME~1\ATMELS~1\7.0\TEMPER~1\TEMPER~1\ARDUIN~1\Debug\libArduinoCore.a(Print.o)
 .group         0x00000000        0x8 c:\users\tamim\DOCUME~1\ATMELS~1\7.0\TEMPER~1\TEMPER~1\ARDUIN~1\Debug\libArduinoCore.a(Print.o)
 .text          0x00000000        0x0 c:\users\tamim\DOCUME~1\ATMELS~1\7.0\TEMPER~1\TEMPER~1\ARDUIN~1\Debug\libArduinoCore.a(Print.o)
 .data          0x00000000        0x0 c:\users\tamim\DOCUME~1\ATMELS~1\7.0\TEMPER~1\TEMPER~1\ARDUIN~1\Debug\libArduinoCore.a(Print.o)
 .bss           0x00000000        0x0 c:\users\tamim\DOCUME~1\ATMELS~1\7.0\TEMPER~1\TEMPER~1\ARDUIN~1\Debug\libArduinoCore.a(Print.o)
 .text._ZN5Print17availableForWriteEv
                0x00000000        0x6 c:\users\tamim\DOCUME~1\ATMELS~1\7.0\TEMPER~1\TEMPER~1\ARDUIN~1\Debug\libArduinoCore.a(Print.o)
 .text._ZN5Print5flushEv
                0x00000000        0x2 c:\users\tamim\DOCUME~1\ATMELS~1\7.0\TEMPER~1\TEMPER~1\ARDUIN~1\Debug\libArduinoCore.a(Print.o)
 .text._ZN5Print5printEPK19__FlashStringHelper
                0x00000000       0x48 c:\users\tamim\DOCUME~1\ATMELS~1\7.0\TEMPER~1\TEMPER~1\ARDUIN~1\Debug\libArduinoCore.a(Print.o)
 .text._ZN5Print5printERK6String
                0x00000000       0x1c c:\users\tamim\DOCUME~1\ATMELS~1\7.0\TEMPER~1\TEMPER~1\ARDUIN~1\Debug\libArduinoCore.a(Print.o)
 .text._ZN5Print5printERK9Printable
                0x00000000       0x14 c:\users\tamim\DOCUME~1\ATMELS~1\7.0\TEMPER~1\TEMPER~1\ARDUIN~1\Debug\libArduinoCore.a(Print.o)
 .text._ZN5Print7printlnEPK19__FlashStringHelper
                0x00000000       0x24 c:\users\tamim\DOCUME~1\ATMELS~1\7.0\TEMPER~1\TEMPER~1\ARDUIN~1\Debug\libArduinoCore.a(Print.o)
 .text._ZN5Print7printlnERK6String
                0x00000000       0x24 c:\users\tamim\DOCUME~1\ATMELS~1\7.0\TEMPER~1\TEMPER~1\ARDUIN~1\Debug\libArduinoCore.a(Print.o)
 .text._ZN5Print7printlnEPKc
                0x00000000       0x24 c:\users\tamim\DOCUME~1\ATMELS~1\7.0\TEMPER~1\TEMPER~1\ARDUIN~1\Debug\libArduinoCore.a(Print.o)
 .text._ZN5Print7printlnEc
                0x00000000       0x24 c:\users\tamim\DOCUME~1\ATMELS~1\7.0\TEMPER~1\TEMPER~1\ARDUIN~1\Debug\libArduinoCore.a(Print.o)
 .text._ZN5Print7printlnERK9Printable
                0x00000000       0x24 c:\users\tamim\DOCUME~1\ATMELS~1\7.0\TEMPER~1\TEMPER~1\ARDUIN~1\Debug\libArduinoCore.a(Print.o)
 .text._ZN5Print5printEhi
                0x00000000        0xe c:\users\tamim\DOCUME~1\ATMELS~1\7.0\TEMPER~1\TEMPER~1\ARDUIN~1\Debug\libArduinoCore.a(Print.o)
 .text._ZN5Print7printlnEhi
                0x00000000       0x24 c:\users\tamim\DOCUME~1\ATMELS~1\7.0\TEMPER~1\TEMPER~1\ARDUIN~1\Debug\libArduinoCore.a(Print.o)
 .text._ZN5Print7printlnEji
                0x00000000       0x24 c:\users\tamim\DOCUME~1\ATMELS~1\7.0\TEMPER~1\TEMPER~1\ARDUIN~1\Debug\libArduinoCore.a(Print.o)
 .text._ZN5Print7printlnEmi
                0x00000000       0x24 c:\users\tamim\DOCUME~1\ATMELS~1\7.0\TEMPER~1\TEMPER~1\ARDUIN~1\Debug\libArduinoCore.a(Print.o)
 .text._ZN5Print5printEli
                0x00000000       0x90 c:\users\tamim\DOCUME~1\ATMELS~1\7.0\TEMPER~1\TEMPER~1\ARDUIN~1\Debug\libArduinoCore.a(Print.o)
 .text._ZN5Print5printEii
                0x00000000        0xe c:\users\tamim\DOCUME~1\ATMELS~1\7.0\TEMPER~1\TEMPER~1\ARDUIN~1\Debug\libArduinoCore.a(Print.o)
 .text._ZN5Print7printlnEii
                0x00000000       0x24 c:\users\tamim\DOCUME~1\ATMELS~1\7.0\TEMPER~1\TEMPER~1\ARDUIN~1\Debug\libArduinoCore.a(Print.o)
 .text._ZN5Print7printlnEli
                0x00000000       0x24 c:\users\tamim\DOCUME~1\ATMELS~1\7.0\TEMPER~1\TEMPER~1\ARDUIN~1\Debug\libArduinoCore.a(Print.o)
 .text._ZN5Print7printlnEdi
                0x00000000       0x24 c:\users\tamim\DOCUME~1\ATMELS~1\7.0\TEMPER~1\TEMPER~1\ARDUIN~1\Debug\libArduinoCore.a(Print.o)
 .rodata._ZTV5Print
                0x00000000        0xc c:\users\tamim\DOCUME~1\ATMELS~1\7.0\TEMPER~1\TEMPER~1\ARDUIN~1\Debug\libArduinoCore.a(Print.o)
 .text          0x00000000        0x0 c:\users\tamim\DOCUME~1\ATMELS~1\7.0\TEMPER~1\TEMPER~1\ARDUIN~1\Debug\libArduinoCore.a(wiring.o)
 .data          0x00000000        0x0 c:\users\tamim\DOCUME~1\ATMELS~1\7.0\TEMPER~1\TEMPER~1\ARDUIN~1\Debug\libArduinoCore.a(wiring.o)
 .bss           0x00000000        0x0 c:\users\tamim\DOCUME~1\ATMELS~1\7.0\TEMPER~1\TEMPER~1\ARDUIN~1\Debug\libArduinoCore.a(wiring.o)
 .text.millis   0x00000000       0x18 c:\users\tamim\DOCUME~1\ATMELS~1\7.0\TEMPER~1\TEMPER~1\ARDUIN~1\Debug\libArduinoCore.a(wiring.o)
 .text.delayMicroseconds
                0x00000000       0x16 c:\users\tamim\DOCUME~1\ATMELS~1\7.0\TEMPER~1\TEMPER~1\ARDUIN~1\Debug\libArduinoCore.a(wiring.o)
 .text          0x00000000        0x0 c:\users\tamim\DOCUME~1\ATMELS~1\7.0\TEMPER~1\TEMPER~1\ARDUIN~1\Debug\libArduinoCore.a(wiring_analog.o)
 .data          0x00000000        0x0 c:\users\tamim\DOCUME~1\ATMELS~1\7.0\TEMPER~1\TEMPER~1\ARDUIN~1\Debug\libArduinoCore.a(wiring_analog.o)
 .bss           0x00000000        0x0 c:\users\tamim\DOCUME~1\ATMELS~1\7.0\TEMPER~1\TEMPER~1\ARDUIN~1\Debug\libArduinoCore.a(wiring_analog.o)
 .text.analogReference
                0x00000000        0x6 c:\users\tamim\DOCUME~1\ATMELS~1\7.0\TEMPER~1\TEMPER~1\ARDUIN~1\Debug\libArduinoCore.a(wiring_analog.o)
 .text.analogWrite
                0x00000000       0xbe c:\users\tamim\DOCUME~1\ATMELS~1\7.0\TEMPER~1\TEMPER~1\ARDUIN~1\Debug\libArduinoCore.a(wiring_analog.o)
 .text          0x00000000        0x0 c:\users\tamim\DOCUME~1\ATMELS~1\7.0\TEMPER~1\TEMPER~1\ARDUIN~1\Debug\libArduinoCore.a(wiring_digital.o)
 .data          0x00000000        0x0 c:\users\tamim\DOCUME~1\ATMELS~1\7.0\TEMPER~1\TEMPER~1\ARDUIN~1\Debug\libArduinoCore.a(wiring_digital.o)
 .bss           0x00000000        0x0 c:\users\tamim\DOCUME~1\ATMELS~1\7.0\TEMPER~1\TEMPER~1\ARDUIN~1\Debug\libArduinoCore.a(wiring_digital.o)
 .text.turnOffPWM
                0x00000000       0x52 c:\users\tamim\DOCUME~1\ATMELS~1\7.0\TEMPER~1\TEMPER~1\ARDUIN~1\Debug\libArduinoCore.a(wiring_digital.o)
 .text.pinMode  0x00000000       0x78 c:\users\tamim\DOCUME~1\ATMELS~1\7.0\TEMPER~1\TEMPER~1\ARDUIN~1\Debug\libArduinoCore.a(wiring_digital.o)
 .text.digitalWrite
                0x00000000       0x5e c:\users\tamim\DOCUME~1\ATMELS~1\7.0\TEMPER~1\TEMPER~1\ARDUIN~1\Debug\libArduinoCore.a(wiring_digital.o)
 .text.digitalRead
                0x00000000       0x52 c:\users\tamim\DOCUME~1\ATMELS~1\7.0\TEMPER~1\TEMPER~1\ARDUIN~1\Debug\libArduinoCore.a(wiring_digital.o)
 .progmem.data.digital_pin_to_timer_PGM
                0x00000000       0x14 c:\users\tamim\DOCUME~1\ATMELS~1\7.0\TEMPER~1\TEMPER~1\ARDUIN~1\Debug\libArduinoCore.a(wiring_digital.o)
 .progmem.data.digital_pin_to_bit_mask_PGM
                0x00000000       0x14 c:\users\tamim\DOCUME~1\ATMELS~1\7.0\TEMPER~1\TEMPER~1\ARDUIN~1\Debug\libArduinoCore.a(wiring_digital.o)
 .progmem.data.digital_pin_to_port_PGM
                0x00000000       0x14 c:\users\tamim\DOCUME~1\ATMELS~1\7.0\TEMPER~1\TEMPER~1\ARDUIN~1\Debug\libArduinoCore.a(wiring_digital.o)
 .progmem.data.port_to_input_PGM
                0x00000000        0xa c:\users\tamim\DOCUME~1\ATMELS~1\7.0\TEMPER~1\TEMPER~1\ARDUIN~1\Debug\libArduinoCore.a(wiring_digital.o)
 .progmem.data.port_to_output_PGM
                0x00000000        0xa c:\users\tamim\DOCUME~1\ATMELS~1\7.0\TEMPER~1\TEMPER~1\ARDUIN~1\Debug\libArduinoCore.a(wiring_digital.o)
 .progmem.data.port_to_mode_PGM
                0x00000000        0xa c:\users\tamim\DOCUME~1\ATMELS~1\7.0\TEMPER~1\TEMPER~1\ARDUIN~1\Debug\libArduinoCore.a(wiring_digital.o)
 .debug_info    0x00000000      0x5fe c:\users\tamim\DOCUME~1\ATMELS~1\7.0\TEMPER~1\TEMPER~1\ARDUIN~1\Debug\libArduinoCore.a(wiring_digital.o)
 .debug_abbrev  0x00000000      0x15b c:\users\tamim\DOCUME~1\ATMELS~1\7.0\TEMPER~1\TEMPER~1\ARDUIN~1\Debug\libArduinoCore.a(wiring_digital.o)
 .debug_loc     0x00000000      0x5fc c:\users\tamim\DOCUME~1\ATMELS~1\7.0\TEMPER~1\TEMPER~1\ARDUIN~1\Debug\libArduinoCore.a(wiring_digital.o)
 .debug_aranges
                0x00000000       0x38 c:\users\tamim\DOCUME~1\ATMELS~1\7.0\TEMPER~1\TEMPER~1\ARDUIN~1\Debug\libArduinoCore.a(wiring_digital.o)
 .debug_ranges  0x00000000       0x28 c:\users\tamim\DOCUME~1\ATMELS~1\7.0\TEMPER~1\TEMPER~1\ARDUIN~1\Debug\libArduinoCore.a(wiring_digital.o)
 .debug_line    0x00000000      0x252 c:\users\tamim\DOCUME~1\ATMELS~1\7.0\TEMPER~1\TEMPER~1\ARDUIN~1\Debug\libArduinoCore.a(wiring_digital.o)
 .debug_str     0x00000000      0x2c2 c:\users\tamim\DOCUME~1\ATMELS~1\7.0\TEMPER~1\TEMPER~1\ARDUIN~1\Debug\libArduinoCore.a(wiring_digital.o)
 .comment       0x00000000       0x31 c:\users\tamim\DOCUME~1\ATMELS~1\7.0\TEMPER~1\TEMPER~1\ARDUIN~1\Debug\libArduinoCore.a(wiring_digital.o)
 .debug_frame   0x00000000       0x7c c:\users\tamim\DOCUME~1\ATMELS~1\7.0\TEMPER~1\TEMPER~1\ARDUIN~1\Debug\libArduinoCore.a(wiring_digital.o)
 .text          0x00000000        0x0 c:\users\tamim\DOCUME~1\ATMELS~1\7.0\TEMPER~1\TEMPER~1\ARDUIN~1\Debug\libArduinoCore.a(abi.o)
 .data          0x00000000        0x0 c:\users\tamim\DOCUME~1\ATMELS~1\7.0\TEMPER~1\TEMPER~1\ARDUIN~1\Debug\libArduinoCore.a(abi.o)
 .bss           0x00000000        0x0 c:\users\tamim\DOCUME~1\ATMELS~1\7.0\TEMPER~1\TEMPER~1\ARDUIN~1\Debug\libArduinoCore.a(abi.o)
 .text.__cxa_pure_virtual
                0x00000000        0x4 c:\users\tamim\DOCUME~1\ATMELS~1\7.0\TEMPER~1\TEMPER~1\ARDUIN~1\Debug\libArduinoCore.a(abi.o)
 .text.__cxa_deleted_virtual
                0x00000000        0x4 c:\users\tamim\DOCUME~1\ATMELS~1\7.0\TEMPER~1\TEMPER~1\ARDUIN~1\Debug\libArduinoCore.a(abi.o)
 .debug_info    0x00000000       0x76 c:\users\tamim\DOCUME~1\ATMELS~1\7.0\TEMPER~1\TEMPER~1\ARDUIN~1\Debug\libArduinoCore.a(abi.o)
 .debug_abbrev  0x00000000       0x6d c:\users\tamim\DOCUME~1\ATMELS~1\7.0\TEMPER~1\TEMPER~1\ARDUIN~1\Debug\libArduinoCore.a(abi.o)
 .debug_aranges
                0x00000000       0x20 c:\users\tamim\DOCUME~1\ATMELS~1\7.0\TEMPER~1\TEMPER~1\ARDUIN~1\Debug\libArduinoCore.a(abi.o)
 .debug_ranges  0x00000000       0x10 c:\users\tamim\DOCUME~1\ATMELS~1\7.0\TEMPER~1\TEMPER~1\ARDUIN~1\Debug\libArduinoCore.a(abi.o)
 .debug_line    0x00000000       0xa9 c:\users\tamim\DOCUME~1\ATMELS~1\7.0\TEMPER~1\TEMPER~1\ARDUIN~1\Debug\libArduinoCore.a(abi.o)
 .debug_str     0x00000000      0x1b1 c:\users\tamim\DOCUME~1\ATMELS~1\7.0\TEMPER~1\TEMPER~1\ARDUIN~1\Debug\libArduinoCore.a(abi.o)
 .comment       0x00000000       0x31 c:\users\tamim\DOCUME~1\ATMELS~1\7.0\TEMPER~1\TEMPER~1\ARDUIN~1\Debug\libArduinoCore.a(abi.o)
 .debug_frame   0x00000000       0x34 c:\users\tamim\DOCUME~1\ATMELS~1\7.0\TEMPER~1\TEMPER~1\ARDUIN~1\Debug\libArduinoCore.a(abi.o)
 .text          0x00000000        0x0 c:\users\tamim\DOCUME~1\ATMELS~1\7.0\TEMPER~1\TEMPER~1\ARDUIN~1\Debug\libArduinoCore.a(hooks.o)
 .data          0x00000000        0x0 c:\users\tamim\DOCUME~1\ATMELS~1\7.0\TEMPER~1\TEMPER~1\ARDUIN~1\Debug\libArduinoCore.a(hooks.o)
 .bss           0x00000000        0x0 c:\users\tamim\DOCUME~1\ATMELS~1\7.0\TEMPER~1\TEMPER~1\ARDUIN~1\Debug\libArduinoCore.a(hooks.o)
 .text          0x00000000        0x0 c:/program files (x86)/atmel/studio/7.0/toolchain/avr8/avr8-gnu-toolchain/bin/../lib/gcc/avr/5.4.0/../../../../avr/lib/avr5\libm.a(addsf3.o)
 .data          0x00000000        0x0 c:/program files (x86)/atmel/studio/7.0/toolchain/avr8/avr8-gnu-toolchain/bin/../lib/gcc/avr/5.4.0/../../../../avr/lib/avr5\libm.a(addsf3.o)
 .bss           0x00000000        0x0 c:/program files (x86)/atmel/studio/7.0/toolchain/avr8/avr8-gnu-toolchain/bin/../lib/gcc/avr/5.4.0/../../../../avr/lib/avr5\libm.a(addsf3.o)
 .text          0x00000000        0x0 c:/program files (x86)/atmel/studio/7.0/toolchain/avr8/avr8-gnu-toolchain/bin/../lib/gcc/avr/5.4.0/../../../../avr/lib/avr5\libm.a(addsf3x.o)
 .data          0x00000000        0x0 c:/program files (x86)/atmel/studio/7.0/toolchain/avr8/avr8-gnu-toolchain/bin/../lib/gcc/avr/5.4.0/../../../../avr/lib/avr5\libm.a(addsf3x.o)
 .bss           0x00000000        0x0 c:/program files (x86)/atmel/studio/7.0/toolchain/avr8/avr8-gnu-toolchain/bin/../lib/gcc/avr/5.4.0/../../../../avr/lib/avr5\libm.a(addsf3x.o)
 .text          0x00000000        0x0 c:/program files (x86)/atmel/studio/7.0/toolchain/avr8/avr8-gnu-toolchain/bin/../lib/gcc/avr/5.4.0/../../../../avr/lib/avr5\libm.a(cmpsf2.o)
 .data          0x00000000        0x0 c:/program files (x86)/atmel/studio/7.0/toolchain/avr8/avr8-gnu-toolchain/bin/../lib/gcc/avr/5.4.0/../../../../avr/lib/avr5\libm.a(cmpsf2.o)
 .bss           0x00000000        0x0 c:/program files (x86)/atmel/studio/7.0/toolchain/avr8/avr8-gnu-toolchain/bin/../lib/gcc/avr/5.4.0/../../../../avr/lib/avr5\libm.a(cmpsf2.o)
 .text          0x00000000        0x0 c:/program files (x86)/atmel/studio/7.0/toolchain/avr8/avr8-gnu-toolchain/bin/../lib/gcc/avr/5.4.0/../../../../avr/lib/avr5\libm.a(divsf3.o)
 .data          0x00000000        0x0 c:/program files (x86)/atmel/studio/7.0/toolchain/avr8/avr8-gnu-toolchain/bin/../lib/gcc/avr/5.4.0/../../../../avr/lib/avr5\libm.a(divsf3.o)
 .bss           0x00000000        0x0 c:/program files (x86)/atmel/studio/7.0/toolchain/avr8/avr8-gnu-toolchain/bin/../lib/gcc/avr/5.4.0/../../../../avr/lib/avr5\libm.a(divsf3.o)
 .text          0x00000000        0x0 c:/program files (x86)/atmel/studio/7.0/toolchain/avr8/avr8-gnu-toolchain/bin/../lib/gcc/avr/5.4.0/../../../../avr/lib/avr5\libm.a(divsf3x.o)
 .data          0x00000000        0x0 c:/program files (x86)/atmel/studio/7.0/toolchain/avr8/avr8-gnu-toolchain/bin/../lib/gcc/avr/5.4.0/../../../../avr/lib/avr5\libm.a(divsf3x.o)
 .bss           0x00000000        0x0 c:/program files (x86)/atmel/studio/7.0/toolchain/avr8/avr8-gnu-toolchain/bin/../lib/gcc/avr/5.4.0/../../../../avr/lib/avr5\libm.a(divsf3x.o)
 .text          0x00000000        0x0 c:/program files (x86)/atmel/studio/7.0/toolchain/avr8/avr8-gnu-toolchain/bin/../lib/gcc/avr/5.4.0/../../../../avr/lib/avr5\libm.a(fixunssfsi.o)
 .data          0x00000000        0x0 c:/program files (x86)/atmel/studio/7.0/toolchain/avr8/avr8-gnu-toolchain/bin/../lib/gcc/avr/5.4.0/../../../../avr/lib/avr5\libm.a(fixunssfsi.o)
 .bss           0x00000000        0x0 c:/program files (x86)/atmel/studio/7.0/toolchain/avr8/avr8-gnu-toolchain/bin/../lib/gcc/avr/5.4.0/../../../../avr/lib/avr5\libm.a(fixunssfsi.o)
 .text          0x00000000        0x0 c:/program files (x86)/atmel/studio/7.0/toolchain/avr8/avr8-gnu-toolchain/bin/../lib/gcc/avr/5.4.0/../../../../avr/lib/avr5\libm.a(fp_cmp.o)
 .data          0x00000000        0x0 c:/program files (x86)/atmel/studio/7.0/toolchain/avr8/avr8-gnu-toolchain/bin/../lib/gcc/avr/5.4.0/../../../../avr/lib/avr5\libm.a(fp_cmp.o)
 .bss           0x00000000        0x0 c:/program files (x86)/atmel/studio/7.0/toolchain/avr8/avr8-gnu-toolchain/bin/../lib/gcc/avr/5.4.0/../../../../avr/lib/avr5\libm.a(fp_cmp.o)
 .text          0x00000000        0x0 c:/program files (x86)/atmel/studio/7.0/toolchain/avr8/avr8-gnu-toolchain/bin/../lib/gcc/avr/5.4.0/../../../../avr/lib/avr5\libm.a(gesf2.o)
 .data          0x00000000        0x0 c:/program files (x86)/atmel/studio/7.0/toolchain/avr8/avr8-gnu-toolchain/bin/../lib/gcc/avr/5.4.0/../../../../avr/lib/avr5\libm.a(gesf2.o)
 .bss           0x00000000        0x0 c:/program files (x86)/atmel/studio/7.0/toolchain/avr8/avr8-gnu-toolchain/bin/../lib/gcc/avr/5.4.0/../../../../avr/lib/avr5\libm.a(gesf2.o)
 .text          0x00000000        0x0 c:/program files (x86)/atmel/studio/7.0/toolchain/avr8/avr8-gnu-toolchain/bin/../lib/gcc/avr/5.4.0/../../../../avr/lib/avr5\libm.a(unordsf2.o)
 .data          0x00000000        0x0 c:/program files (x86)/atmel/studio/7.0/toolchain/avr8/avr8-gnu-toolchain/bin/../lib/gcc/avr/5.4.0/../../../../avr/lib/avr5\libm.a(unordsf2.o)
 .bss           0x00000000        0x0 c:/program files (x86)/atmel/studio/7.0/toolchain/avr8/avr8-gnu-toolchain/bin/../lib/gcc/avr/5.4.0/../../../../avr/lib/avr5\libm.a(unordsf2.o)
 .text          0x00000000        0x0 c:/program files (x86)/atmel/studio/7.0/toolchain/avr8/avr8-gnu-toolchain/bin/../lib/gcc/avr/5.4.0/avr5\libgcc.a(_udivmodsi4.o)
 .data          0x00000000        0x0 c:/program files (x86)/atmel/studio/7.0/toolchain/avr8/avr8-gnu-toolchain/bin/../lib/gcc/avr/5.4.0/avr5\libgcc.a(_udivmodsi4.o)
 .bss           0x00000000        0x0 c:/program files (x86)/atmel/studio/7.0/toolchain/avr8/avr8-gnu-toolchain/bin/../lib/gcc/avr/5.4.0/avr5\libgcc.a(_udivmodsi4.o)
 .text.libgcc.mul
                0x00000000        0x0 c:/program files (x86)/atmel/studio/7.0/toolchain/avr8/avr8-gnu-toolchain/bin/../lib/gcc/avr/5.4.0/avr5\libgcc.a(_udivmodsi4.o)
 .text.libgcc   0x00000000        0x0 c:/program files (x86)/atmel/studio/7.0/toolchain/avr8/avr8-gnu-toolchain/bin/../lib/gcc/avr/5.4.0/avr5\libgcc.a(_udivmodsi4.o)
 .text.libgcc.prologue
                0x00000000        0x0 c:/program files (x86)/atmel/studio/7.0/toolchain/avr8/avr8-gnu-toolchain/bin/../lib/gcc/avr/5.4.0/avr5\libgcc.a(_udivmodsi4.o)
 .text.libgcc.builtins
                0x00000000        0x0 c:/program files (x86)/atmel/studio/7.0/toolchain/avr8/avr8-gnu-toolchain/bin/../lib/gcc/avr/5.4.0/avr5\libgcc.a(_udivmodsi4.o)
 .text.libgcc.fmul
                0x00000000        0x0 c:/program files (x86)/atmel/studio/7.0/toolchain/avr8/avr8-gnu-toolchain/bin/../lib/gcc/avr/5.4.0/avr5\libgcc.a(_udivmodsi4.o)
 .text.libgcc.fixed
                0x00000000        0x0 c:/program files (x86)/atmel/studio/7.0/toolchain/avr8/avr8-gnu-toolchain/bin/../lib/gcc/avr/5.4.0/avr5\libgcc.a(_udivmodsi4.o)
 .text          0x00000000        0x0 c:/program files (x86)/atmel/studio/7.0/toolchain/avr8/avr8-gnu-toolchain/bin/../lib/gcc/avr/5.4.0/avr5\libgcc.a(_exit.o)
 .data          0x00000000        0x0 c:/program files (x86)/atmel/studio/7.0/toolchain/avr8/avr8-gnu-toolchain/bin/../lib/gcc/avr/5.4.0/avr5\libgcc.a(_exit.o)
 .bss           0x00000000        0x0 c:/program files (x86)/atmel/studio/7.0/toolchain/avr8/avr8-gnu-toolchain/bin/../lib/gcc/avr/5.4.0/avr5\libgcc.a(_exit.o)
 .text.libgcc.mul
                0x00000000        0x0 c:/program files (x86)/atmel/studio/7.0/toolchain/avr8/avr8-gnu-toolchain/bin/../lib/gcc/avr/5.4.0/avr5\libgcc.a(_exit.o)
 .text.libgcc.div
                0x00000000        0x0 c:/program files (x86)/atmel/studio/7.0/toolchain/avr8/avr8-gnu-toolchain/bin/../lib/gcc/avr/5.4.0/avr5\libgcc.a(_exit.o)
 .text.libgcc   0x00000000        0x0 c:/program files (x86)/atmel/studio/7.0/toolchain/avr8/avr8-gnu-toolchain/bin/../lib/gcc/avr/5.4.0/avr5\libgcc.a(_exit.o)
 .text.libgcc.prologue
                0x00000000        0x0 c:/program files (x86)/atmel/studio/7.0/toolchain/avr8/avr8-gnu-toolchain/bin/../lib/gcc/avr/5.4.0/avr5\libgcc.a(_exit.o)
 .text.libgcc.builtins
                0x00000000        0x0 c:/program files (x86)/atmel/studio/7.0/toolchain/avr8/avr8-gnu-toolchain/bin/../lib/gcc/avr/5.4.0/avr5\libgcc.a(_exit.o)
 .text.libgcc.fmul
                0x00000000        0x0 c:/program files (x86)/atmel/studio/7.0/toolchain/avr8/avr8-gnu-toolchain/bin/../lib/gcc/avr/5.4.0/avr5\libgcc.a(_exit.o)
 .text.libgcc.fixed
                0x00000000        0x0 c:/program files (x86)/atmel/studio/7.0/toolchain/avr8/avr8-gnu-toolchain/bin/../lib/gcc/avr/5.4.0/avr5\libgcc.a(_exit.o)
 .text          0x00000000        0x0 c:/program files (x86)/atmel/studio/7.0/toolchain/avr8/avr8-gnu-toolchain/bin/../lib/gcc/avr/5.4.0/avr5\libgcc.a(_copy_data.o)
 .data          0x00000000        0x0 c:/program files (x86)/atmel/studio/7.0/toolchain/avr8/avr8-gnu-toolchain/bin/../lib/gcc/avr/5.4.0/avr5\libgcc.a(_copy_data.o)
 .bss           0x00000000        0x0 c:/program files (x86)/atmel/studio/7.0/toolchain/avr8/avr8-gnu-toolchain/bin/../lib/gcc/avr/5.4.0/avr5\libgcc.a(_copy_data.o)
 .text.libgcc.mul
                0x00000000        0x0 c:/program files (x86)/atmel/studio/7.0/toolchain/avr8/avr8-gnu-toolchain/bin/../lib/gcc/avr/5.4.0/avr5\libgcc.a(_copy_data.o)
 .text.libgcc.div
                0x00000000        0x0 c:/program files (x86)/atmel/studio/7.0/toolchain/avr8/avr8-gnu-toolchain/bin/../lib/gcc/avr/5.4.0/avr5\libgcc.a(_copy_data.o)
 .text.libgcc   0x00000000        0x0 c:/program files (x86)/atmel/studio/7.0/toolchain/avr8/avr8-gnu-toolchain/bin/../lib/gcc/avr/5.4.0/avr5\libgcc.a(_copy_data.o)
 .text.libgcc.prologue
                0x00000000        0x0 c:/program files (x86)/atmel/studio/7.0/toolchain/avr8/avr8-gnu-toolchain/bin/../lib/gcc/avr/5.4.0/avr5\libgcc.a(_copy_data.o)
 .text.libgcc.builtins
                0x00000000        0x0 c:/program files (x86)/atmel/studio/7.0/toolchain/avr8/avr8-gnu-toolchain/bin/../lib/gcc/avr/5.4.0/avr5\libgcc.a(_copy_data.o)
 .text.libgcc.fmul
                0x00000000        0x0 c:/program files (x86)/atmel/studio/7.0/toolchain/avr8/avr8-gnu-toolchain/bin/../lib/gcc/avr/5.4.0/avr5\libgcc.a(_copy_data.o)
 .text.libgcc.fixed
                0x00000000        0x0 c:/program files (x86)/atmel/studio/7.0/toolchain/avr8/avr8-gnu-toolchain/bin/../lib/gcc/avr/5.4.0/avr5\libgcc.a(_copy_data.o)
 .text          0x00000000        0x0 c:/program files (x86)/atmel/studio/7.0/toolchain/avr8/avr8-gnu-toolchain/bin/../lib/gcc/avr/5.4.0/avr5\libgcc.a(_clear_bss.o)
 .data          0x00000000        0x0 c:/program files (x86)/atmel/studio/7.0/toolchain/avr8/avr8-gnu-toolchain/bin/../lib/gcc/avr/5.4.0/avr5\libgcc.a(_clear_bss.o)
 .bss           0x00000000        0x0 c:/program files (x86)/atmel/studio/7.0/toolchain/avr8/avr8-gnu-toolchain/bin/../lib/gcc/avr/5.4.0/avr5\libgcc.a(_clear_bss.o)
 .text.libgcc.mul
                0x00000000        0x0 c:/program files (x86)/atmel/studio/7.0/toolchain/avr8/avr8-gnu-toolchain/bin/../lib/gcc/avr/5.4.0/avr5\libgcc.a(_clear_bss.o)
 .text.libgcc.div
                0x00000000        0x0 c:/program files (x86)/atmel/studio/7.0/toolchain/avr8/avr8-gnu-toolchain/bin/../lib/gcc/avr/5.4.0/avr5\libgcc.a(_clear_bss.o)
 .text.libgcc   0x00000000        0x0 c:/program files (x86)/atmel/studio/7.0/toolchain/avr8/avr8-gnu-toolchain/bin/../lib/gcc/avr/5.4.0/avr5\libgcc.a(_clear_bss.o)
 .text.libgcc.prologue
                0x00000000        0x0 c:/program files (x86)/atmel/studio/7.0/toolchain/avr8/avr8-gnu-toolchain/bin/../lib/gcc/avr/5.4.0/avr5\libgcc.a(_clear_bss.o)
 .text.libgcc.builtins
                0x00000000        0x0 c:/program files (x86)/atmel/studio/7.0/toolchain/avr8/avr8-gnu-toolchain/bin/../lib/gcc/avr/5.4.0/avr5\libgcc.a(_clear_bss.o)
 .text.libgcc.fmul
                0x00000000        0x0 c:/program files (x86)/atmel/studio/7.0/toolchain/avr8/avr8-gnu-toolchain/bin/../lib/gcc/avr/5.4.0/avr5\libgcc.a(_clear_bss.o)
 .text.libgcc.fixed
                0x00000000        0x0 c:/program files (x86)/atmel/studio/7.0/toolchain/avr8/avr8-gnu-toolchain/bin/../lib/gcc/avr/5.4.0/avr5\libgcc.a(_clear_bss.o)
 .text          0x00000000        0x0 c:/program files (x86)/atmel/studio/7.0/toolchain/avr8/avr8-gnu-toolchain/bin/../lib/gcc/avr/5.4.0/avr5\libgcc.a(_ctors.o)
 .data          0x00000000        0x0 c:/program files (x86)/atmel/studio/7.0/toolchain/avr8/avr8-gnu-toolchain/bin/../lib/gcc/avr/5.4.0/avr5\libgcc.a(_ctors.o)
 .bss           0x00000000        0x0 c:/program files (x86)/atmel/studio/7.0/toolchain/avr8/avr8-gnu-toolchain/bin/../lib/gcc/avr/5.4.0/avr5\libgcc.a(_ctors.o)
 .text.libgcc.mul
                0x00000000        0x0 c:/program files (x86)/atmel/studio/7.0/toolchain/avr8/avr8-gnu-toolchain/bin/../lib/gcc/avr/5.4.0/avr5\libgcc.a(_ctors.o)
 .text.libgcc.div
                0x00000000        0x0 c:/program files (x86)/atmel/studio/7.0/toolchain/avr8/avr8-gnu-toolchain/bin/../lib/gcc/avr/5.4.0/avr5\libgcc.a(_ctors.o)
 .text.libgcc   0x00000000        0x0 c:/program files (x86)/atmel/studio/7.0/toolchain/avr8/avr8-gnu-toolchain/bin/../lib/gcc/avr/5.4.0/avr5\libgcc.a(_ctors.o)
 .text.libgcc.prologue
                0x00000000        0x0 c:/program files (x86)/atmel/studio/7.0/toolchain/avr8/avr8-gnu-toolchain/bin/../lib/gcc/avr/5.4.0/avr5\libgcc.a(_ctors.o)
 .text.libgcc.builtins
                0x00000000        0x0 c:/program files (x86)/atmel/studio/7.0/toolchain/avr8/avr8-gnu-toolchain/bin/../lib/gcc/avr/5.4.0/avr5\libgcc.a(_ctors.o)
 .text.libgcc.fmul
                0x00000000        0x0 c:/program files (x86)/atmel/studio/7.0/toolchain/avr8/avr8-gnu-toolchain/bin/../lib/gcc/avr/5.4.0/avr5\libgcc.a(_ctors.o)
 .text.libgcc.fixed
                0x00000000        0x0 c:/program files (x86)/atmel/studio/7.0/toolchain/avr8/avr8-gnu-toolchain/bin/../lib/gcc/avr/5.4.0/avr5\libgcc.a(_ctors.o)
 .text          0x00000000        0x0 c:/program files (x86)/atmel/studio/7.0/toolchain/avr8/avr8-gnu-toolchain/bin/../lib/gcc/avr/5.4.0/avr5\libgcc.a(_tablejump2.o)
 .data          0x00000000        0x0 c:/program files (x86)/atmel/studio/7.0/toolchain/avr8/avr8-gnu-toolchain/bin/../lib/gcc/avr/5.4.0/avr5\libgcc.a(_tablejump2.o)
 .bss           0x00000000        0x0 c:/program files (x86)/atmel/studio/7.0/toolchain/avr8/avr8-gnu-toolchain/bin/../lib/gcc/avr/5.4.0/avr5\libgcc.a(_tablejump2.o)
 .text.libgcc.mul
                0x00000000        0x0 c:/program files (x86)/atmel/studio/7.0/toolchain/avr8/avr8-gnu-toolchain/bin/../lib/gcc/avr/5.4.0/avr5\libgcc.a(_tablejump2.o)
 .text.libgcc.div
                0x00000000        0x0 c:/program files (x86)/atmel/studio/7.0/toolchain/avr8/avr8-gnu-toolchain/bin/../lib/gcc/avr/5.4.0/avr5\libgcc.a(_tablejump2.o)
 .text.libgcc.prologue
                0x00000000        0x0 c:/program files (x86)/atmel/studio/7.0/toolchain/avr8/avr8-gnu-toolchain/bin/../lib/gcc/avr/5.4.0/avr5\libgcc.a(_tablejump2.o)
 .text.libgcc.builtins
                0x00000000        0x0 c:/program files (x86)/atmel/studio/7.0/toolchain/avr8/avr8-gnu-toolchain/bin/../lib/gcc/avr/5.4.0/avr5\libgcc.a(_tablejump2.o)
 .text.libgcc.fmul
                0x00000000        0x0 c:/program files (x86)/atmel/studio/7.0/toolchain/avr8/avr8-gnu-toolchain/bin/../lib/gcc/avr/5.4.0/avr5\libgcc.a(_tablejump2.o)
 .text.libgcc.fixed
                0x00000000        0x0 c:/program files (x86)/atmel/studio/7.0/toolchain/avr8/avr8-gnu-toolchain/bin/../lib/gcc/avr/5.4.0/avr5\libgcc.a(_tablejump2.o)
 .text          0x00000000        0x0 c:/program files (x86)/atmel/studio/7.0/toolchain/avr8/avr8-gnu-toolchain/bin/../lib/gcc/avr/5.4.0/../../../../avr/lib/avr5\libc.a(abort.o)
 .data          0x00000000        0x0 c:/program files (x86)/atmel/studio/7.0/toolchain/avr8/avr8-gnu-toolchain/bin/../lib/gcc/avr/5.4.0/../../../../avr/lib/avr5\libc.a(abort.o)
 .bss           0x00000000        0x0 c:/program files (x86)/atmel/studio/7.0/toolchain/avr8/avr8-gnu-toolchain/bin/../lib/gcc/avr/5.4.0/../../../../avr/lib/avr5\libc.a(abort.o)
 .text.avr-libc
                0x00000000        0xa c:/program files (x86)/atmel/studio/7.0/toolchain/avr8/avr8-gnu-toolchain/bin/../lib/gcc/avr/5.4.0/../../../../avr/lib/avr5\libc.a(abort.o)

Memory Configuration

Name             Origin             Length             Attributes
text             0x00000000         0x00020000         xr
data             0x00800060         0x0000ffa0         rw !x
eeprom           0x00810000         0x00010000         rw !x
fuse             0x00820000         0x00000003         rw !x
lock             0x00830000         0x00000400         rw !x
signature        0x00840000         0x00000400         rw !x
user_signatures  0x00850000         0x00000400         rw !x
*default*        0x00000000         0xffffffff

Linker script and memory map

Address of section .data set to 0x800100
LOAD C:/Program Files (x86)/Atmel/Studio/7.0/Packs/atmel/ATmega_DFP/1.2.132/gcc/dev/atmega328p/avr5/crtatmega328p.o
LOAD Sketch.o
START GROUP
LOAD c:/program files (x86)/atmel/studio/7.0/toolchain/avr8/avr8-gnu-toolchain/bin/../lib/gcc/avr/5.4.0/../../../../avr/lib/avr5\libm.a
LOAD c:\users\tamim\DOCUME~1\ATMELS~1\7.0\TEMPER~1\TEMPER~1\ARDUIN~1\Debug\libArduinoCore.a
END GROUP
LOAD c:/program files (x86)/atmel/studio/7.0/toolchain/avr8/avr8-gnu-toolchain/bin/../lib/gcc/avr/5.4.0/avr5\libgcc.a
LOAD c:/program files (x86)/atmel/studio/7.0/toolchain/avr8/avr8-gnu-toolchain/bin/../lib/gcc/avr/5.4.0/../../../../avr/lib/avr5\libm.a
START GROUP
LOAD c:/program files (x86)/atmel/studio/7.0/toolchain/avr8/avr8-gnu-toolchain/bin/../lib/gcc/avr/5.4.0/avr5\libgcc.a
LOAD c:/program files (x86)/atmel/studio/7.0/toolchain/avr8/avr8-gnu-toolchain/bin/../lib/gcc/avr/5.4.0/../../../../avr/lib/avr5\libm.a
LOAD c:/program files (x86)/atmel/studio/7.0/toolchain/avr8/avr8-gnu-toolchain/bin/../lib/gcc/avr/5.4.0/../../../../avr/lib/avr5\libc.a
LOAD C:/Program Files (x86)/Atmel/Studio/7.0/Packs/atmel/ATmega_DFP/1.2.132/gcc/dev/atmega328p/avr5\libatmega328p.a
END GROUP
                0x00020000                __TEXT_REGION_LENGTH__ = DEFINED (__TEXT_REGION_LENGTH__)?__TEXT_REGION_LENGTH__:0x20000
                0x0000ffa0                __DATA_REGION_LENGTH__ = DEFINED (__DATA_REGION_LENGTH__)?__DATA_REGION_LENGTH__:0xffa0
                0x00010000                __EEPROM_REGION_LENGTH__ = DEFINED (__EEPROM_REGION_LENGTH__)?__EEPROM_REGION_LENGTH__:0x10000
                [0x00000003]                __FUSE_REGION_LENGTH__ = DEFINED (__FUSE_REGION_LENGTH__)?__FUSE_REGION_LENGTH__:0x400
                0x00000400                __LOCK_REGION_LENGTH__ = DEFINED (__LOCK_REGION_LENGTH__)?__LOCK_REGION_LENGTH__:0x400
                0x00000400                __SIGNATURE_REGION_LENGTH__ = DEFINED (__SIGNATURE_REGION_LENGTH__)?__SIGNATURE_REGION_LENGTH__:0x400
                0x00000400                __USER_SIGNATURE_REGION_LENGTH__ = DEFINED (__USER_SIGNATURE_REGION_LENGTH__)?__USER_SIGNATURE_REGION_LENGTH__:0x400

.hash
 *(.hash)

.dynsym
 *(.dynsym)

.dynstr
 *(.dynstr)

.gnu.version
 *(.gnu.version)

.gnu.version_d
 *(.gnu.version_d)

.gnu.version_r
 *(.gnu.version_r)

.rel.init
 *(.rel.init)

.rela.init
 *(.rela.init)

.rel.text
 *(.rel.text)
 *(.rel.text.*)
 *(.rel.gnu.linkonce.t*)

.rela.text
 *(.rela.text)
 *(.rela.text.*)
 *(.rela.gnu.linkonce.t*)

.rel.fini
 *(.rel.fini)

.rela.fini
 *(.rela.fini)

.rel.rodata
 *(.rel.rodata)
 *(.rel.rodata.*)
 *(.rel.gnu.linkonce.r*)

.rela.rodata
 *(.rela.rodata)
 *(.rela.rodata.*)
 *(.rela.gnu.linkonce.r*)

.rel.data
 *(.rel.data)
 *(.rel.data.*)
 *(.rel.gnu.linkonce.d*)

.rela.data
 *(.rela.data)
 *(.rela.data.*)
 *(.rela.gnu.linkonce.d*)

.rel.ctors
 *(.rel.ctors)

.rela.ctors
 *(.rela.ctors)

.rel.dtors
 *(.rel.dtors)

.rela.dtors
 *(.rela.dtors)

.rel.got
 *(.rel.got)

.rela.got
 *(.rela.got)

.rel.bss
 *(.rel.bss)

.rela.bss
 *(.rela.bss)

.rel.plt
 *(.rel.plt)

.rela.plt
 *(.rela.plt)

.text           0x00000000      0xed8
 *(.vectors)
 .vectors       0x00000000       0x68 C:/Program Files (x86)/Atmel/Studio/7.0/Packs/atmel/ATmega_DFP/1.2.132/gcc/dev/atmega328p/avr5/crtatmega328p.o
                0x00000000                __vector_default
                0x00000000                __vectors
 *(.vectors)
 *(.progmem.gcc*)
                0x00000068                . = ALIGN (0x2)
                0x00000068                __trampolines_start = .
 *(.trampolines)
 .trampolines   0x00000068        0x0 linker stubs
 *(.trampolines*)
                0x00000068                __trampolines_end = .
 *libprintf_flt.a:*(.progmem.data)
 *libc.a:*(.progmem.data)
 *(.progmem*)
                0x00000068                . = ALIGN (0x2)
 *(.jumptables)
 *(.jumptables*)
 *(.lowtext)
 *(.lowtext*)
                0x00000068                __ctors_start = .
 *(.ctors)
 .ctors         0x00000068        0x2 c:\users\tamim\DOCUME~1\ATMELS~1\7.0\TEMPER~1\TEMPER~1\ARDUIN~1\Debug\libArduinoCore.a(HardwareSerial0.o)
                0x0000006a                __ctors_end = .
                0x0000006a                __dtors_start = .
 *(.dtors)
                0x0000006a                __dtors_end = .
 SORT(*)(.ctors)
 SORT(*)(.dtors)
 *(.init0)
 .init0         0x0000006a        0x0 C:/Program Files (x86)/Atmel/Studio/7.0/Packs/atmel/ATmega_DFP/1.2.132/gcc/dev/atmega328p/avr5/crtatmega328p.o
                0x0000006a                __init
 *(.init0)
 *(.init1)
 *(.init1)
 *(.init2)
 .init2         0x0000006a        0xc C:/Program Files (x86)/Atmel/Studio/7.0/Packs/atmel/ATmega_DFP/1.2.132/gcc/dev/atmega328p/avr5/crtatmega328p.o
 *(.init2)
 *(.init3)
 *(.init3)
 *(.init4)
 .init4         0x00000076       0x16 c:/program files (x86)/atmel/studio/7.0/toolchain/avr8/avr8-gnu-toolchain/bin/../lib/gcc/avr/5.4.0/avr5\libgcc.a(_copy_data.o)
                0x00000076                __do_copy_data
 .init4         0x0000008c       0x10 c:/program files (x86)/atmel/studio/7.0/toolchain/avr8/avr8-gnu-toolchain/bin/../lib/gcc/avr/5.4.0/avr5\libgcc.a(_clear_bss.o)
                0x0000008c                __do_clear_bss
 *(.init4)
 *(.init5)
 *(.init5)
 *(.init6)
 .init6         0x0000009c       0x16 c:/program files (x86)/atmel/studio/7.0/toolchain/avr8/avr8-gnu-toolchain/bin/../lib/gcc/avr/5.4.0/avr5\libgcc.a(_ctors.o)
                0x0000009c                __do_global_ctors
 *(.init6)
 *(.init7)
 *(.init7)
 *(.init8)
 *(.init8)
 *(.init9)
 .init9         0x000000b2        0x8 C:/Program Files (x86)/Atmel/Studio/7.0/Packs/atmel/ATmega_DFP/1.2.132/gcc/dev/atmega328p/avr5/crtatmega328p.o
 *(.init9)
 *(.text)
 .text          0x000000ba        0x4 C:/Program Files (x86)/Atmel/Studio/7.0/Packs/atmel/ATmega_DFP/1.2.132/gcc/dev/atmega328p/avr5/crtatmega328p.o
                0x000000ba                __vector_22
                0x000000ba                __vector_1
                0x000000ba                __vector_24
                0x000000ba                __vector_12
                0x000000ba                __bad_interrupt
                0x000000ba                __vector_6
                0x000000ba                __vector_3
                0x000000ba                __vector_23
                0x000000ba                __vector_25
                0x000000ba                __vector_11
                0x000000ba                __vector_13
                0x000000ba                __vector_17
                0x000000ba                __vector_7
                0x000000ba                __vector_5
                0x000000ba                __vector_4
                0x000000ba                __vector_9
                0x000000ba                __vector_2
                0x000000ba                __vector_21
                0x000000ba                __vector_15
                0x000000ba                __vector_8
                0x000000ba                __vector_14
                0x000000ba                __vector_10
                0x000000ba                __vector_20
                0x000000be                . = ALIGN (0x2)
 *(.text.*)
 .text.setup    0x000000be       0x12 Sketch.o
                0x000000be                setup
 .text.loop     0x000000d0       0x78 Sketch.o
                0x000000d0                loop
 .text.avr-libc.fplib
                0x00000148       0x7a c:/program files (x86)/atmel/studio/7.0/toolchain/avr8/avr8-gnu-toolchain/bin/../lib/gcc/avr/5.4.0/../../../../avr/lib/avr5\libm.a(floatsisf.o)
                0x00000148                __floatunsisf
                0x0000014c                __floatsisf
 .text.avr-libc.fplib
                0x000001c2        0x8 c:/program files (x86)/atmel/studio/7.0/toolchain/avr8/avr8-gnu-toolchain/bin/../lib/gcc/avr/5.4.0/../../../../avr/lib/avr5\libm.a(mulsf3.o)
                0x000001c2                __mulsf3
 .text.avr-libc.fplib
                0x000001ca       0xd2 c:/program files (x86)/atmel/studio/7.0/toolchain/avr8/avr8-gnu-toolchain/bin/../lib/gcc/avr/5.4.0/../../../../avr/lib/avr5\libm.a(mulsf3x.o)
                0x000001e8                __mulsf3x
                0x000001ee                __mulsf3_pse
 .text.avr-libc.fplib
                0x0000029c        0xc c:/program files (x86)/atmel/studio/7.0/toolchain/avr8/avr8-gnu-toolchain/bin/../lib/gcc/avr/5.4.0/../../../../avr/lib/avr5\libm.a(fp_inf.o)
                0x0000029c                __fp_inf
 .text.avr-libc.fplib
                0x000002a8        0x6 c:/program files (x86)/atmel/studio/7.0/toolchain/avr8/avr8-gnu-toolchain/bin/../lib/gcc/avr/5.4.0/../../../../avr/lib/avr5\libm.a(fp_nan.o)
                0x000002a8                __fp_nan
 .text.avr-libc.fplib
                0x000002ae        0xe c:/program files (x86)/atmel/studio/7.0/toolchain/avr8/avr8-gnu-toolchain/bin/../lib/gcc/avr/5.4.0/../../../../avr/lib/avr5\libm.a(fp_pscA.o)
                0x000002ae                __fp_pscA
 .text.avr-libc.fplib
                0x000002bc        0xe c:/program files (x86)/atmel/studio/7.0/toolchain/avr8/avr8-gnu-toolchain/bin/../lib/gcc/avr/5.4.0/../../../../avr/lib/avr5\libm.a(fp_pscB.o)
                0x000002bc                __fp_pscB
 .text.avr-libc.fplib
                0x000002ca       0x22 c:/program files (x86)/atmel/studio/7.0/toolchain/avr8/avr8-gnu-toolchain/bin/../lib/gcc/avr/5.4.0/../../../../avr/lib/avr5\libm.a(fp_round.o)
                0x000002ca                __fp_round
 .text.avr-libc.fplib
                0x000002ec       0x44 c:/program files (x86)/atmel/studio/7.0/toolchain/avr8/avr8-gnu-toolchain/bin/../lib/gcc/avr/5.4.0/../../../../avr/lib/avr5\libm.a(fp_split3.o)
                0x000002ec                __fp_split3
                0x000002fc                __fp_splitA
 .text.avr-libc.fplib
                0x00000330        0xe c:/program files (x86)/atmel/studio/7.0/toolchain/avr8/avr8-gnu-toolchain/bin/../lib/gcc/avr/5.4.0/../../../../avr/lib/avr5\libm.a(fp_zero.o)
                0x00000330                __fp_zero
                0x00000332                __fp_szero
 .text._ZN14HardwareSerial9availableEv
                0x0000033e       0x18 c:\users\tamim\DOCUME~1\ATMELS~1\7.0\TEMPER~1\TEMPER~1\ARDUIN~1\Debug\libArduinoCore.a(HardwareSerial.o)
                0x0000033e                _ZN14HardwareSerial9availableEv
 .text._ZN14HardwareSerial4peekEv
                0x00000356       0x1c c:\users\tamim\DOCUME~1\ATMELS~1\7.0\TEMPER~1\TEMPER~1\ARDUIN~1\Debug\libArduinoCore.a(HardwareSerial.o)
                0x00000356                _ZN14HardwareSerial4peekEv
 .text._ZN14HardwareSerial4readEv
                0x00000372       0x28 c:\users\tamim\DOCUME~1\ATMELS~1\7.0\TEMPER~1\TEMPER~1\ARDUIN~1\Debug\libArduinoCore.a(HardwareSerial.o)
                0x00000372                _ZN14HardwareSerial4readEv
 .text._ZN14HardwareSerial17availableForWriteEv
                0x0000039a       0x1e c:\users\tamim\DOCUME~1\ATMELS~1\7.0\TEMPER~1\TEMPER~1\ARDUIN~1\Debug\libArduinoCore.a(HardwareSerial.o)
                0x0000039a                _ZN14HardwareSerial17availableForWriteEv
 .text._Z14serialEventRunv
                0x000003b8       0x1c c:\users\tamim\DOCUME~1\ATMELS~1\7.0\TEMPER~1\TEMPER~1\ARDUIN~1\Debug\libArduinoCore.a(HardwareSerial.o)
                0x000003b8                _Z14serialEventRunv
 .text._ZN14HardwareSerial17_tx_udr_empty_irqEv
                0x000003d4       0x42 c:\users\tamim\DOCUME~1\ATMELS~1\7.0\TEMPER~1\TEMPER~1\ARDUIN~1\Debug\libArduinoCore.a(HardwareSerial.o)
                0x000003d4                _ZN14HardwareSerial17_tx_udr_empty_irqEv
 .text._ZN14HardwareSerial5writeEh
                0x00000416       0x8e c:\users\tamim\DOCUME~1\ATMELS~1\7.0\TEMPER~1\TEMPER~1\ARDUIN~1\Debug\libArduinoCore.a(HardwareSerial.o)
                0x00000416                _ZN14HardwareSerial5writeEh
 .text._ZN14HardwareSerial5flushEv
                0x000004a4       0x44 c:\users\tamim\DOCUME~1\ATMELS~1\7.0\TEMPER~1\TEMPER~1\ARDUIN~1\Debug\libArduinoCore.a(HardwareSerial.o)
                0x000004a4                _ZN14HardwareSerial5flushEv
 .text._ZN14HardwareSerial5beginEmh
                0x000004e8       0xca c:\users\tamim\DOCUME~1\ATMELS~1\7.0\TEMPER~1\TEMPER~1\ARDUIN~1\Debug\libArduinoCore.a(HardwareSerial.o)
                0x000004e8                _ZN14HardwareSerial5beginEmh
 .text.__vector_18
                0x000005b2       0x64 c:\users\tamim\DOCUME~1\ATMELS~1\7.0\TEMPER~1\TEMPER~1\ARDUIN~1\Debug\libArduinoCore.a(HardwareSerial0.o)
                0x000005b2                __vector_18
 .text.__vector_19
                0x00000616       0x4c c:\users\tamim\DOCUME~1\ATMELS~1\7.0\TEMPER~1\TEMPER~1\ARDUIN~1\Debug\libArduinoCore.a(HardwareSerial0.o)
                0x00000616                __vector_19
 .text._Z17Serial0_availablev
                0x00000662       0x14 c:\users\tamim\DOCUME~1\ATMELS~1\7.0\TEMPER~1\TEMPER~1\ARDUIN~1\Debug\libArduinoCore.a(HardwareSerial0.o)
                0x00000662                _Z17Serial0_availablev
 .text.startup._GLOBAL__sub_I___vector_18
                0x00000676       0x5a c:\users\tamim\DOCUME~1\ATMELS~1\7.0\TEMPER~1\TEMPER~1\ARDUIN~1\Debug\libArduinoCore.a(HardwareSerial0.o)
 .text.initVariant
                0x000006d0        0x2 c:\users\tamim\DOCUME~1\ATMELS~1\7.0\TEMPER~1\TEMPER~1\ARDUIN~1\Debug\libArduinoCore.a(main.o)
                0x000006d0                initVariant
 .text.startup.main
                0x000006d2       0x1e c:\users\tamim\DOCUME~1\ATMELS~1\7.0\TEMPER~1\TEMPER~1\ARDUIN~1\Debug\libArduinoCore.a(main.o)
                0x000006d2                main
 .text._ZN5Print5writeEPKhj
                0x000006f0       0x54 c:\users\tamim\DOCUME~1\ATMELS~1\7.0\TEMPER~1\TEMPER~1\ARDUIN~1\Debug\libArduinoCore.a(Print.o)
                0x000006f0                _ZN5Print5writeEPKhj
 .text._ZN5Print5writeEPKc
                0x00000744       0x2a c:\users\tamim\DOCUME~1\ATMELS~1\7.0\TEMPER~1\TEMPER~1\ARDUIN~1\Debug\libArduinoCore.a(Print.o)
                0x00000744                _ZN5Print5writeEPKc
 .text._ZN5Print5printEPKc
                0x0000076e        0x4 c:\users\tamim\DOCUME~1\ATMELS~1\7.0\TEMPER~1\TEMPER~1\ARDUIN~1\Debug\libArduinoCore.a(Print.o)
                0x0000076e                _ZN5Print5printEPKc
 .text._ZN5Print5printEc
                0x00000772        0xe c:\users\tamim\DOCUME~1\ATMELS~1\7.0\TEMPER~1\TEMPER~1\ARDUIN~1\Debug\libArduinoCore.a(Print.o)
                0x00000772                _ZN5Print5printEc
 .text._ZN5Print7printlnEv
                0x00000780        0x8 c:\users\tamim\DOCUME~1\ATMELS~1\7.0\TEMPER~1\TEMPER~1\ARDUIN~1\Debug\libArduinoCore.a(Print.o)
                0x00000780                _ZN5Print7printlnEv
 .text._ZN5Print11printNumberEmh
                0x00000788       0x92 c:\users\tamim\DOCUME~1\ATMELS~1\7.0\TEMPER~1\TEMPER~1\ARDUIN~1\Debug\libArduinoCore.a(Print.o)
                0x00000788                _ZN5Print11printNumberEmh
 .text._ZN5Print5printEmi
                0x0000081a       0x1a c:\users\tamim\DOCUME~1\ATMELS~1\7.0\TEMPER~1\TEMPER~1\ARDUIN~1\Debug\libArduinoCore.a(Print.o)
                0x0000081a                _ZN5Print5printEmi
 .text._ZN5Print5printEji
                0x00000834        0xc c:\users\tamim\DOCUME~1\ATMELS~1\7.0\TEMPER~1\TEMPER~1\ARDUIN~1\Debug\libArduinoCore.a(Print.o)
                0x00000834                _ZN5Print5printEji
 .text._ZN5Print10printFloatEdh
                0x00000840      0x1b6 c:\users\tamim\DOCUME~1\ATMELS~1\7.0\TEMPER~1\TEMPER~1\ARDUIN~1\Debug\libArduinoCore.a(Print.o)
                0x00000840                _ZN5Print10printFloatEdh
 .text._ZN5Print5printEdi
                0x000009f6        0x4 c:\users\tamim\DOCUME~1\ATMELS~1\7.0\TEMPER~1\TEMPER~1\ARDUIN~1\Debug\libArduinoCore.a(Print.o)
                0x000009f6                _ZN5Print5printEdi
 .text.__vector_16
                0x000009fa       0x94 c:\users\tamim\DOCUME~1\ATMELS~1\7.0\TEMPER~1\TEMPER~1\ARDUIN~1\Debug\libArduinoCore.a(wiring.o)
                0x000009fa                __vector_16
 .text.micros   0x00000a8e       0x4a c:\users\tamim\DOCUME~1\ATMELS~1\7.0\TEMPER~1\TEMPER~1\ARDUIN~1\Debug\libArduinoCore.a(wiring.o)
                0x00000a8e                micros
 .text.delay    0x00000ad8       0x78 c:\users\tamim\DOCUME~1\ATMELS~1\7.0\TEMPER~1\TEMPER~1\ARDUIN~1\Debug\libArduinoCore.a(wiring.o)
                0x00000ad8                delay
 .text.init     0x00000b50       0x76 c:\users\tamim\DOCUME~1\ATMELS~1\7.0\TEMPER~1\TEMPER~1\ARDUIN~1\Debug\libArduinoCore.a(wiring.o)
                0x00000b50                init
 .text.analogRead
                0x00000bc6       0x3a c:\users\tamim\DOCUME~1\ATMELS~1\7.0\TEMPER~1\TEMPER~1\ARDUIN~1\Debug\libArduinoCore.a(wiring_analog.o)
                0x00000bc6                analogRead
 .text.__empty  0x00000c00        0x2 c:\users\tamim\DOCUME~1\ATMELS~1\7.0\TEMPER~1\TEMPER~1\ARDUIN~1\Debug\libArduinoCore.a(hooks.o)
                0x00000c00                yield
 .text.avr-libc.fplib
                0x00000c02        0xe c:/program files (x86)/atmel/studio/7.0/toolchain/avr8/avr8-gnu-toolchain/bin/../lib/gcc/avr/5.4.0/../../../../avr/lib/avr5\libm.a(addsf3.o)
                0x00000c02                __subsf3
                0x00000c04                __addsf3
 .text.avr-libc.fplib
                0x00000c10       0xcc c:/program files (x86)/atmel/studio/7.0/toolchain/avr8/avr8-gnu-toolchain/bin/../lib/gcc/avr/5.4.0/../../../../avr/lib/avr5\libm.a(addsf3x.o)
                0x00000c32                __addsf3x
 .text.avr-libc.fplib
                0x00000cdc        0xa c:/program files (x86)/atmel/studio/7.0/toolchain/avr8/avr8-gnu-toolchain/bin/../lib/gcc/avr/5.4.0/../../../../avr/lib/avr5\libm.a(cmpsf2.o)
                0x00000cdc                __nesf2
                0x00000cdc                __eqsf2
                0x00000cdc                __cmpsf2
                0x00000cdc                __ltsf2
                0x00000cdc                __lesf2
 .text.avr-libc.fplib
                0x00000ce6        0x8 c:/program files (x86)/atmel/studio/7.0/toolchain/avr8/avr8-gnu-toolchain/bin/../lib/gcc/avr/5.4.0/../../../../avr/lib/avr5\libm.a(divsf3.o)
                0x00000ce6                __divsf3
 .text.avr-libc.fplib
                0x00000cee       0xdc c:/program files (x86)/atmel/studio/7.0/toolchain/avr8/avr8-gnu-toolchain/bin/../lib/gcc/avr/5.4.0/../../../../avr/lib/avr5\libm.a(divsf3x.o)
                0x00000d0e                __divsf3x
                0x00000d14                __divsf3_pse
 .text.avr-libc.fplib
                0x00000dca       0x5e c:/program files (x86)/atmel/studio/7.0/toolchain/avr8/avr8-gnu-toolchain/bin/../lib/gcc/avr/5.4.0/../../../../avr/lib/avr5\libm.a(fixunssfsi.o)
                0x00000dca                __fixunssfsi
 .text.avr-libc.fplib
                0x00000e28       0x48 c:/program files (x86)/atmel/studio/7.0/toolchain/avr8/avr8-gnu-toolchain/bin/../lib/gcc/avr/5.4.0/../../../../avr/lib/avr5\libm.a(fp_cmp.o)
                0x00000e28                __fp_cmp
 .text.avr-libc.fplib
                0x00000e70        0xa c:/program files (x86)/atmel/studio/7.0/toolchain/avr8/avr8-gnu-toolchain/bin/../lib/gcc/avr/5.4.0/../../../../avr/lib/avr5\libm.a(gesf2.o)
                0x00000e70                __gesf2
                0x00000e70                __gtsf2
 .text.avr-libc.fplib
                0x00000e7a        0xa c:/program files (x86)/atmel/studio/7.0/toolchain/avr8/avr8-gnu-toolchain/bin/../lib/gcc/avr/5.4.0/../../../../avr/lib/avr5\libm.a(unordsf2.o)
                0x00000e7a                __unordsf2
 .text.libgcc.div
                0x00000e84       0x44 c:/program files (x86)/atmel/studio/7.0/toolchain/avr8/avr8-gnu-toolchain/bin/../lib/gcc/avr/5.4.0/avr5\libgcc.a(_udivmodsi4.o)
                0x00000e84                __udivmodsi4
 .text.libgcc   0x00000ec8        0xc c:/program files (x86)/atmel/studio/7.0/toolchain/avr8/avr8-gnu-toolchain/bin/../lib/gcc/avr/5.4.0/avr5\libgcc.a(_tablejump2.o)
                0x00000ec8                __tablejump2__
                0x00000ed4                . = ALIGN (0x2)
 *(.fini9)
 .fini9         0x00000ed4        0x0 c:/program files (x86)/atmel/studio/7.0/toolchain/avr8/avr8-gnu-toolchain/bin/../lib/gcc/avr/5.4.0/avr5\libgcc.a(_exit.o)
                0x00000ed4                _exit
                0x00000ed4                exit
 *(.fini9)
 *(.fini8)
 *(.fini8)
 *(.fini7)
 *(.fini7)
 *(.fini6)
 *(.fini6)
 *(.fini5)
 *(.fini5)
 *(.fini4)
 *(.fini4)
 *(.fini3)
 *(.fini3)
 *(.fini2)
 *(.fini2)
 *(.fini1)
 *(.fini1)
 *(.fini0)
 .fini0         0x00000ed4        0x4 c:/program files (x86)/atmel/studio/7.0/toolchain/avr8/avr8-gnu-toolchain/bin/../lib/gcc/avr/5.4.0/avr5\libgcc.a(_exit.o)
 *(.fini0)
                0x00000ed8                _etext = .

.data           0x00800100       0x34 load address 0x00000ed8
                0x00800100                PROVIDE (__data_start, .)
 *(.data)
 *(.data*)
 .data.analog_reference
                0x00800100        0x1 c:\users\tamim\DOCUME~1\ATMELS~1\7.0\TEMPER~1\TEMPER~1\ARDUIN~1\Debug\libArduinoCore.a(wiring_analog.o)
                0x00800100                analog_reference
 *(.rodata)
 *(.rodata*)
 .rodata.str1.1
                0x00800101       0x12 Sketch.o
 .rodata._ZTV14HardwareSerial
                0x00800113       0x12 c:\users\tamim\DOCUME~1\ATMELS~1\7.0\TEMPER~1\TEMPER~1\ARDUIN~1\Debug\libArduinoCore.a(HardwareSerial.o)
                0x00800113                _ZTV14HardwareSerial
 .rodata.str1.1
                0x00800125        0xf c:\users\tamim\DOCUME~1\ATMELS~1\7.0\TEMPER~1\TEMPER~1\ARDUIN~1\Debug\libArduinoCore.a(Print.o)
 *(.gnu.linkonce.d*)
                0x00800134                . = ALIGN (0x2)
                0x00800134                _edata = .
                0x00800134                PROVIDE (__data_end, .)

.bss            0x00800134       0xac
                0x00800134                PROVIDE (__bss_start, .)
 *(.bss)
 *(.bss*)
 .bss.tempPin   0x00800134        0x2 Sketch.o
                0x00800134                tempPin
 .bss.temp      0x00800136        0x4 Sketch.o
                0x00800136                temp
 .bss.Serial    0x0080013a       0x9d c:\users\tamim\DOCUME~1\ATMELS~1\7.0\TEMPER~1\TEMPER~1\ARDUIN~1\Debug\libArduinoCore.a(HardwareSerial0.o)
                0x0080013a                Serial
 .bss.timer0_fract
                0x008001d7        0x1 c:\users\tamim\DOCUME~1\ATMELS~1\7.0\TEMPER~1\TEMPER~1\ARDUIN~1\Debug\libArduinoCore.a(wiring.o)
 .bss.timer0_millis
                0x008001d8        0x4 c:\users\tamim\DOCUME~1\ATMELS~1\7.0\TEMPER~1\TEMPER~1\ARDUIN~1\Debug\libArduinoCore.a(wiring.o)
                0x008001d8                timer0_millis
 .bss.timer0_overflow_count
                0x008001dc        0x4 c:\users\tamim\DOCUME~1\ATMELS~1\7.0\TEMPER~1\TEMPER~1\ARDUIN~1\Debug\libArduinoCore.a(wiring.o)
                0x008001dc                timer0_overflow_count
 *(COMMON)
                0x008001e0                PROVIDE (__bss_end, .)
                0x00000ed8                __data_load_start = LOADADDR (.data)
                0x00000f0c                __data_load_end = (__data_load_start + SIZEOF (.data))

.noinit         0x008001e0        0x0
                [!provide]                PROVIDE (__noinit_start, .)
 *(.noinit*)
                [!provide]                PROVIDE (__noinit_end, .)
                0x008001e0                _end = .
                [!provide]                PROVIDE (__heap_start, .)

.eeprom         0x00810000        0x0
 *(.eeprom*)
                0x00810000                __eeprom_end = .

.fuse
 *(.fuse)
 *(.lfuse)
 *(.hfuse)
 *(.efuse)

.lock
 *(.lock*)

.signature
 *(.signature*)

.user_signatures
 *(.user_signatures*)

.stab
 *(.stab)

.stabstr
 *(.stabstr)

.stab.excl
 *(.stab.excl)

.stab.exclstr
 *(.stab.exclstr)

.stab.index
 *(.stab.index)

.stab.indexstr
 *(.stab.indexstr)

.comment        0x00000000       0x30
 *(.comment)
 .comment       0x00000000       0x30 Sketch.o
                                 0x31 (size before relaxing)
 .comment       0x00000030       0x31 c:\users\tamim\DOCUME~1\ATMELS~1\7.0\TEMPER~1\TEMPER~1\ARDUIN~1\Debug\libArduinoCore.a(HardwareSerial.o)
 .comment       0x00000030       0x31 c:\users\tamim\DOCUME~1\ATMELS~1\7.0\TEMPER~1\TEMPER~1\ARDUIN~1\Debug\libArduinoCore.a(HardwareSerial0.o)
 .comment       0x00000030       0x31 c:\users\tamim\DOCUME~1\ATMELS~1\7.0\TEMPER~1\TEMPER~1\ARDUIN~1\Debug\libArduinoCore.a(main.o)
 .comment       0x00000030       0x31 c:\users\tamim\DOCUME~1\ATMELS~1\7.0\TEMPER~1\TEMPER~1\ARDUIN~1\Debug\libArduinoCore.a(Print.o)
 .comment       0x00000030       0x31 c:\users\tamim\DOCUME~1\ATMELS~1\7.0\TEMPER~1\TEMPER~1\ARDUIN~1\Debug\libArduinoCore.a(wiring.o)
 .comment       0x00000030       0x31 c:\users\tamim\DOCUME~1\ATMELS~1\7.0\TEMPER~1\TEMPER~1\ARDUIN~1\Debug\libArduinoCore.a(wiring_analog.o)
 .comment       0x00000030       0x31 c:\users\tamim\DOCUME~1\ATMELS~1\7.0\TEMPER~1\TEMPER~1\ARDUIN~1\Debug\libArduinoCore.a(hooks.o)

.note.gnu.avr.deviceinfo
                0x00000000       0x40
 .note.gnu.avr.deviceinfo
                0x00000000       0x40 C:/Program Files (x86)/Atmel/Studio/7.0/Packs/atmel/ATmega_DFP/1.2.132/gcc/dev/atmega328p/avr5/crtatmega328p.o

.note.gnu.build-id
 *(.note.gnu.build-id)

.debug
 *(.debug)

.line
 *(.line)

.debug_srcinfo
 *(.debug_srcinfo)

.debug_sfnames
 *(.debug_sfnames)

.debug_aranges  0x00000000      0x2a0
 *(.debug_aranges)
 .debug_aranges
                0x00000000       0x28 Sketch.o
 .debug_aranges
                0x00000028       0x68 c:\users\tamim\DOCUME~1\ATMELS~1\7.0\TEMPER~1\TEMPER~1\ARDUIN~1\Debug\libArduinoCore.a(HardwareSerial.o)
 .debug_aranges
                0x00000090       0x48 c:\users\tamim\DOCUME~1\ATMELS~1\7.0\TEMPER~1\TEMPER~1\ARDUIN~1\Debug\libArduinoCore.a(HardwareSerial0.o)
 .debug_aranges
                0x000000d8       0x30 c:\users\tamim\DOCUME~1\ATMELS~1\7.0\TEMPER~1\TEMPER~1\ARDUIN~1\Debug\libArduinoCore.a(main.o)
 .debug_aranges
                0x00000108      0x100 c:\users\tamim\DOCUME~1\ATMELS~1\7.0\TEMPER~1\TEMPER~1\ARDUIN~1\Debug\libArduinoCore.a(Print.o)
 .debug_aranges
                0x00000208       0x48 c:\users\tamim\DOCUME~1\ATMELS~1\7.0\TEMPER~1\TEMPER~1\ARDUIN~1\Debug\libArduinoCore.a(wiring.o)
 .debug_aranges
                0x00000250       0x30 c:\users\tamim\DOCUME~1\ATMELS~1\7.0\TEMPER~1\TEMPER~1\ARDUIN~1\Debug\libArduinoCore.a(wiring_analog.o)
 .debug_aranges
                0x00000280       0x20 c:\users\tamim\DOCUME~1\ATMELS~1\7.0\TEMPER~1\TEMPER~1\ARDUIN~1\Debug\libArduinoCore.a(hooks.o)

.debug_pubnames
 *(.debug_pubnames)

.debug_info     0x00000000     0x73d5
 *(.debug_info .gnu.linkonce.wi.*)
 .debug_info    0x00000000      0x5f4 C:/Program Files (x86)/Atmel/Studio/7.0/Packs/atmel/ATmega_DFP/1.2.132/gcc/dev/atmega328p/avr5/crtatmega328p.o
 .debug_info    0x000005f4      0x396 Sketch.o
 .debug_info    0x0000098a     0x1e89 c:\users\tamim\DOCUME~1\ATMELS~1\7.0\TEMPER~1\TEMPER~1\ARDUIN~1\Debug\libArduinoCore.a(HardwareSerial.o)
 .debug_info    0x00002813     0x1b16 c:\users\tamim\DOCUME~1\ATMELS~1\7.0\TEMPER~1\TEMPER~1\ARDUIN~1\Debug\libArduinoCore.a(HardwareSerial0.o)
 .debug_info    0x00004329      0x237 c:\users\tamim\DOCUME~1\ATMELS~1\7.0\TEMPER~1\TEMPER~1\ARDUIN~1\Debug\libArduinoCore.a(main.o)
 .debug_info    0x00004560     0x28ff c:\users\tamim\DOCUME~1\ATMELS~1\7.0\TEMPER~1\TEMPER~1\ARDUIN~1\Debug\libArduinoCore.a(Print.o)
 .debug_info    0x00006e5f      0x2cb c:\users\tamim\DOCUME~1\ATMELS~1\7.0\TEMPER~1\TEMPER~1\ARDUIN~1\Debug\libArduinoCore.a(wiring.o)
 .debug_info    0x0000712a      0x26d c:\users\tamim\DOCUME~1\ATMELS~1\7.0\TEMPER~1\TEMPER~1\ARDUIN~1\Debug\libArduinoCore.a(wiring_analog.o)
 .debug_info    0x00007397       0x3e c:\users\tamim\DOCUME~1\ATMELS~1\7.0\TEMPER~1\TEMPER~1\ARDUIN~1\Debug\libArduinoCore.a(hooks.o)

.debug_abbrev   0x00000000     0x17ef
 *(.debug_abbrev)
 .debug_abbrev  0x00000000      0x5a2 C:/Program Files (x86)/Atmel/Studio/7.0/Packs/atmel/ATmega_DFP/1.2.132/gcc/dev/atmega328p/avr5/crtatmega328p.o
 .debug_abbrev  0x000005a2      0x1cb Sketch.o
 .debug_abbrev  0x0000076d      0x432 c:\users\tamim\DOCUME~1\ATMELS~1\7.0\TEMPER~1\TEMPER~1\ARDUIN~1\Debug\libArduinoCore.a(HardwareSerial.o)
 .debug_abbrev  0x00000b9f      0x3ce c:\users\tamim\DOCUME~1\ATMELS~1\7.0\TEMPER~1\TEMPER~1\ARDUIN~1\Debug\libArduinoCore.a(HardwareSerial0.o)
 .debug_abbrev  0x00000f6d      0x12d c:\users\tamim\DOCUME~1\ATMELS~1\7.0\TEMPER~1\TEMPER~1\ARDUIN~1\Debug\libArduinoCore.a(main.o)
 .debug_abbrev  0x0000109a      0x47a c:\users\tamim\DOCUME~1\ATMELS~1\7.0\TEMPER~1\TEMPER~1\ARDUIN~1\Debug\libArduinoCore.a(Print.o)
 .debug_abbrev  0x00001514      0x146 c:\users\tamim\DOCUME~1\ATMELS~1\7.0\TEMPER~1\TEMPER~1\ARDUIN~1\Debug\libArduinoCore.a(wiring.o)
 .debug_abbrev  0x0000165a      0x16b c:\users\tamim\DOCUME~1\ATMELS~1\7.0\TEMPER~1\TEMPER~1\ARDUIN~1\Debug\libArduinoCore.a(wiring_analog.o)
 .debug_abbrev  0x000017c5       0x2a c:\users\tamim\DOCUME~1\ATMELS~1\7.0\TEMPER~1\TEMPER~1\ARDUIN~1\Debug\libArduinoCore.a(hooks.o)

.debug_line     0x00000000     0x169f
 *(.debug_line .debug_line.* .debug_line_end)
 .debug_line    0x00000000      0x133 C:/Program Files (x86)/Atmel/Studio/7.0/Packs/atmel/ATmega_DFP/1.2.132/gcc/dev/atmega328p/avr5/crtatmega328p.o
 .debug_line    0x00000133      0x1e7 Sketch.o
 .debug_line    0x0000031a      0x426 c:\users\tamim\DOCUME~1\ATMELS~1\7.0\TEMPER~1\TEMPER~1\ARDUIN~1\Debug\libArduinoCore.a(HardwareSerial.o)
 .debug_line    0x00000740      0x28c c:\users\tamim\DOCUME~1\ATMELS~1\7.0\TEMPER~1\TEMPER~1\ARDUIN~1\Debug\libArduinoCore.a(HardwareSerial0.o)
 .debug_line    0x000009cc      0x165 c:\users\tamim\DOCUME~1\ATMELS~1\7.0\TEMPER~1\TEMPER~1\ARDUIN~1\Debug\libArduinoCore.a(main.o)
 .debug_line    0x00000b31      0x685 c:\users\tamim\DOCUME~1\ATMELS~1\7.0\TEMPER~1\TEMPER~1\ARDUIN~1\Debug\libArduinoCore.a(Print.o)
 .debug_line    0x000011b6      0x299 c:\users\tamim\DOCUME~1\ATMELS~1\7.0\TEMPER~1\TEMPER~1\ARDUIN~1\Debug\libArduinoCore.a(wiring.o)
 .debug_line    0x0000144f      0x20f c:\users\tamim\DOCUME~1\ATMELS~1\7.0\TEMPER~1\TEMPER~1\ARDUIN~1\Debug\libArduinoCore.a(wiring_analog.o)
 .debug_line    0x0000165e       0x41 c:\users\tamim\DOCUME~1\ATMELS~1\7.0\TEMPER~1\TEMPER~1\ARDUIN~1\Debug\libArduinoCore.a(hooks.o)

.debug_frame    0x00000000      0x760
 *(.debug_frame)
 .debug_frame   0x00000000       0x34 Sketch.o
 .debug_frame   0x00000034      0x110 c:\users\tamim\DOCUME~1\ATMELS~1\7.0\TEMPER~1\TEMPER~1\ARDUIN~1\Debug\libArduinoCore.a(HardwareSerial.o)
 .debug_frame   0x00000144       0xe0 c:\users\tamim\DOCUME~1\ATMELS~1\7.0\TEMPER~1\TEMPER~1\ARDUIN~1\Debug\libArduinoCore.a(HardwareSerial0.o)
 .debug_frame   0x00000224       0x54 c:\users\tamim\DOCUME~1\ATMELS~1\7.0\TEMPER~1\TEMPER~1\ARDUIN~1\Debug\libArduinoCore.a(main.o)
 .debug_frame   0x00000278      0x3ac c:\users\tamim\DOCUME~1\ATMELS~1\7.0\TEMPER~1\TEMPER~1\ARDUIN~1\Debug\libArduinoCore.a(Print.o)
 .debug_frame   0x00000624       0xc4 c:\users\tamim\DOCUME~1\ATMELS~1\7.0\TEMPER~1\TEMPER~1\ARDUIN~1\Debug\libArduinoCore.a(wiring.o)
 .debug_frame   0x000006e8       0x54 c:\users\tamim\DOCUME~1\ATMELS~1\7.0\TEMPER~1\TEMPER~1\ARDUIN~1\Debug\libArduinoCore.a(wiring_analog.o)
 .debug_frame   0x0000073c       0x24 c:\users\tamim\DOCUME~1\ATMELS~1\7.0\TEMPER~1\TEMPER~1\ARDUIN~1\Debug\libArduinoCore.a(hooks.o)

.debug_str      0x00000000     0x1eec
 *(.debug_str)
 .debug_str     0x00000000      0x208 C:/Program Files (x86)/Atmel/Studio/7.0/Packs/atmel/ATmega_DFP/1.2.132/gcc/dev/atmega328p/avr5/crtatmega328p.o
 .debug_str     0x00000208      0x31d Sketch.o
                                0x36f (size before relaxing)
 .debug_str     0x00000525     0x1325 c:\users\tamim\DOCUME~1\ATMELS~1\7.0\TEMPER~1\TEMPER~1\ARDUIN~1\Debug\libArduinoCore.a(HardwareSerial.o)
                               0x15ff (size before relaxing)
 .debug_str     0x0000184a       0xca c:\users\tamim\DOCUME~1\ATMELS~1\7.0\TEMPER~1\TEMPER~1\ARDUIN~1\Debug\libArduinoCore.a(HardwareSerial0.o)
                               0x141b (size before relaxing)
 .debug_str     0x00001914       0x37 c:\users\tamim\DOCUME~1\ATMELS~1\7.0\TEMPER~1\TEMPER~1\ARDUIN~1\Debug\libArduinoCore.a(main.o)
                                0x2c7 (size before relaxing)
 .debug_str     0x0000194b      0x3a8 c:\users\tamim\DOCUME~1\ATMELS~1\7.0\TEMPER~1\TEMPER~1\ARDUIN~1\Debug\libArduinoCore.a(Print.o)
                               0x1255 (size before relaxing)
 .debug_str     0x00001cf3      0x15c c:\users\tamim\DOCUME~1\ATMELS~1\7.0\TEMPER~1\TEMPER~1\ARDUIN~1\Debug\libArduinoCore.a(wiring.o)
                                0x25d (size before relaxing)
 .debug_str     0x00001e4f       0x81 c:\users\tamim\DOCUME~1\ATMELS~1\7.0\TEMPER~1\TEMPER~1\ARDUIN~1\Debug\libArduinoCore.a(wiring_analog.o)
                                0x261 (size before relaxing)
 .debug_str     0x00001ed0       0x1c c:\users\tamim\DOCUME~1\ATMELS~1\7.0\TEMPER~1\TEMPER~1\ARDUIN~1\Debug\libArduinoCore.a(hooks.o)
                                0x152 (size before relaxing)

.debug_loc      0x00000000     0x2644
 *(.debug_loc)
 .debug_loc     0x00000000      0x482 c:\users\tamim\DOCUME~1\ATMELS~1\7.0\TEMPER~1\TEMPER~1\ARDUIN~1\Debug\libArduinoCore.a(HardwareSerial.o)
 .debug_loc     0x00000482      0x1b0 c:\users\tamim\DOCUME~1\ATMELS~1\7.0\TEMPER~1\TEMPER~1\ARDUIN~1\Debug\libArduinoCore.a(HardwareSerial0.o)
 .debug_loc     0x00000632     0x1c87 c:\users\tamim\DOCUME~1\ATMELS~1\7.0\TEMPER~1\TEMPER~1\ARDUIN~1\Debug\libArduinoCore.a(Print.o)
 .debug_loc     0x000022b9      0x28d c:\users\tamim\DOCUME~1\ATMELS~1\7.0\TEMPER~1\TEMPER~1\ARDUIN~1\Debug\libArduinoCore.a(wiring.o)
 .debug_loc     0x00002546       0xfe c:\users\tamim\DOCUME~1\ATMELS~1\7.0\TEMPER~1\TEMPER~1\ARDUIN~1\Debug\libArduinoCore.a(wiring_analog.o)

.debug_macinfo
 *(.debug_macinfo)

.debug_weaknames
 *(.debug_weaknames)

.debug_funcnames
 *(.debug_funcnames)

.debug_typenames
 *(.debug_typenames)

.debug_varnames
 *(.debug_varnames)

.debug_pubtypes
 *(.debug_pubtypes)

.debug_ranges   0x00000000      0x250
 *(.debug_ranges)
 .debug_ranges  0x00000000       0x18 Sketch.o
 .debug_ranges  0x00000018       0x58 c:\users\tamim\DOCUME~1\ATMELS~1\7.0\TEMPER~1\TEMPER~1\ARDUIN~1\Debug\libArduinoCore.a(HardwareSerial.o)
 .debug_ranges  0x00000070       0x38 c:\users\tamim\DOCUME~1\ATMELS~1\7.0\TEMPER~1\TEMPER~1\ARDUIN~1\Debug\libArduinoCore.a(HardwareSerial0.o)
 .debug_ranges  0x000000a8       0x20 c:\users\tamim\DOCUME~1\ATMELS~1\7.0\TEMPER~1\TEMPER~1\ARDUIN~1\Debug\libArduinoCore.a(main.o)
 .debug_ranges  0x000000c8      0x120 c:\users\tamim\DOCUME~1\ATMELS~1\7.0\TEMPER~1\TEMPER~1\ARDUIN~1\Debug\libArduinoCore.a(Print.o)
 .debug_ranges  0x000001e8       0x38 c:\users\tamim\DOCUME~1\ATMELS~1\7.0\TEMPER~1\TEMPER~1\ARDUIN~1\Debug\libArduinoCore.a(wiring.o)
 .debug_ranges  0x00000220       0x20 c:\users\tamim\DOCUME~1\ATMELS~1\7.0\TEMPER~1\TEMPER~1\ARDUIN~1\Debug\libArduinoCore.a(wiring_analog.o)
 .debug_ranges  0x00000240       0x10 c:\users\tamim\DOCUME~1\ATMELS~1\7.0\TEMPER~1\TEMPER~1\ARDUIN~1\Debug\libArduinoCore.a(hooks.o)

.debug_macro
 *(.debug_macro)
OUTPUT(AurdionoLCD16x2scrol.elf elf32-avr)
LOAD linker stubs
