Archive member included to satisfy reference by file (symbol)

c:/program files (x86)/atmel/studio/7.0/toolchain/avr8/avr8-gnu-toolchain/bin/../lib/gcc/avr/5.4.0/../../../../avr/lib/avr5\libm.a(divsf3.o)
                              Sketch.o (__divsf3)
c:/program files (x86)/atmel/studio/7.0/toolchain/avr8/avr8-gnu-toolchain/bin/../lib/gcc/avr/5.4.0/../../../../avr/lib/avr5\libm.a(divsf3x.o)
                              c:/program files (x86)/atmel/studio/7.0/toolchain/avr8/avr8-gnu-toolchain/bin/../lib/gcc/avr/5.4.0/../../../../avr/lib/avr5\libm.a(divsf3.o) (__divsf3x)
c:/program files (x86)/atmel/studio/7.0/toolchain/avr8/avr8-gnu-toolchain/bin/../lib/gcc/avr/5.4.0/../../../../avr/lib/avr5\libm.a(floatsisf.o)
                              Sketch.o (__floatsisf)
c:/program files (x86)/atmel/studio/7.0/toolchain/avr8/avr8-gnu-toolchain/bin/../lib/gcc/avr/5.4.0/../../../../avr/lib/avr5\libm.a(fp_inf.o)
                              c:/program files (x86)/atmel/studio/7.0/toolchain/avr8/avr8-gnu-toolchain/bin/../lib/gcc/avr/5.4.0/../../../../avr/lib/avr5\libm.a(divsf3x.o) (__fp_inf)
c:/program files (x86)/atmel/studio/7.0/toolchain/avr8/avr8-gnu-toolchain/bin/../lib/gcc/avr/5.4.0/../../../../avr/lib/avr5\libm.a(fp_nan.o)
                              c:/program files (x86)/atmel/studio/7.0/toolchain/avr8/avr8-gnu-toolchain/bin/../lib/gcc/avr/5.4.0/../../../../avr/lib/avr5\libm.a(divsf3x.o) (__fp_nan)
c:/program files (x86)/atmel/studio/7.0/toolchain/avr8/avr8-gnu-toolchain/bin/../lib/gcc/avr/5.4.0/../../../../avr/lib/avr5\libm.a(fp_pscA.o)
                              c:/program files (x86)/atmel/studio/7.0/toolchain/avr8/avr8-gnu-toolchain/bin/../lib/gcc/avr/5.4.0/../../../../avr/lib/avr5\libm.a(divsf3x.o) (__fp_pscA)
c:/program files (x86)/atmel/studio/7.0/toolchain/avr8/avr8-gnu-toolchain/bin/../lib/gcc/avr/5.4.0/../../../../avr/lib/avr5\libm.a(fp_pscB.o)
                              c:/program files (x86)/atmel/studio/7.0/toolchain/avr8/avr8-gnu-toolchain/bin/../lib/gcc/avr/5.4.0/../../../../avr/lib/avr5\libm.a(divsf3x.o) (__fp_pscB)
c:/program files (x86)/atmel/studio/7.0/toolchain/avr8/avr8-gnu-toolchain/bin/../lib/gcc/avr/5.4.0/../../../../avr/lib/avr5\libm.a(fp_round.o)
                              c:/program files (x86)/atmel/studio/7.0/toolchain/avr8/avr8-gnu-toolchain/bin/../lib/gcc/avr/5.4.0/../../../../avr/lib/avr5\libm.a(divsf3.o) (__fp_round)
c:/program files (x86)/atmel/studio/7.0/toolchain/avr8/avr8-gnu-toolchain/bin/../lib/gcc/avr/5.4.0/../../../../avr/lib/avr5\libm.a(fp_split3.o)
                              c:/program files (x86)/atmel/studio/7.0/toolchain/avr8/avr8-gnu-toolchain/bin/../lib/gcc/avr/5.4.0/../../../../avr/lib/avr5\libm.a(divsf3x.o) (__fp_split3)
c:/program files (x86)/atmel/studio/7.0/toolchain/avr8/avr8-gnu-toolchain/bin/../lib/gcc/avr/5.4.0/../../../../avr/lib/avr5\libm.a(fp_zero.o)
                              c:/program files (x86)/atmel/studio/7.0/toolchain/avr8/avr8-gnu-toolchain/bin/../lib/gcc/avr/5.4.0/../../../../avr/lib/avr5\libm.a(divsf3x.o) (__fp_szero)
c:/program files (x86)/atmel/studio/7.0/toolchain/avr8/avr8-gnu-toolchain/bin/../lib/gcc/avr/5.4.0/../../../../avr/lib/avr5\libm.a(mulsf3.o)
                              Sketch.o (__mulsf3)
c:/program files (x86)/atmel/studio/7.0/toolchain/avr8/avr8-gnu-toolchain/bin/../lib/gcc/avr/5.4.0/../../../../avr/lib/avr5\libm.a(mulsf3x.o)
                              c:/program files (x86)/atmel/studio/7.0/toolchain/avr8/avr8-gnu-toolchain/bin/../lib/gcc/avr/5.4.0/../../../../avr/lib/avr5\libm.a(mulsf3.o) (__mulsf3x)
C:\Users\Tamim\Documents\Atmel Studio\7.0\ArduinoSensorLM35\adsadasd\ArduinoCore\Debug\libArduinoCore.a(HardwareSerial.o)
                              Sketch.o (_ZN14HardwareSerial5beginEmh)
C:\Users\Tamim\Documents\Atmel Studio\7.0\ArduinoSensorLM35\adsadasd\ArduinoCore\Debug\libArduinoCore.a(HardwareSerial0.o)
                              Sketch.o (Serial)
C:\Users\Tamim\Documents\Atmel Studio\7.0\ArduinoSensorLM35\adsadasd\ArduinoCore\Debug\libArduinoCore.a(main.o)
                              C:/Program Files (x86)/Atmel/Studio/7.0/Packs/atmel/ATmega_DFP/1.2.132/gcc/dev/atmega328p/avr5/crtatmega328p.o (main)
C:\Users\Tamim\Documents\Atmel Studio\7.0\ArduinoSensorLM35\adsadasd\ArduinoCore\Debug\libArduinoCore.a(Print.o)
                              C:\Users\Tamim\Documents\Atmel Studio\7.0\ArduinoSensorLM35\adsadasd\ArduinoCore\Debug\libArduinoCore.a(HardwareSerial.o) (_ZN5Print5writeEPKhj)
C:\Users\Tamim\Documents\Atmel Studio\7.0\ArduinoSensorLM35\adsadasd\ArduinoCore\Debug\libArduinoCore.a(wiring.o)
                              Sketch.o (delay)
C:\Users\Tamim\Documents\Atmel Studio\7.0\ArduinoSensorLM35\adsadasd\ArduinoCore\Debug\libArduinoCore.a(wiring_analog.o)
                              Sketch.o (analogRead)
C:\Users\Tamim\Documents\Atmel Studio\7.0\ArduinoSensorLM35\adsadasd\ArduinoCore\Debug\libArduinoCore.a(wiring_digital.o)
                              Sketch.o (pinMode)
C:\Users\Tamim\Documents\Atmel Studio\7.0\ArduinoSensorLM35\adsadasd\ArduinoCore\Debug\libArduinoCore.a(abi.o)
                              C:\Users\Tamim\Documents\Atmel Studio\7.0\ArduinoSensorLM35\adsadasd\ArduinoCore\Debug\libArduinoCore.a(Print.o) (__cxa_pure_virtual)
C:\Users\Tamim\Documents\Atmel Studio\7.0\ArduinoSensorLM35\adsadasd\ArduinoCore\Debug\libArduinoCore.a(hooks.o)
                              C:\Users\Tamim\Documents\Atmel Studio\7.0\ArduinoSensorLM35\adsadasd\ArduinoCore\Debug\libArduinoCore.a(wiring.o) (yield)
c:/program files (x86)/atmel/studio/7.0/toolchain/avr8/avr8-gnu-toolchain/bin/../lib/gcc/avr/5.4.0/../../../../avr/lib/avr5\libm.a(addsf3.o)
                              C:\Users\Tamim\Documents\Atmel Studio\7.0\ArduinoSensorLM35\adsadasd\ArduinoCore\Debug\libArduinoCore.a(Print.o) (__subsf3)
c:/program files (x86)/atmel/studio/7.0/toolchain/avr8/avr8-gnu-toolchain/bin/../lib/gcc/avr/5.4.0/../../../../avr/lib/avr5\libm.a(addsf3x.o)
                              c:/program files (x86)/atmel/studio/7.0/toolchain/avr8/avr8-gnu-toolchain/bin/../lib/gcc/avr/5.4.0/../../../../avr/lib/avr5\libm.a(addsf3.o) (__addsf3x)
c:/program files (x86)/atmel/studio/7.0/toolchain/avr8/avr8-gnu-toolchain/bin/../lib/gcc/avr/5.4.0/../../../../avr/lib/avr5\libm.a(cmpsf2.o)
                              C:\Users\Tamim\Documents\Atmel Studio\7.0\ArduinoSensorLM35\adsadasd\ArduinoCore\Debug\libArduinoCore.a(Print.o) (__ltsf2)
c:/program files (x86)/atmel/studio/7.0/toolchain/avr8/avr8-gnu-toolchain/bin/../lib/gcc/avr/5.4.0/../../../../avr/lib/avr5\libm.a(fixunssfsi.o)
                              C:\Users\Tamim\Documents\Atmel Studio\7.0\ArduinoSensorLM35\adsadasd\ArduinoCore\Debug\libArduinoCore.a(Print.o) (__fixunssfsi)
c:/program files (x86)/atmel/studio/7.0/toolchain/avr8/avr8-gnu-toolchain/bin/../lib/gcc/avr/5.4.0/../../../../avr/lib/avr5\libm.a(fp_cmp.o)
                              c:/program files (x86)/atmel/studio/7.0/toolchain/avr8/avr8-gnu-toolchain/bin/../lib/gcc/avr/5.4.0/../../../../avr/lib/avr5\libm.a(cmpsf2.o) (__fp_cmp)
c:/program files (x86)/atmel/studio/7.0/toolchain/avr8/avr8-gnu-toolchain/bin/../lib/gcc/avr/5.4.0/../../../../avr/lib/avr5\libm.a(gesf2.o)
                              C:\Users\Tamim\Documents\Atmel Studio\7.0\ArduinoSensorLM35\adsadasd\ArduinoCore\Debug\libArduinoCore.a(Print.o) (__gtsf2)
c:/program files (x86)/atmel/studio/7.0/toolchain/avr8/avr8-gnu-toolchain/bin/../lib/gcc/avr/5.4.0/../../../../avr/lib/avr5\libm.a(unordsf2.o)
                              C:\Users\Tamim\Documents\Atmel Studio\7.0\ArduinoSensorLM35\adsadasd\ArduinoCore\Debug\libArduinoCore.a(Print.o) (__unordsf2)
c:/program files (x86)/atmel/studio/7.0/toolchain/avr8/avr8-gnu-toolchain/bin/../lib/gcc/avr/5.4.0/avr5\libgcc.a(_udivmodsi4.o)
                              C:\Users\Tamim\Documents\Atmel Studio\7.0\ArduinoSensorLM35\adsadasd\ArduinoCore\Debug\libArduinoCore.a(HardwareSerial.o) (__udivmodsi4)
c:/program files (x86)/atmel/studio/7.0/toolchain/avr8/avr8-gnu-toolchain/bin/../lib/gcc/avr/5.4.0/avr5\libgcc.a(_exit.o)
                              C:/Program Files (x86)/Atmel/Studio/7.0/Packs/atmel/ATmega_DFP/1.2.132/gcc/dev/atmega328p/avr5/crtatmega328p.o (exit)
c:/program files (x86)/atmel/studio/7.0/toolchain/avr8/avr8-gnu-toolchain/bin/../lib/gcc/avr/5.4.0/avr5\libgcc.a(_copy_data.o)
                              Sketch.o (__do_copy_data)
c:/program files (x86)/atmel/studio/7.0/toolchain/avr8/avr8-gnu-toolchain/bin/../lib/gcc/avr/5.4.0/avr5\libgcc.a(_clear_bss.o)
                              C:\Users\Tamim\Documents\Atmel Studio\7.0\ArduinoSensorLM35\adsadasd\ArduinoCore\Debug\libArduinoCore.a(HardwareSerial0.o) (__do_clear_bss)
c:/program files (x86)/atmel/studio/7.0/toolchain/avr8/avr8-gnu-toolchain/bin/../lib/gcc/avr/5.4.0/avr5\libgcc.a(_ctors.o)
                              C:\Users\Tamim\Documents\Atmel Studio\7.0\ArduinoSensorLM35\adsadasd\ArduinoCore\Debug\libArduinoCore.a(HardwareSerial0.o) (__do_global_ctors)
c:/program files (x86)/atmel/studio/7.0/toolchain/avr8/avr8-gnu-toolchain/bin/../lib/gcc/avr/5.4.0/avr5\libgcc.a(_tablejump2.o)
                              c:/program files (x86)/atmel/studio/7.0/toolchain/avr8/avr8-gnu-toolchain/bin/../lib/gcc/avr/5.4.0/avr5\libgcc.a(_ctors.o) (__tablejump2__)
c:/program files (x86)/atmel/studio/7.0/toolchain/avr8/avr8-gnu-toolchain/bin/../lib/gcc/avr/5.4.0/../../../../avr/lib/avr5\libc.a(abort.o)
                              C:\Users\Tamim\Documents\Atmel Studio\7.0\ArduinoSensorLM35\adsadasd\ArduinoCore\Debug\libArduinoCore.a(abi.o) (abort)

Discarded input sections

 .data          0x00000000        0x0 C:/Program Files (x86)/Atmel/Studio/7.0/Packs/atmel/ATmega_DFP/1.2.132/gcc/dev/atmega328p/avr5/crtatmega328p.o
 .bss           0x00000000        0x0 C:/Program Files (x86)/Atmel/Studio/7.0/Packs/atmel/ATmega_DFP/1.2.132/gcc/dev/atmega328p/avr5/crtatmega328p.o
 .text          0x00000000        0x0 Sketch.o
 .data          0x00000000        0x0 Sketch.o
 .bss           0x00000000        0x0 Sketch.o
 .text          0x00000000        0x0 c:/program files (x86)/atmel/studio/7.0/toolchain/avr8/avr8-gnu-toolchain/bin/../lib/gcc/avr/5.4.0/../../../../avr/lib/avr5\libm.a(divsf3.o)
 .data          0x00000000        0x0 c:/program files (x86)/atmel/studio/7.0/toolchain/avr8/avr8-gnu-toolchain/bin/../lib/gcc/avr/5.4.0/../../../../avr/lib/avr5\libm.a(divsf3.o)
 .bss           0x00000000        0x0 c:/program files (x86)/atmel/studio/7.0/toolchain/avr8/avr8-gnu-toolchain/bin/../lib/gcc/avr/5.4.0/../../../../avr/lib/avr5\libm.a(divsf3.o)
 .text          0x00000000        0x0 c:/program files (x86)/atmel/studio/7.0/toolchain/avr8/avr8-gnu-toolchain/bin/../lib/gcc/avr/5.4.0/../../../../avr/lib/avr5\libm.a(divsf3x.o)
 .data          0x00000000        0x0 c:/program files (x86)/atmel/studio/7.0/toolchain/avr8/avr8-gnu-toolchain/bin/../lib/gcc/avr/5.4.0/../../../../avr/lib/avr5\libm.a(divsf3x.o)
 .bss           0x00000000        0x0 c:/program files (x86)/atmel/studio/7.0/toolchain/avr8/avr8-gnu-toolchain/bin/../lib/gcc/avr/5.4.0/../../../../avr/lib/avr5\libm.a(divsf3x.o)
 .text          0x00000000        0x0 c:/program files (x86)/atmel/studio/7.0/toolchain/avr8/avr8-gnu-toolchain/bin/../lib/gcc/avr/5.4.0/../../../../avr/lib/avr5\libm.a(floatsisf.o)
 .data          0x00000000        0x0 c:/program files (x86)/atmel/studio/7.0/toolchain/avr8/avr8-gnu-toolchain/bin/../lib/gcc/avr/5.4.0/../../../../avr/lib/avr5\libm.a(floatsisf.o)
 .bss           0x00000000        0x0 c:/program files (x86)/atmel/studio/7.0/toolchain/avr8/avr8-gnu-toolchain/bin/../lib/gcc/avr/5.4.0/../../../../avr/lib/avr5\libm.a(floatsisf.o)
 .text          0x00000000        0x0 c:/program files (x86)/atmel/studio/7.0/toolchain/avr8/avr8-gnu-toolchain/bin/../lib/gcc/avr/5.4.0/../../../../avr/lib/avr5\libm.a(fp_inf.o)
 .data          0x00000000        0x0 c:/program files (x86)/atmel/studio/7.0/toolchain/avr8/avr8-gnu-toolchain/bin/../lib/gcc/avr/5.4.0/../../../../avr/lib/avr5\libm.a(fp_inf.o)
 .bss           0x00000000        0x0 c:/program files (x86)/atmel/studio/7.0/toolchain/avr8/avr8-gnu-toolchain/bin/../lib/gcc/avr/5.4.0/../../../../avr/lib/avr5\libm.a(fp_inf.o)
 .text          0x00000000        0x0 c:/program files (x86)/atmel/studio/7.0/toolchain/avr8/avr8-gnu-toolchain/bin/../lib/gcc/avr/5.4.0/../../../../avr/lib/avr5\libm.a(fp_nan.o)
 .data          0x00000000        0x0 c:/program files (x86)/atmel/studio/7.0/toolchain/avr8/avr8-gnu-toolchain/bin/../lib/gcc/avr/5.4.0/../../../../avr/lib/avr5\libm.a(fp_nan.o)
 .bss           0x00000000        0x0 c:/program files (x86)/atmel/studio/7.0/toolchain/avr8/avr8-gnu-toolchain/bin/../lib/gcc/avr/5.4.0/../../../../avr/lib/avr5\libm.a(fp_nan.o)
 .text          0x00000000        0x0 c:/program files (x86)/atmel/studio/7.0/toolchain/avr8/avr8-gnu-toolchain/bin/../lib/gcc/avr/5.4.0/../../../../avr/lib/avr5\libm.a(fp_pscA.o)
 .data          0x00000000        0x0 c:/program files (x86)/atmel/studio/7.0/toolchain/avr8/avr8-gnu-toolchain/bin/../lib/gcc/avr/5.4.0/../../../../avr/lib/avr5\libm.a(fp_pscA.o)
 .bss           0x00000000        0x0 c:/program files (x86)/atmel/studio/7.0/toolchain/avr8/avr8-gnu-toolchain/bin/../lib/gcc/avr/5.4.0/../../../../avr/lib/avr5\libm.a(fp_pscA.o)
 .text          0x00000000        0x0 c:/program files (x86)/atmel/studio/7.0/toolchain/avr8/avr8-gnu-toolchain/bin/../lib/gcc/avr/5.4.0/../../../../avr/lib/avr5\libm.a(fp_pscB.o)
 .data          0x00000000        0x0 c:/program files (x86)/atmel/studio/7.0/toolchain/avr8/avr8-gnu-toolchain/bin/../lib/gcc/avr/5.4.0/../../../../avr/lib/avr5\libm.a(fp_pscB.o)
 .bss           0x00000000        0x0 c:/program files (x86)/atmel/studio/7.0/toolchain/avr8/avr8-gnu-toolchain/bin/../lib/gcc/avr/5.4.0/../../../../avr/lib/avr5\libm.a(fp_pscB.o)
 .text          0x00000000        0x0 c:/program files (x86)/atmel/studio/7.0/toolchain/avr8/avr8-gnu-toolchain/bin/../lib/gcc/avr/5.4.0/../../../../avr/lib/avr5\libm.a(fp_round.o)
 .data          0x00000000        0x0 c:/program files (x86)/atmel/studio/7.0/toolchain/avr8/avr8-gnu-toolchain/bin/../lib/gcc/avr/5.4.0/../../../../avr/lib/avr5\libm.a(fp_round.o)
 .bss           0x00000000        0x0 c:/program files (x86)/atmel/studio/7.0/toolchain/avr8/avr8-gnu-toolchain/bin/../lib/gcc/avr/5.4.0/../../../../avr/lib/avr5\libm.a(fp_round.o)
 .text          0x00000000        0x0 c:/program files (x86)/atmel/studio/7.0/toolchain/avr8/avr8-gnu-toolchain/bin/../lib/gcc/avr/5.4.0/../../../../avr/lib/avr5\libm.a(fp_split3.o)
 .data          0x00000000        0x0 c:/program files (x86)/atmel/studio/7.0/toolchain/avr8/avr8-gnu-toolchain/bin/../lib/gcc/avr/5.4.0/../../../../avr/lib/avr5\libm.a(fp_split3.o)
 .bss           0x00000000        0x0 c:/program files (x86)/atmel/studio/7.0/toolchain/avr8/avr8-gnu-toolchain/bin/../lib/gcc/avr/5.4.0/../../../../avr/lib/avr5\libm.a(fp_split3.o)
 .text          0x00000000        0x0 c:/program files (x86)/atmel/studio/7.0/toolchain/avr8/avr8-gnu-toolchain/bin/../lib/gcc/avr/5.4.0/../../../../avr/lib/avr5\libm.a(fp_zero.o)
 .data          0x00000000        0x0 c:/program files (x86)/atmel/studio/7.0/toolchain/avr8/avr8-gnu-toolchain/bin/../lib/gcc/avr/5.4.0/../../../../avr/lib/avr5\libm.a(fp_zero.o)
 .bss           0x00000000        0x0 c:/program files (x86)/atmel/studio/7.0/toolchain/avr8/avr8-gnu-toolchain/bin/../lib/gcc/avr/5.4.0/../../../../avr/lib/avr5\libm.a(fp_zero.o)
 .text          0x00000000        0x0 c:/program files (x86)/atmel/studio/7.0/toolchain/avr8/avr8-gnu-toolchain/bin/../lib/gcc/avr/5.4.0/../../../../avr/lib/avr5\libm.a(mulsf3.o)
 .data          0x00000000        0x0 c:/program files (x86)/atmel/studio/7.0/toolchain/avr8/avr8-gnu-toolchain/bin/../lib/gcc/avr/5.4.0/../../../../avr/lib/avr5\libm.a(mulsf3.o)
 .bss           0x00000000        0x0 c:/program files (x86)/atmel/studio/7.0/toolchain/avr8/avr8-gnu-toolchain/bin/../lib/gcc/avr/5.4.0/../../../../avr/lib/avr5\libm.a(mulsf3.o)
 .text          0x00000000        0x0 c:/program files (x86)/atmel/studio/7.0/toolchain/avr8/avr8-gnu-toolchain/bin/../lib/gcc/avr/5.4.0/../../../../avr/lib/avr5\libm.a(mulsf3x.o)
 .data          0x00000000        0x0 c:/program files (x86)/atmel/studio/7.0/toolchain/avr8/avr8-gnu-toolchain/bin/../lib/gcc/avr/5.4.0/../../../../avr/lib/avr5\libm.a(mulsf3x.o)
 .bss           0x00000000        0x0 c:/program files (x86)/atmel/studio/7.0/toolchain/avr8/avr8-gnu-toolchain/bin/../lib/gcc/avr/5.4.0/../../../../avr/lib/avr5\libm.a(mulsf3x.o)
 .group         0x00000000        0x8 C:\Users\Tamim\Documents\Atmel Studio\7.0\ArduinoSensorLM35\adsadasd\ArduinoCore\Debug\libArduinoCore.a(HardwareSerial.o)
 .text          0x00000000        0x0 C:\Users\Tamim\Documents\Atmel Studio\7.0\ArduinoSensorLM35\adsadasd\ArduinoCore\Debug\libArduinoCore.a(HardwareSerial.o)
 .data          0x00000000        0x0 C:\Users\Tamim\Documents\Atmel Studio\7.0\ArduinoSensorLM35\adsadasd\ArduinoCore\Debug\libArduinoCore.a(HardwareSerial.o)
 .bss           0x00000000        0x0 C:\Users\Tamim\Documents\Atmel Studio\7.0\ArduinoSensorLM35\adsadasd\ArduinoCore\Debug\libArduinoCore.a(HardwareSerial.o)
 .text._ZN14HardwareSerial3endEv
                0x00000000       0x44 C:\Users\Tamim\Documents\Atmel Studio\7.0\ArduinoSensorLM35\adsadasd\ArduinoCore\Debug\libArduinoCore.a(HardwareSerial.o)
 .group         0x00000000        0x8 C:\Users\Tamim\Documents\Atmel Studio\7.0\ArduinoSensorLM35\adsadasd\ArduinoCore\Debug\libArduinoCore.a(HardwareSerial0.o)
 .group         0x00000000        0x8 C:\Users\Tamim\Documents\Atmel Studio\7.0\ArduinoSensorLM35\adsadasd\ArduinoCore\Debug\libArduinoCore.a(HardwareSerial0.o)
 .text          0x00000000        0x0 C:\Users\Tamim\Documents\Atmel Studio\7.0\ArduinoSensorLM35\adsadasd\ArduinoCore\Debug\libArduinoCore.a(HardwareSerial0.o)
 .data          0x00000000        0x0 C:\Users\Tamim\Documents\Atmel Studio\7.0\ArduinoSensorLM35\adsadasd\ArduinoCore\Debug\libArduinoCore.a(HardwareSerial0.o)
 .bss           0x00000000        0x0 C:\Users\Tamim\Documents\Atmel Studio\7.0\ArduinoSensorLM35\adsadasd\ArduinoCore\Debug\libArduinoCore.a(HardwareSerial0.o)
 .text._ZN5Print17availableForWriteEv
                0x00000000        0x6 C:\Users\Tamim\Documents\Atmel Studio\7.0\ArduinoSensorLM35\adsadasd\ArduinoCore\Debug\libArduinoCore.a(HardwareSerial0.o)
 .text._ZN5Print5flushEv
                0x00000000        0x2 C:\Users\Tamim\Documents\Atmel Studio\7.0\ArduinoSensorLM35\adsadasd\ArduinoCore\Debug\libArduinoCore.a(HardwareSerial0.o)
 .text          0x00000000        0x0 C:\Users\Tamim\Documents\Atmel Studio\7.0\ArduinoSensorLM35\adsadasd\ArduinoCore\Debug\libArduinoCore.a(main.o)
 .data          0x00000000        0x0 C:\Users\Tamim\Documents\Atmel Studio\7.0\ArduinoSensorLM35\adsadasd\ArduinoCore\Debug\libArduinoCore.a(main.o)
 .bss           0x00000000        0x0 C:\Users\Tamim\Documents\Atmel Studio\7.0\ArduinoSensorLM35\adsadasd\ArduinoCore\Debug\libArduinoCore.a(main.o)
 .text.atexit   0x00000000        0x6 C:\Users\Tamim\Documents\Atmel Studio\7.0\ArduinoSensorLM35\adsadasd\ArduinoCore\Debug\libArduinoCore.a(main.o)
 .text._Z8setupUSBv
                0x00000000        0x2 C:\Users\Tamim\Documents\Atmel Studio\7.0\ArduinoSensorLM35\adsadasd\ArduinoCore\Debug\libArduinoCore.a(main.o)
 .group         0x00000000        0x8 C:\Users\Tamim\Documents\Atmel Studio\7.0\ArduinoSensorLM35\adsadasd\ArduinoCore\Debug\libArduinoCore.a(Print.o)
 .group         0x00000000        0x8 C:\Users\Tamim\Documents\Atmel Studio\7.0\ArduinoSensorLM35\adsadasd\ArduinoCore\Debug\libArduinoCore.a(Print.o)
 .group         0x00000000        0x8 C:\Users\Tamim\Documents\Atmel Studio\7.0\ArduinoSensorLM35\adsadasd\ArduinoCore\Debug\libArduinoCore.a(Print.o)
 .group         0x00000000        0x8 C:\Users\Tamim\Documents\Atmel Studio\7.0\ArduinoSensorLM35\adsadasd\ArduinoCore\Debug\libArduinoCore.a(Print.o)
 .text          0x00000000        0x0 C:\Users\Tamim\Documents\Atmel Studio\7.0\ArduinoSensorLM35\adsadasd\ArduinoCore\Debug\libArduinoCore.a(Print.o)
 .data          0x00000000        0x0 C:\Users\Tamim\Documents\Atmel Studio\7.0\ArduinoSensorLM35\adsadasd\ArduinoCore\Debug\libArduinoCore.a(Print.o)
 .bss           0x00000000        0x0 C:\Users\Tamim\Documents\Atmel Studio\7.0\ArduinoSensorLM35\adsadasd\ArduinoCore\Debug\libArduinoCore.a(Print.o)
 .text._ZN5Print17availableForWriteEv
                0x00000000        0x6 C:\Users\Tamim\Documents\Atmel Studio\7.0\ArduinoSensorLM35\adsadasd\ArduinoCore\Debug\libArduinoCore.a(Print.o)
 .text._ZN5Print5flushEv
                0x00000000        0x2 C:\Users\Tamim\Documents\Atmel Studio\7.0\ArduinoSensorLM35\adsadasd\ArduinoCore\Debug\libArduinoCore.a(Print.o)
 .text._ZN5Print5printEPK19__FlashStringHelper
                0x00000000       0x48 C:\Users\Tamim\Documents\Atmel Studio\7.0\ArduinoSensorLM35\adsadasd\ArduinoCore\Debug\libArduinoCore.a(Print.o)
 .text._ZN5Print5printERK6String
                0x00000000       0x1c C:\Users\Tamim\Documents\Atmel Studio\7.0\ArduinoSensorLM35\adsadasd\ArduinoCore\Debug\libArduinoCore.a(Print.o)
 .text._ZN5Print5printERK9Printable
                0x00000000       0x14 C:\Users\Tamim\Documents\Atmel Studio\7.0\ArduinoSensorLM35\adsadasd\ArduinoCore\Debug\libArduinoCore.a(Print.o)
 .text._ZN5Print7printlnEPK19__FlashStringHelper
                0x00000000       0x24 C:\Users\Tamim\Documents\Atmel Studio\7.0\ArduinoSensorLM35\adsadasd\ArduinoCore\Debug\libArduinoCore.a(Print.o)
 .text._ZN5Print7printlnERK6String
                0x00000000       0x24 C:\Users\Tamim\Documents\Atmel Studio\7.0\ArduinoSensorLM35\adsadasd\ArduinoCore\Debug\libArduinoCore.a(Print.o)
 .text._ZN5Print7printlnEc
                0x00000000       0x24 C:\Users\Tamim\Documents\Atmel Studio\7.0\ArduinoSensorLM35\adsadasd\ArduinoCore\Debug\libArduinoCore.a(Print.o)
 .text._ZN5Print7printlnERK9Printable
                0x00000000       0x24 C:\Users\Tamim\Documents\Atmel Studio\7.0\ArduinoSensorLM35\adsadasd\ArduinoCore\Debug\libArduinoCore.a(Print.o)
 .text._ZN5Print5printEhi
                0x00000000        0xe C:\Users\Tamim\Documents\Atmel Studio\7.0\ArduinoSensorLM35\adsadasd\ArduinoCore\Debug\libArduinoCore.a(Print.o)
 .text._ZN5Print7printlnEhi
                0x00000000       0x24 C:\Users\Tamim\Documents\Atmel Studio\7.0\ArduinoSensorLM35\adsadasd\ArduinoCore\Debug\libArduinoCore.a(Print.o)
 .text._ZN5Print7printlnEji
                0x00000000       0x24 C:\Users\Tamim\Documents\Atmel Studio\7.0\ArduinoSensorLM35\adsadasd\ArduinoCore\Debug\libArduinoCore.a(Print.o)
 .text._ZN5Print7printlnEmi
                0x00000000       0x24 C:\Users\Tamim\Documents\Atmel Studio\7.0\ArduinoSensorLM35\adsadasd\ArduinoCore\Debug\libArduinoCore.a(Print.o)
 .text._ZN5Print5printEli
                0x00000000       0x90 C:\Users\Tamim\Documents\Atmel Studio\7.0\ArduinoSensorLM35\adsadasd\ArduinoCore\Debug\libArduinoCore.a(Print.o)
 .text._ZN5Print5printEii
                0x00000000        0xe C:\Users\Tamim\Documents\Atmel Studio\7.0\ArduinoSensorLM35\adsadasd\ArduinoCore\Debug\libArduinoCore.a(Print.o)
 .text._ZN5Print7printlnEii
                0x00000000       0x24 C:\Users\Tamim\Documents\Atmel Studio\7.0\ArduinoSensorLM35\adsadasd\ArduinoCore\Debug\libArduinoCore.a(Print.o)
 .text._ZN5Print7printlnEli
                0x00000000       0x24 C:\Users\Tamim\Documents\Atmel Studio\7.0\ArduinoSensorLM35\adsadasd\ArduinoCore\Debug\libArduinoCore.a(Print.o)
 .text._ZN5Print7printlnEdi
                0x00000000       0x24 C:\Users\Tamim\Documents\Atmel Studio\7.0\ArduinoSensorLM35\adsadasd\ArduinoCore\Debug\libArduinoCore.a(Print.o)
 .rodata._ZTV5Print
                0x00000000        0xc C:\Users\Tamim\Documents\Atmel Studio\7.0\ArduinoSensorLM35\adsadasd\ArduinoCore\Debug\libArduinoCore.a(Print.o)
 .text          0x00000000        0x0 C:\Users\Tamim\Documents\Atmel Studio\7.0\ArduinoSensorLM35\adsadasd\ArduinoCore\Debug\libArduinoCore.a(wiring.o)
 .data          0x00000000        0x0 C:\Users\Tamim\Documents\Atmel Studio\7.0\ArduinoSensorLM35\adsadasd\ArduinoCore\Debug\libArduinoCore.a(wiring.o)
 .bss           0x00000000        0x0 C:\Users\Tamim\Documents\Atmel Studio\7.0\ArduinoSensorLM35\adsadasd\ArduinoCore\Debug\libArduinoCore.a(wiring.o)
 .text.millis   0x00000000       0x18 C:\Users\Tamim\Documents\Atmel Studio\7.0\ArduinoSensorLM35\adsadasd\ArduinoCore\Debug\libArduinoCore.a(wiring.o)
 .text.delayMicroseconds
                0x00000000       0x16 C:\Users\Tamim\Documents\Atmel Studio\7.0\ArduinoSensorLM35\adsadasd\ArduinoCore\Debug\libArduinoCore.a(wiring.o)
 .text          0x00000000        0x0 C:\Users\Tamim\Documents\Atmel Studio\7.0\ArduinoSensorLM35\adsadasd\ArduinoCore\Debug\libArduinoCore.a(wiring_analog.o)
 .data          0x00000000        0x0 C:\Users\Tamim\Documents\Atmel Studio\7.0\ArduinoSensorLM35\adsadasd\ArduinoCore\Debug\libArduinoCore.a(wiring_analog.o)
 .bss           0x00000000        0x0 C:\Users\Tamim\Documents\Atmel Studio\7.0\ArduinoSensorLM35\adsadasd\ArduinoCore\Debug\libArduinoCore.a(wiring_analog.o)
 .text.analogReference
                0x00000000        0x6 C:\Users\Tamim\Documents\Atmel Studio\7.0\ArduinoSensorLM35\adsadasd\ArduinoCore\Debug\libArduinoCore.a(wiring_analog.o)
 .text.analogWrite
                0x00000000       0xbe C:\Users\Tamim\Documents\Atmel Studio\7.0\ArduinoSensorLM35\adsadasd\ArduinoCore\Debug\libArduinoCore.a(wiring_analog.o)
 .text          0x00000000        0x0 C:\Users\Tamim\Documents\Atmel Studio\7.0\ArduinoSensorLM35\adsadasd\ArduinoCore\Debug\libArduinoCore.a(wiring_digital.o)
 .data          0x00000000        0x0 C:\Users\Tamim\Documents\Atmel Studio\7.0\ArduinoSensorLM35\adsadasd\ArduinoCore\Debug\libArduinoCore.a(wiring_digital.o)
 .bss           0x00000000        0x0 C:\Users\Tamim\Documents\Atmel Studio\7.0\ArduinoSensorLM35\adsadasd\ArduinoCore\Debug\libArduinoCore.a(wiring_digital.o)
 .text.turnOffPWM
                0x00000000       0x52 C:\Users\Tamim\Documents\Atmel Studio\7.0\ArduinoSensorLM35\adsadasd\ArduinoCore\Debug\libArduinoCore.a(wiring_digital.o)
 .text.digitalWrite
                0x00000000       0x5e C:\Users\Tamim\Documents\Atmel Studio\7.0\ArduinoSensorLM35\adsadasd\ArduinoCore\Debug\libArduinoCore.a(wiring_digital.o)
 .text.digitalRead
                0x00000000       0x52 C:\Users\Tamim\Documents\Atmel Studio\7.0\ArduinoSensorLM35\adsadasd\ArduinoCore\Debug\libArduinoCore.a(wiring_digital.o)
 .progmem.data.digital_pin_to_timer_PGM
                0x00000000       0x14 C:\Users\Tamim\Documents\Atmel Studio\7.0\ArduinoSensorLM35\adsadasd\ArduinoCore\Debug\libArduinoCore.a(wiring_digital.o)
 .progmem.data.port_to_input_PGM
                0x00000000        0xa C:\Users\Tamim\Documents\Atmel Studio\7.0\ArduinoSensorLM35\adsadasd\ArduinoCore\Debug\libArduinoCore.a(wiring_digital.o)
 .text          0x00000000        0x0 C:\Users\Tamim\Documents\Atmel Studio\7.0\ArduinoSensorLM35\adsadasd\ArduinoCore\Debug\libArduinoCore.a(abi.o)
 .data          0x00000000        0x0 C:\Users\Tamim\Documents\Atmel Studio\7.0\ArduinoSensorLM35\adsadasd\ArduinoCore\Debug\libArduinoCore.a(abi.o)
 .bss           0x00000000        0x0 C:\Users\Tamim\Documents\Atmel Studio\7.0\ArduinoSensorLM35\adsadasd\ArduinoCore\Debug\libArduinoCore.a(abi.o)
 .text.__cxa_pure_virtual
                0x00000000        0x4 C:\Users\Tamim\Documents\Atmel Studio\7.0\ArduinoSensorLM35\adsadasd\ArduinoCore\Debug\libArduinoCore.a(abi.o)
 .text.__cxa_deleted_virtual
                0x00000000        0x4 C:\Users\Tamim\Documents\Atmel Studio\7.0\ArduinoSensorLM35\adsadasd\ArduinoCore\Debug\libArduinoCore.a(abi.o)
 .debug_info    0x00000000       0x76 C:\Users\Tamim\Documents\Atmel Studio\7.0\ArduinoSensorLM35\adsadasd\ArduinoCore\Debug\libArduinoCore.a(abi.o)
 .debug_abbrev  0x00000000       0x6d C:\Users\Tamim\Documents\Atmel Studio\7.0\ArduinoSensorLM35\adsadasd\ArduinoCore\Debug\libArduinoCore.a(abi.o)
 .debug_aranges
                0x00000000       0x20 C:\Users\Tamim\Documents\Atmel Studio\7.0\ArduinoSensorLM35\adsadasd\ArduinoCore\Debug\libArduinoCore.a(abi.o)
 .debug_ranges  0x00000000       0x10 C:\Users\Tamim\Documents\Atmel Studio\7.0\ArduinoSensorLM35\adsadasd\ArduinoCore\Debug\libArduinoCore.a(abi.o)
 .debug_line    0x00000000       0xa9 C:\Users\Tamim\Documents\Atmel Studio\7.0\ArduinoSensorLM35\adsadasd\ArduinoCore\Debug\libArduinoCore.a(abi.o)
 .debug_str     0x00000000      0x1a0 C:\Users\Tamim\Documents\Atmel Studio\7.0\ArduinoSensorLM35\adsadasd\ArduinoCore\Debug\libArduinoCore.a(abi.o)
 .comment       0x00000000       0x31 C:\Users\Tamim\Documents\Atmel Studio\7.0\ArduinoSensorLM35\adsadasd\ArduinoCore\Debug\libArduinoCore.a(abi.o)
 .debug_frame   0x00000000       0x34 C:\Users\Tamim\Documents\Atmel Studio\7.0\ArduinoSensorLM35\adsadasd\ArduinoCore\Debug\libArduinoCore.a(abi.o)
 .text          0x00000000        0x0 C:\Users\Tamim\Documents\Atmel Studio\7.0\ArduinoSensorLM35\adsadasd\ArduinoCore\Debug\libArduinoCore.a(hooks.o)
 .data          0x00000000        0x0 C:\Users\Tamim\Documents\Atmel Studio\7.0\ArduinoSensorLM35\adsadasd\ArduinoCore\Debug\libArduinoCore.a(hooks.o)
 .bss           0x00000000        0x0 C:\Users\Tamim\Documents\Atmel Studio\7.0\ArduinoSensorLM35\adsadasd\ArduinoCore\Debug\libArduinoCore.a(hooks.o)
 .text          0x00000000        0x0 c:/program files (x86)/atmel/studio/7.0/toolchain/avr8/avr8-gnu-toolchain/bin/../lib/gcc/avr/5.4.0/../../../../avr/lib/avr5\libm.a(addsf3.o)
 .data          0x00000000        0x0 c:/program files (x86)/atmel/studio/7.0/toolchain/avr8/avr8-gnu-toolchain/bin/../lib/gcc/avr/5.4.0/../../../../avr/lib/avr5\libm.a(addsf3.o)
 .bss           0x00000000        0x0 c:/program files (x86)/atmel/studio/7.0/toolchain/avr8/avr8-gnu-toolchain/bin/../lib/gcc/avr/5.4.0/../../../../avr/lib/avr5\libm.a(addsf3.o)
 .text          0x00000000        0x0 c:/program files (x86)/atmel/studio/7.0/toolchain/avr8/avr8-gnu-toolchain/bin/../lib/gcc/avr/5.4.0/../../../../avr/lib/avr5\libm.a(addsf3x.o)
 .data          0x00000000        0x0 c:/program files (x86)/atmel/studio/7.0/toolchain/avr8/avr8-gnu-toolchain/bin/../lib/gcc/avr/5.4.0/../../../../avr/lib/avr5\libm.a(addsf3x.o)
 .bss           0x00000000        0x0 c:/program files (x86)/atmel/studio/7.0/toolchain/avr8/avr8-gnu-toolchain/bin/../lib/gcc/avr/5.4.0/../../../../avr/lib/avr5\libm.a(addsf3x.o)
 .text          0x00000000        0x0 c:/program files (x86)/atmel/studio/7.0/toolchain/avr8/avr8-gnu-toolchain/bin/../lib/gcc/avr/5.4.0/../../../../avr/lib/avr5\libm.a(cmpsf2.o)
 .data          0x00000000        0x0 c:/program files (x86)/atmel/studio/7.0/toolchain/avr8/avr8-gnu-toolchain/bin/../lib/gcc/avr/5.4.0/../../../../avr/lib/avr5\libm.a(cmpsf2.o)
 .bss           0x00000000        0x0 c:/program files (x86)/atmel/studio/7.0/toolchain/avr8/avr8-gnu-toolchain/bin/../lib/gcc/avr/5.4.0/../../../../avr/lib/avr5\libm.a(cmpsf2.o)
 .text          0x00000000        0x0 c:/program files (x86)/atmel/studio/7.0/toolchain/avr8/avr8-gnu-toolchain/bin/../lib/gcc/avr/5.4.0/../../../../avr/lib/avr5\libm.a(fixunssfsi.o)
 .data          0x00000000        0x0 c:/program files (x86)/atmel/studio/7.0/toolchain/avr8/avr8-gnu-toolchain/bin/../lib/gcc/avr/5.4.0/../../../../avr/lib/avr5\libm.a(fixunssfsi.o)
 .bss           0x00000000        0x0 c:/program files (x86)/atmel/studio/7.0/toolchain/avr8/avr8-gnu-toolchain/bin/../lib/gcc/avr/5.4.0/../../../../avr/lib/avr5\libm.a(fixunssfsi.o)
 .text          0x00000000        0x0 c:/program files (x86)/atmel/studio/7.0/toolchain/avr8/avr8-gnu-toolchain/bin/../lib/gcc/avr/5.4.0/../../../../avr/lib/avr5\libm.a(fp_cmp.o)
 .data          0x00000000        0x0 c:/program files (x86)/atmel/studio/7.0/toolchain/avr8/avr8-gnu-toolchain/bin/../lib/gcc/avr/5.4.0/../../../../avr/lib/avr5\libm.a(fp_cmp.o)
 .bss           0x00000000        0x0 c:/program files (x86)/atmel/studio/7.0/toolchain/avr8/avr8-gnu-toolchain/bin/../lib/gcc/avr/5.4.0/../../../../avr/lib/avr5\libm.a(fp_cmp.o)
 .text          0x00000000        0x0 c:/program files (x86)/atmel/studio/7.0/toolchain/avr8/avr8-gnu-toolchain/bin/../lib/gcc/avr/5.4.0/../../../../avr/lib/avr5\libm.a(gesf2.o)
 .data          0x00000000        0x0 c:/program files (x86)/atmel/studio/7.0/toolchain/avr8/avr8-gnu-toolchain/bin/../lib/gcc/avr/5.4.0/../../../../avr/lib/avr5\libm.a(gesf2.o)
 .bss           0x00000000        0x0 c:/program files (x86)/atmel/studio/7.0/toolchain/avr8/avr8-gnu-toolchain/bin/../lib/gcc/avr/5.4.0/../../../../avr/lib/avr5\libm.a(gesf2.o)
 .text          0x00000000        0x0 c:/program files (x86)/atmel/studio/7.0/toolchain/avr8/avr8-gnu-toolchain/bin/../lib/gcc/avr/5.4.0/../../../../avr/lib/avr5\libm.a(unordsf2.o)
 .data          0x00000000        0x0 c:/program files (x86)/atmel/studio/7.0/toolchain/avr8/avr8-gnu-toolchain/bin/../lib/gcc/avr/5.4.0/../../../../avr/lib/avr5\libm.a(unordsf2.o)
 .bss           0x00000000        0x0 c:/program files (x86)/atmel/studio/7.0/toolchain/avr8/avr8-gnu-toolchain/bin/../lib/gcc/avr/5.4.0/../../../../avr/lib/avr5\libm.a(unordsf2.o)
 .text          0x00000000        0x0 c:/program files (x86)/atmel/studio/7.0/toolchain/avr8/avr8-gnu-toolchain/bin/../lib/gcc/avr/5.4.0/avr5\libgcc.a(_udivmodsi4.o)
 .data          0x00000000        0x0 c:/program files (x86)/atmel/studio/7.0/toolchain/avr8/avr8-gnu-toolchain/bin/../lib/gcc/avr/5.4.0/avr5\libgcc.a(_udivmodsi4.o)
 .bss           0x00000000        0x0 c:/program files (x86)/atmel/studio/7.0/toolchain/avr8/avr8-gnu-toolchain/bin/../lib/gcc/avr/5.4.0/avr5\libgcc.a(_udivmodsi4.o)
 .text.libgcc.mul
                0x00000000        0x0 c:/program files (x86)/atmel/studio/7.0/toolchain/avr8/avr8-gnu-toolchain/bin/../lib/gcc/avr/5.4.0/avr5\libgcc.a(_udivmodsi4.o)
 .text.libgcc   0x00000000        0x0 c:/program files (x86)/atmel/studio/7.0/toolchain/avr8/avr8-gnu-toolchain/bin/../lib/gcc/avr/5.4.0/avr5\libgcc.a(_udivmodsi4.o)
 .text.libgcc.prologue
                0x00000000        0x0 c:/program files (x86)/atmel/studio/7.0/toolchain/avr8/avr8-gnu-toolchain/bin/../lib/gcc/avr/5.4.0/avr5\libgcc.a(_udivmodsi4.o)
 .text.libgcc.builtins
                0x00000000        0x0 c:/program files (x86)/atmel/studio/7.0/toolchain/avr8/avr8-gnu-toolchain/bin/../lib/gcc/avr/5.4.0/avr5\libgcc.a(_udivmodsi4.o)
 .text.libgcc.fmul
                0x00000000        0x0 c:/program files (x86)/atmel/studio/7.0/toolchain/avr8/avr8-gnu-toolchain/bin/../lib/gcc/avr/5.4.0/avr5\libgcc.a(_udivmodsi4.o)
 .text.libgcc.fixed
                0x00000000        0x0 c:/program files (x86)/atmel/studio/7.0/toolchain/avr8/avr8-gnu-toolchain/bin/../lib/gcc/avr/5.4.0/avr5\libgcc.a(_udivmodsi4.o)
 .text          0x00000000        0x0 c:/program files (x86)/atmel/studio/7.0/toolchain/avr8/avr8-gnu-toolchain/bin/../lib/gcc/avr/5.4.0/avr5\libgcc.a(_exit.o)
 .data          0x00000000        0x0 c:/program files (x86)/atmel/studio/7.0/toolchain/avr8/avr8-gnu-toolchain/bin/../lib/gcc/avr/5.4.0/avr5\libgcc.a(_exit.o)
 .bss           0x00000000        0x0 c:/program files (x86)/atmel/studio/7.0/toolchain/avr8/avr8-gnu-toolchain/bin/../lib/gcc/avr/5.4.0/avr5\libgcc.a(_exit.o)
 .text.libgcc.mul
                0x00000000        0x0 c:/program files (x86)/atmel/studio/7.0/toolchain/avr8/avr8-gnu-toolchain/bin/../lib/gcc/avr/5.4.0/avr5\libgcc.a(_exit.o)
 .text.libgcc.div
                0x00000000        0x0 c:/program files (x86)/atmel/studio/7.0/toolchain/avr8/avr8-gnu-toolchain/bin/../lib/gcc/avr/5.4.0/avr5\libgcc.a(_exit.o)
 .text.libgcc   0x00000000        0x0 c:/program files (x86)/atmel/studio/7.0/toolchain/avr8/avr8-gnu-toolchain/bin/../lib/gcc/avr/5.4.0/avr5\libgcc.a(_exit.o)
 .text.libgcc.prologue
                0x00000000        0x0 c:/program files (x86)/atmel/studio/7.0/toolchain/avr8/avr8-gnu-toolchain/bin/../lib/gcc/avr/5.4.0/avr5\libgcc.a(_exit.o)
 .text.libgcc.builtins
                0x00000000        0x0 c:/program files (x86)/atmel/studio/7.0/toolchain/avr8/avr8-gnu-toolchain/bin/../lib/gcc/avr/5.4.0/avr5\libgcc.a(_exit.o)
 .text.libgcc.fmul
                0x00000000        0x0 c:/program files (x86)/atmel/studio/7.0/toolchain/avr8/avr8-gnu-toolchain/bin/../lib/gcc/avr/5.4.0/avr5\libgcc.a(_exit.o)
 .text.libgcc.fixed
                0x00000000        0x0 c:/program files (x86)/atmel/studio/7.0/toolchain/avr8/avr8-gnu-toolchain/bin/../lib/gcc/avr/5.4.0/avr5\libgcc.a(_exit.o)
 .text          0x00000000        0x0 c:/program files (x86)/atmel/studio/7.0/toolchain/avr8/avr8-gnu-toolchain/bin/../lib/gcc/avr/5.4.0/avr5\libgcc.a(_copy_data.o)
 .data          0x00000000        0x0 c:/program files (x86)/atmel/studio/7.0/toolchain/avr8/avr8-gnu-toolchain/bin/../lib/gcc/avr/5.4.0/avr5\libgcc.a(_copy_data.o)
 .bss           0x00000000        0x0 c:/program files (x86)/atmel/studio/7.0/toolchain/avr8/avr8-gnu-toolchain/bin/../lib/gcc/avr/5.4.0/avr5\libgcc.a(_copy_data.o)
 .text.libgcc.mul
                0x00000000        0x0 c:/program files (x86)/atmel/studio/7.0/toolchain/avr8/avr8-gnu-toolchain/bin/../lib/gcc/avr/5.4.0/avr5\libgcc.a(_copy_data.o)
 .text.libgcc.div
                0x00000000        0x0 c:/program files (x86)/atmel/studio/7.0/toolchain/avr8/avr8-gnu-toolchain/bin/../lib/gcc/avr/5.4.0/avr5\libgcc.a(_copy_data.o)
 .text.libgcc   0x00000000        0x0 c:/program files (x86)/atmel/studio/7.0/toolchain/avr8/avr8-gnu-toolchain/bin/../lib/gcc/avr/5.4.0/avr5\libgcc.a(_copy_data.o)
 .text.libgcc.prologue
                0x00000000        0x0 c:/program files (x86)/atmel/studio/7.0/toolchain/avr8/avr8-gnu-toolchain/bin/../lib/gcc/avr/5.4.0/avr5\libgcc.a(_copy_data.o)
 .text.libgcc.builtins
                0x00000000        0x0 c:/program files (x86)/atmel/studio/7.0/toolchain/avr8/avr8-gnu-toolchain/bin/../lib/gcc/avr/5.4.0/avr5\libgcc.a(_copy_data.o)
 .text.libgcc.fmul
                0x00000000        0x0 c:/program files (x86)/atmel/studio/7.0/toolchain/avr8/avr8-gnu-toolchain/bin/../lib/gcc/avr/5.4.0/avr5\libgcc.a(_copy_data.o)
 .text.libgcc.fixed
                0x00000000        0x0 c:/program files (x86)/atmel/studio/7.0/toolchain/avr8/avr8-gnu-toolchain/bin/../lib/gcc/avr/5.4.0/avr5\libgcc.a(_copy_data.o)
 .text          0x00000000        0x0 c:/program files (x86)/atmel/studio/7.0/toolchain/avr8/avr8-gnu-toolchain/bin/../lib/gcc/avr/5.4.0/avr5\libgcc.a(_clear_bss.o)
 .data          0x00000000        0x0 c:/program files (x86)/atmel/studio/7.0/toolchain/avr8/avr8-gnu-toolchain/bin/../lib/gcc/avr/5.4.0/avr5\libgcc.a(_clear_bss.o)
 .bss           0x00000000        0x0 c:/program files (x86)/atmel/studio/7.0/toolchain/avr8/avr8-gnu-toolchain/bin/../lib/gcc/avr/5.4.0/avr5\libgcc.a(_clear_bss.o)
 .text.libgcc.mul
                0x00000000        0x0 c:/program files (x86)/atmel/studio/7.0/toolchain/avr8/avr8-gnu-toolchain/bin/../lib/gcc/avr/5.4.0/avr5\libgcc.a(_clear_bss.o)
 .text.libgcc.div
                0x00000000        0x0 c:/program files (x86)/atmel/studio/7.0/toolchain/avr8/avr8-gnu-toolchain/bin/../lib/gcc/avr/5.4.0/avr5\libgcc.a(_clear_bss.o)
 .text.libgcc   0x00000000        0x0 c:/program files (x86)/atmel/studio/7.0/toolchain/avr8/avr8-gnu-toolchain/bin/../lib/gcc/avr/5.4.0/avr5\libgcc.a(_clear_bss.o)
 .text.libgcc.prologue
                0x00000000        0x0 c:/program files (x86)/atmel/studio/7.0/toolchain/avr8/avr8-gnu-toolchain/bin/../lib/gcc/avr/5.4.0/avr5\libgcc.a(_clear_bss.o)
 .text.libgcc.builtins
                0x00000000        0x0 c:/program files (x86)/atmel/studio/7.0/toolchain/avr8/avr8-gnu-toolchain/bin/../lib/gcc/avr/5.4.0/avr5\libgcc.a(_clear_bss.o)
 .text.libgcc.fmul
                0x00000000        0x0 c:/program files (x86)/atmel/studio/7.0/toolchain/avr8/avr8-gnu-toolchain/bin/../lib/gcc/avr/5.4.0/avr5\libgcc.a(_clear_bss.o)
 .text.libgcc.fixed
                0x00000000        0x0 c:/program files (x86)/atmel/studio/7.0/toolchain/avr8/avr8-gnu-toolchain/bin/../lib/gcc/avr/5.4.0/avr5\libgcc.a(_clear_bss.o)
 .text          0x00000000        0x0 c:/program files (x86)/atmel/studio/7.0/toolchain/avr8/avr8-gnu-toolchain/bin/../lib/gcc/avr/5.4.0/avr5\libgcc.a(_ctors.o)
 .data          0x00000000        0x0 c:/program files (x86)/atmel/studio/7.0/toolchain/avr8/avr8-gnu-toolchain/bin/../lib/gcc/avr/5.4.0/avr5\libgcc.a(_ctors.o)
 .bss           0x00000000        0x0 c:/program files (x86)/atmel/studio/7.0/toolchain/avr8/avr8-gnu-toolchain/bin/../lib/gcc/avr/5.4.0/avr5\libgcc.a(_ctors.o)
 .text.libgcc.mul
                0x00000000        0x0 c:/program files (x86)/atmel/studio/7.0/toolchain/avr8/avr8-gnu-toolchain/bin/../lib/gcc/avr/5.4.0/avr5\libgcc.a(_ctors.o)
 .text.libgcc.div
                0x00000000        0x0 c:/program files (x86)/atmel/studio/7.0/toolchain/avr8/avr8-gnu-toolchain/bin/../lib/gcc/avr/5.4.0/avr5\libgcc.a(_ctors.o)
 .text.libgcc   0x00000000        0x0 c:/program files (x86)/atmel/studio/7.0/toolchain/avr8/avr8-gnu-toolchain/bin/../lib/gcc/avr/5.4.0/avr5\libgcc.a(_ctors.o)
 .text.libgcc.prologue
                0x00000000        0x0 c:/program files (x86)/atmel/studio/7.0/toolchain/avr8/avr8-gnu-toolchain/bin/../lib/gcc/avr/5.4.0/avr5\libgcc.a(_ctors.o)
 .text.libgcc.builtins
                0x00000000        0x0 c:/program files (x86)/atmel/studio/7.0/toolchain/avr8/avr8-gnu-toolchain/bin/../lib/gcc/avr/5.4.0/avr5\libgcc.a(_ctors.o)
 .text.libgcc.fmul
                0x00000000        0x0 c:/program files (x86)/atmel/studio/7.0/toolchain/avr8/avr8-gnu-toolchain/bin/../lib/gcc/avr/5.4.0/avr5\libgcc.a(_ctors.o)
 .text.libgcc.fixed
                0x00000000        0x0 c:/program files (x86)/atmel/studio/7.0/toolchain/avr8/avr8-gnu-toolchain/bin/../lib/gcc/avr/5.4.0/avr5\libgcc.a(_ctors.o)
 .text          0x00000000        0x0 c:/program files (x86)/atmel/studio/7.0/toolchain/avr8/avr8-gnu-toolchain/bin/../lib/gcc/avr/5.4.0/avr5\libgcc.a(_tablejump2.o)
 .data          0x00000000        0x0 c:/program files (x86)/atmel/studio/7.0/toolchain/avr8/avr8-gnu-toolchain/bin/../lib/gcc/avr/5.4.0/avr5\libgcc.a(_tablejump2.o)
 .bss           0x00000000        0x0 c:/program files (x86)/atmel/studio/7.0/toolchain/avr8/avr8-gnu-toolchain/bin/../lib/gcc/avr/5.4.0/avr5\libgcc.a(_tablejump2.o)
 .text.libgcc.mul
                0x00000000        0x0 c:/program files (x86)/atmel/studio/7.0/toolchain/avr8/avr8-gnu-toolchain/bin/../lib/gcc/avr/5.4.0/avr5\libgcc.a(_tablejump2.o)
 .text.libgcc.div
                0x00000000        0x0 c:/program files (x86)/atmel/studio/7.0/toolchain/avr8/avr8-gnu-toolchain/bin/../lib/gcc/avr/5.4.0/avr5\libgcc.a(_tablejump2.o)
 .text.libgcc.prologue
                0x00000000        0x0 c:/program files (x86)/atmel/studio/7.0/toolchain/avr8/avr8-gnu-toolchain/bin/../lib/gcc/avr/5.4.0/avr5\libgcc.a(_tablejump2.o)
 .text.libgcc.builtins
                0x00000000        0x0 c:/program files (x86)/atmel/studio/7.0/toolchain/avr8/avr8-gnu-toolchain/bin/../lib/gcc/avr/5.4.0/avr5\libgcc.a(_tablejump2.o)
 .text.libgcc.fmul
                0x00000000        0x0 c:/program files (x86)/atmel/studio/7.0/toolchain/avr8/avr8-gnu-toolchain/bin/../lib/gcc/avr/5.4.0/avr5\libgcc.a(_tablejump2.o)
 .text.libgcc.fixed
                0x00000000        0x0 c:/program files (x86)/atmel/studio/7.0/toolchain/avr8/avr8-gnu-toolchain/bin/../lib/gcc/avr/5.4.0/avr5\libgcc.a(_tablejump2.o)
 .text          0x00000000        0x0 c:/program files (x86)/atmel/studio/7.0/toolchain/avr8/avr8-gnu-toolchain/bin/../lib/gcc/avr/5.4.0/../../../../avr/lib/avr5\libc.a(abort.o)
 .data          0x00000000        0x0 c:/program files (x86)/atmel/studio/7.0/toolchain/avr8/avr8-gnu-toolchain/bin/../lib/gcc/avr/5.4.0/../../../../avr/lib/avr5\libc.a(abort.o)
 .bss           0x00000000        0x0 c:/program files (x86)/atmel/studio/7.0/toolchain/avr8/avr8-gnu-toolchain/bin/../lib/gcc/avr/5.4.0/../../../../avr/lib/avr5\libc.a(abort.o)
 .text.avr-libc
                0x00000000        0xa c:/program files (x86)/atmel/studio/7.0/toolchain/avr8/avr8-gnu-toolchain/bin/../lib/gcc/avr/5.4.0/../../../../avr/lib/avr5\libc.a(abort.o)

Memory Configuration

Name             Origin             Length             Attributes
text             0x00000000         0x00020000         xr
data             0x00800060         0x0000ffa0         rw !x
eeprom           0x00810000         0x00010000         rw !x
fuse             0x00820000         0x00000003         rw !x
lock             0x00830000         0x00000400         rw !x
signature        0x00840000         0x00000400         rw !x
user_signatures  0x00850000         0x00000400         rw !x
*default*        0x00000000         0xffffffff

Linker script and memory map

Address of section .data set to 0x800100
LOAD C:/Program Files (x86)/Atmel/Studio/7.0/Packs/atmel/ATmega_DFP/1.2.132/gcc/dev/atmega328p/avr5/crtatmega328p.o
LOAD Sketch.o
START GROUP
LOAD c:/program files (x86)/atmel/studio/7.0/toolchain/avr8/avr8-gnu-toolchain/bin/../lib/gcc/avr/5.4.0/../../../../avr/lib/avr5\libm.a
LOAD C:\Users\Tamim\Documents\Atmel Studio\7.0\ArduinoSensorLM35\adsadasd\ArduinoCore\Debug\libArduinoCore.a
END GROUP
LOAD c:/program files (x86)/atmel/studio/7.0/toolchain/avr8/avr8-gnu-toolchain/bin/../lib/gcc/avr/5.4.0/avr5\libgcc.a
LOAD c:/program files (x86)/atmel/studio/7.0/toolchain/avr8/avr8-gnu-toolchain/bin/../lib/gcc/avr/5.4.0/../../../../avr/lib/avr5\libm.a
START GROUP
LOAD c:/program files (x86)/atmel/studio/7.0/toolchain/avr8/avr8-gnu-toolchain/bin/../lib/gcc/avr/5.4.0/avr5\libgcc.a
LOAD c:/program files (x86)/atmel/studio/7.0/toolchain/avr8/avr8-gnu-toolchain/bin/../lib/gcc/avr/5.4.0/../../../../avr/lib/avr5\libm.a
LOAD c:/program files (x86)/atmel/studio/7.0/toolchain/avr8/avr8-gnu-toolchain/bin/../lib/gcc/avr/5.4.0/../../../../avr/lib/avr5\libc.a
LOAD C:/Program Files (x86)/Atmel/Studio/7.0/Packs/atmel/ATmega_DFP/1.2.132/gcc/dev/atmega328p/avr5\libatmega328p.a
END GROUP
                0x00020000                __TEXT_REGION_LENGTH__ = DEFINED (__TEXT_REGION_LENGTH__)?__TEXT_REGION_LENGTH__:0x20000
                0x0000ffa0                __DATA_REGION_LENGTH__ = DEFINED (__DATA_REGION_LENGTH__)?__DATA_REGION_LENGTH__:0xffa0
                0x00010000                __EEPROM_REGION_LENGTH__ = DEFINED (__EEPROM_REGION_LENGTH__)?__EEPROM_REGION_LENGTH__:0x10000
                [0x00000003]                __FUSE_REGION_LENGTH__ = DEFINED (__FUSE_REGION_LENGTH__)?__FUSE_REGION_LENGTH__:0x400
                0x00000400                __LOCK_REGION_LENGTH__ = DEFINED (__LOCK_REGION_LENGTH__)?__LOCK_REGION_LENGTH__:0x400
                0x00000400                __SIGNATURE_REGION_LENGTH__ = DEFINED (__SIGNATURE_REGION_LENGTH__)?__SIGNATURE_REGION_LENGTH__:0x400
                0x00000400                __USER_SIGNATURE_REGION_LENGTH__ = DEFINED (__USER_SIGNATURE_REGION_LENGTH__)?__USER_SIGNATURE_REGION_LENGTH__:0x400

.hash
 *(.hash)

.dynsym
 *(.dynsym)

.dynstr
 *(.dynstr)

.gnu.version
 *(.gnu.version)

.gnu.version_d
 *(.gnu.version_d)

.gnu.version_r
 *(.gnu.version_r)

.rel.init
 *(.rel.init)

.rela.init
 *(.rela.init)

.rel.text
 *(.rel.text)
 *(.rel.text.*)
 *(.rel.gnu.linkonce.t*)

.rela.text
 *(.rela.text)
 *(.rela.text.*)
 *(.rela.gnu.linkonce.t*)

.rel.fini
 *(.rel.fini)

.rela.fini
 *(.rela.fini)

.rel.rodata
 *(.rel.rodata)
 *(.rel.rodata.*)
 *(.rel.gnu.linkonce.r*)

.rela.rodata
 *(.rela.rodata)
 *(.rela.rodata.*)
 *(.rela.gnu.linkonce.r*)

.rel.data
 *(.rel.data)
 *(.rel.data.*)
 *(.rel.gnu.linkonce.d*)

.rela.data
 *(.rela.data)
 *(.rela.data.*)
 *(.rela.gnu.linkonce.d*)

.rel.ctors
 *(.rel.ctors)

.rela.ctors
 *(.rela.ctors)

.rel.dtors
 *(.rel.dtors)

.rela.dtors
 *(.rela.dtors)

.rel.got
 *(.rel.got)

.rela.got
 *(.rela.got)

.rel.bss
 *(.rel.bss)

.rela.bss
 *(.rela.bss)

.rel.plt
 *(.rel.plt)

.rela.plt
 *(.rela.plt)

.text           0x00000000     0x101e
 *(.vectors)
 .vectors       0x00000000       0x68 C:/Program Files (x86)/Atmel/Studio/7.0/Packs/atmel/ATmega_DFP/1.2.132/gcc/dev/atmega328p/avr5/crtatmega328p.o
                0x00000000                __vector_default
                0x00000000                __vectors
 *(.vectors)
 *(.progmem.gcc*)
                0x00000068                . = ALIGN (0x2)
                0x00000068                __trampolines_start = .
 *(.trampolines)
 .trampolines   0x00000068        0x0 linker stubs
 *(.trampolines*)
                0x00000068                __trampolines_end = .
 *libprintf_flt.a:*(.progmem.data)
 *libc.a:*(.progmem.data)
 *(.progmem*)
 .progmem.data.digital_pin_to_bit_mask_PGM
                0x00000068       0x14 C:\Users\Tamim\Documents\Atmel Studio\7.0\ArduinoSensorLM35\adsadasd\ArduinoCore\Debug\libArduinoCore.a(wiring_digital.o)
                0x00000068                digital_pin_to_bit_mask_PGM
 .progmem.data.digital_pin_to_port_PGM
                0x0000007c       0x14 C:\Users\Tamim\Documents\Atmel Studio\7.0\ArduinoSensorLM35\adsadasd\ArduinoCore\Debug\libArduinoCore.a(wiring_digital.o)
                0x0000007c                digital_pin_to_port_PGM
 .progmem.data.port_to_output_PGM
                0x00000090        0xa C:\Users\Tamim\Documents\Atmel Studio\7.0\ArduinoSensorLM35\adsadasd\ArduinoCore\Debug\libArduinoCore.a(wiring_digital.o)
                0x00000090                port_to_output_PGM
 .progmem.data.port_to_mode_PGM
                0x0000009a        0xa C:\Users\Tamim\Documents\Atmel Studio\7.0\ArduinoSensorLM35\adsadasd\ArduinoCore\Debug\libArduinoCore.a(wiring_digital.o)
                0x0000009a                port_to_mode_PGM
                0x000000a4                . = ALIGN (0x2)
 *(.jumptables)
 *(.jumptables*)
 *(.lowtext)
 *(.lowtext*)
                0x000000a4                __ctors_start = .
 *(.ctors)
 .ctors         0x000000a4        0x2 C:\Users\Tamim\Documents\Atmel Studio\7.0\ArduinoSensorLM35\adsadasd\ArduinoCore\Debug\libArduinoCore.a(HardwareSerial0.o)
                0x000000a6                __ctors_end = .
                0x000000a6                __dtors_start = .
 *(.dtors)
                0x000000a6                __dtors_end = .
 SORT(*)(.ctors)
 SORT(*)(.dtors)
 *(.init0)
 .init0         0x000000a6        0x0 C:/Program Files (x86)/Atmel/Studio/7.0/Packs/atmel/ATmega_DFP/1.2.132/gcc/dev/atmega328p/avr5/crtatmega328p.o
                0x000000a6                __init
 *(.init0)
 *(.init1)
 *(.init1)
 *(.init2)
 .init2         0x000000a6        0xc C:/Program Files (x86)/Atmel/Studio/7.0/Packs/atmel/ATmega_DFP/1.2.132/gcc/dev/atmega328p/avr5/crtatmega328p.o
 *(.init2)
 *(.init3)
 *(.init3)
 *(.init4)
 .init4         0x000000b2       0x16 c:/program files (x86)/atmel/studio/7.0/toolchain/avr8/avr8-gnu-toolchain/bin/../lib/gcc/avr/5.4.0/avr5\libgcc.a(_copy_data.o)
                0x000000b2                __do_copy_data
 .init4         0x000000c8       0x10 c:/program files (x86)/atmel/studio/7.0/toolchain/avr8/avr8-gnu-toolchain/bin/../lib/gcc/avr/5.4.0/avr5\libgcc.a(_clear_bss.o)
                0x000000c8                __do_clear_bss
 *(.init4)
 *(.init5)
 *(.init5)
 *(.init6)
 .init6         0x000000d8       0x16 c:/program files (x86)/atmel/studio/7.0/toolchain/avr8/avr8-gnu-toolchain/bin/../lib/gcc/avr/5.4.0/avr5\libgcc.a(_ctors.o)
                0x000000d8                __do_global_ctors
 *(.init6)
 *(.init7)
 *(.init7)
 *(.init8)
 *(.init8)
 *(.init9)
 .init9         0x000000ee        0x8 C:/Program Files (x86)/Atmel/Studio/7.0/Packs/atmel/ATmega_DFP/1.2.132/gcc/dev/atmega328p/avr5/crtatmega328p.o
 *(.init9)
 *(.text)
 .text          0x000000f6        0x4 C:/Program Files (x86)/Atmel/Studio/7.0/Packs/atmel/ATmega_DFP/1.2.132/gcc/dev/atmega328p/avr5/crtatmega328p.o
                0x000000f6                __vector_22
                0x000000f6                __vector_1
                0x000000f6                __vector_24
                0x000000f6                __vector_12
                0x000000f6                __bad_interrupt
                0x000000f6                __vector_6
                0x000000f6                __vector_3
                0x000000f6                __vector_23
                0x000000f6                __vector_25
                0x000000f6                __vector_11
                0x000000f6                __vector_13
                0x000000f6                __vector_17
                0x000000f6                __vector_7
                0x000000f6                __vector_5
                0x000000f6                __vector_4
                0x000000f6                __vector_9
                0x000000f6                __vector_2
                0x000000f6                __vector_21
                0x000000f6                __vector_15
                0x000000f6                __vector_8
                0x000000f6                __vector_14
                0x000000f6                __vector_10
                0x000000f6                __vector_20
                0x000000fa                . = ALIGN (0x2)
 *(.text.*)
 .text.setup    0x000000fa       0x1a Sketch.o
                0x000000fa                setup
 .text.loop     0x00000114       0xde Sketch.o
                0x00000114                loop
 .text.avr-libc.fplib
                0x000001f2        0x8 c:/program files (x86)/atmel/studio/7.0/toolchain/avr8/avr8-gnu-toolchain/bin/../lib/gcc/avr/5.4.0/../../../../avr/lib/avr5\libm.a(divsf3.o)
                0x000001f2                __divsf3
 .text.avr-libc.fplib
                0x000001fa       0xdc c:/program files (x86)/atmel/studio/7.0/toolchain/avr8/avr8-gnu-toolchain/bin/../lib/gcc/avr/5.4.0/../../../../avr/lib/avr5\libm.a(divsf3x.o)
                0x0000021a                __divsf3x
                0x00000220                __divsf3_pse
 .text.avr-libc.fplib
                0x000002d6       0x7a c:/program files (x86)/atmel/studio/7.0/toolchain/avr8/avr8-gnu-toolchain/bin/../lib/gcc/avr/5.4.0/../../../../avr/lib/avr5\libm.a(floatsisf.o)
                0x000002d6                __floatunsisf
                0x000002da                __floatsisf
 .text.avr-libc.fplib
                0x00000350        0xc c:/program files (x86)/atmel/studio/7.0/toolchain/avr8/avr8-gnu-toolchain/bin/../lib/gcc/avr/5.4.0/../../../../avr/lib/avr5\libm.a(fp_inf.o)
                0x00000350                __fp_inf
 .text.avr-libc.fplib
                0x0000035c        0x6 c:/program files (x86)/atmel/studio/7.0/toolchain/avr8/avr8-gnu-toolchain/bin/../lib/gcc/avr/5.4.0/../../../../avr/lib/avr5\libm.a(fp_nan.o)
                0x0000035c                __fp_nan
 .text.avr-libc.fplib
                0x00000362        0xe c:/program files (x86)/atmel/studio/7.0/toolchain/avr8/avr8-gnu-toolchain/bin/../lib/gcc/avr/5.4.0/../../../../avr/lib/avr5\libm.a(fp_pscA.o)
                0x00000362                __fp_pscA
 .text.avr-libc.fplib
                0x00000370        0xe c:/program files (x86)/atmel/studio/7.0/toolchain/avr8/avr8-gnu-toolchain/bin/../lib/gcc/avr/5.4.0/../../../../avr/lib/avr5\libm.a(fp_pscB.o)
                0x00000370                __fp_pscB
 .text.avr-libc.fplib
                0x0000037e       0x22 c:/program files (x86)/atmel/studio/7.0/toolchain/avr8/avr8-gnu-toolchain/bin/../lib/gcc/avr/5.4.0/../../../../avr/lib/avr5\libm.a(fp_round.o)
                0x0000037e                __fp_round
 .text.avr-libc.fplib
                0x000003a0       0x44 c:/program files (x86)/atmel/studio/7.0/toolchain/avr8/avr8-gnu-toolchain/bin/../lib/gcc/avr/5.4.0/../../../../avr/lib/avr5\libm.a(fp_split3.o)
                0x000003a0                __fp_split3
                0x000003b0                __fp_splitA
 .text.avr-libc.fplib
                0x000003e4        0xe c:/program files (x86)/atmel/studio/7.0/toolchain/avr8/avr8-gnu-toolchain/bin/../lib/gcc/avr/5.4.0/../../../../avr/lib/avr5\libm.a(fp_zero.o)
                0x000003e4                __fp_zero
                0x000003e6                __fp_szero
 .text.avr-libc.fplib
                0x000003f2        0x8 c:/program files (x86)/atmel/studio/7.0/toolchain/avr8/avr8-gnu-toolchain/bin/../lib/gcc/avr/5.4.0/../../../../avr/lib/avr5\libm.a(mulsf3.o)
                0x000003f2                __mulsf3
 .text.avr-libc.fplib
                0x000003fa       0xd2 c:/program files (x86)/atmel/studio/7.0/toolchain/avr8/avr8-gnu-toolchain/bin/../lib/gcc/avr/5.4.0/../../../../avr/lib/avr5\libm.a(mulsf3x.o)
                0x00000418                __mulsf3x
                0x0000041e                __mulsf3_pse
 .text._ZN14HardwareSerial9availableEv
                0x000004cc       0x18 C:\Users\Tamim\Documents\Atmel Studio\7.0\ArduinoSensorLM35\adsadasd\ArduinoCore\Debug\libArduinoCore.a(HardwareSerial.o)
                0x000004cc                _ZN14HardwareSerial9availableEv
 .text._ZN14HardwareSerial4peekEv
                0x000004e4       0x1c C:\Users\Tamim\Documents\Atmel Studio\7.0\ArduinoSensorLM35\adsadasd\ArduinoCore\Debug\libArduinoCore.a(HardwareSerial.o)
                0x000004e4                _ZN14HardwareSerial4peekEv
 .text._ZN14HardwareSerial4readEv
                0x00000500       0x28 C:\Users\Tamim\Documents\Atmel Studio\7.0\ArduinoSensorLM35\adsadasd\ArduinoCore\Debug\libArduinoCore.a(HardwareSerial.o)
                0x00000500                _ZN14HardwareSerial4readEv
 .text._ZN14HardwareSerial17availableForWriteEv
                0x00000528       0x1e C:\Users\Tamim\Documents\Atmel Studio\7.0\ArduinoSensorLM35\adsadasd\ArduinoCore\Debug\libArduinoCore.a(HardwareSerial.o)
                0x00000528                _ZN14HardwareSerial17availableForWriteEv
 .text._Z14serialEventRunv
                0x00000546       0x1c C:\Users\Tamim\Documents\Atmel Studio\7.0\ArduinoSensorLM35\adsadasd\ArduinoCore\Debug\libArduinoCore.a(HardwareSerial.o)
                0x00000546                _Z14serialEventRunv
 .text._ZN14HardwareSerial17_tx_udr_empty_irqEv
                0x00000562       0x42 C:\Users\Tamim\Documents\Atmel Studio\7.0\ArduinoSensorLM35\adsadasd\ArduinoCore\Debug\libArduinoCore.a(HardwareSerial.o)
                0x00000562                _ZN14HardwareSerial17_tx_udr_empty_irqEv
 .text._ZN14HardwareSerial5writeEh
                0x000005a4       0x8e C:\Users\Tamim\Documents\Atmel Studio\7.0\ArduinoSensorLM35\adsadasd\ArduinoCore\Debug\libArduinoCore.a(HardwareSerial.o)
                0x000005a4                _ZN14HardwareSerial5writeEh
 .text._ZN14HardwareSerial5flushEv
                0x00000632       0x44 C:\Users\Tamim\Documents\Atmel Studio\7.0\ArduinoSensorLM35\adsadasd\ArduinoCore\Debug\libArduinoCore.a(HardwareSerial.o)
                0x00000632                _ZN14HardwareSerial5flushEv
 .text._ZN14HardwareSerial5beginEmh
                0x00000676       0xca C:\Users\Tamim\Documents\Atmel Studio\7.0\ArduinoSensorLM35\adsadasd\ArduinoCore\Debug\libArduinoCore.a(HardwareSerial.o)
                0x00000676                _ZN14HardwareSerial5beginEmh
 .text.__vector_18
                0x00000740       0x64 C:\Users\Tamim\Documents\Atmel Studio\7.0\ArduinoSensorLM35\adsadasd\ArduinoCore\Debug\libArduinoCore.a(HardwareSerial0.o)
                0x00000740                __vector_18
 .text.__vector_19
                0x000007a4       0x4c C:\Users\Tamim\Documents\Atmel Studio\7.0\ArduinoSensorLM35\adsadasd\ArduinoCore\Debug\libArduinoCore.a(HardwareSerial0.o)
                0x000007a4                __vector_19
 .text._Z17Serial0_availablev
                0x000007f0       0x14 C:\Users\Tamim\Documents\Atmel Studio\7.0\ArduinoSensorLM35\adsadasd\ArduinoCore\Debug\libArduinoCore.a(HardwareSerial0.o)
                0x000007f0                _Z17Serial0_availablev
 .text.startup._GLOBAL__sub_I___vector_18
                0x00000804       0x5a C:\Users\Tamim\Documents\Atmel Studio\7.0\ArduinoSensorLM35\adsadasd\ArduinoCore\Debug\libArduinoCore.a(HardwareSerial0.o)
 .text.initVariant
                0x0000085e        0x2 C:\Users\Tamim\Documents\Atmel Studio\7.0\ArduinoSensorLM35\adsadasd\ArduinoCore\Debug\libArduinoCore.a(main.o)
                0x0000085e                initVariant
 .text.startup.main
                0x00000860       0x1e C:\Users\Tamim\Documents\Atmel Studio\7.0\ArduinoSensorLM35\adsadasd\ArduinoCore\Debug\libArduinoCore.a(main.o)
                0x00000860                main
 .text._ZN5Print5writeEPKhj
                0x0000087e       0x54 C:\Users\Tamim\Documents\Atmel Studio\7.0\ArduinoSensorLM35\adsadasd\ArduinoCore\Debug\libArduinoCore.a(Print.o)
                0x0000087e                _ZN5Print5writeEPKhj
 .text._ZN5Print5writeEPKc
                0x000008d2       0x2a C:\Users\Tamim\Documents\Atmel Studio\7.0\ArduinoSensorLM35\adsadasd\ArduinoCore\Debug\libArduinoCore.a(Print.o)
                0x000008d2                _ZN5Print5writeEPKc
 .text._ZN5Print5printEPKc
                0x000008fc        0x4 C:\Users\Tamim\Documents\Atmel Studio\7.0\ArduinoSensorLM35\adsadasd\ArduinoCore\Debug\libArduinoCore.a(Print.o)
                0x000008fc                _ZN5Print5printEPKc
 .text._ZN5Print5printEc
                0x00000900        0xe C:\Users\Tamim\Documents\Atmel Studio\7.0\ArduinoSensorLM35\adsadasd\ArduinoCore\Debug\libArduinoCore.a(Print.o)
                0x00000900                _ZN5Print5printEc
 .text._ZN5Print7printlnEv
                0x0000090e        0x8 C:\Users\Tamim\Documents\Atmel Studio\7.0\ArduinoSensorLM35\adsadasd\ArduinoCore\Debug\libArduinoCore.a(Print.o)
                0x0000090e                _ZN5Print7printlnEv
 .text._ZN5Print7printlnEPKc
                0x00000916       0x24 C:\Users\Tamim\Documents\Atmel Studio\7.0\ArduinoSensorLM35\adsadasd\ArduinoCore\Debug\libArduinoCore.a(Print.o)
                0x00000916                _ZN5Print7printlnEPKc
 .text._ZN5Print11printNumberEmh
                0x0000093a       0x92 C:\Users\Tamim\Documents\Atmel Studio\7.0\ArduinoSensorLM35\adsadasd\ArduinoCore\Debug\libArduinoCore.a(Print.o)
                0x0000093a                _ZN5Print11printNumberEmh
 .text._ZN5Print5printEmi
                0x000009cc       0x1a C:\Users\Tamim\Documents\Atmel Studio\7.0\ArduinoSensorLM35\adsadasd\ArduinoCore\Debug\libArduinoCore.a(Print.o)
                0x000009cc                _ZN5Print5printEmi
 .text._ZN5Print5printEji
                0x000009e6        0xc C:\Users\Tamim\Documents\Atmel Studio\7.0\ArduinoSensorLM35\adsadasd\ArduinoCore\Debug\libArduinoCore.a(Print.o)
                0x000009e6                _ZN5Print5printEji
 .text._ZN5Print10printFloatEdh
                0x000009f2      0x1b6 C:\Users\Tamim\Documents\Atmel Studio\7.0\ArduinoSensorLM35\adsadasd\ArduinoCore\Debug\libArduinoCore.a(Print.o)
                0x000009f2                _ZN5Print10printFloatEdh
 .text._ZN5Print5printEdi
                0x00000ba8        0x4 C:\Users\Tamim\Documents\Atmel Studio\7.0\ArduinoSensorLM35\adsadasd\ArduinoCore\Debug\libArduinoCore.a(Print.o)
                0x00000ba8                _ZN5Print5printEdi
 .text.__vector_16
                0x00000bac       0x94 C:\Users\Tamim\Documents\Atmel Studio\7.0\ArduinoSensorLM35\adsadasd\ArduinoCore\Debug\libArduinoCore.a(wiring.o)
                0x00000bac                __vector_16
 .text.micros   0x00000c40       0x4a C:\Users\Tamim\Documents\Atmel Studio\7.0\ArduinoSensorLM35\adsadasd\ArduinoCore\Debug\libArduinoCore.a(wiring.o)
                0x00000c40                micros
 .text.delay    0x00000c8a       0x78 C:\Users\Tamim\Documents\Atmel Studio\7.0\ArduinoSensorLM35\adsadasd\ArduinoCore\Debug\libArduinoCore.a(wiring.o)
                0x00000c8a                delay
 .text.init     0x00000d02       0x76 C:\Users\Tamim\Documents\Atmel Studio\7.0\ArduinoSensorLM35\adsadasd\ArduinoCore\Debug\libArduinoCore.a(wiring.o)
                0x00000d02                init
 .text.analogRead
                0x00000d78       0x3a C:\Users\Tamim\Documents\Atmel Studio\7.0\ArduinoSensorLM35\adsadasd\ArduinoCore\Debug\libArduinoCore.a(wiring_analog.o)
                0x00000d78                analogRead
 .text.pinMode  0x00000db2       0x78 C:\Users\Tamim\Documents\Atmel Studio\7.0\ArduinoSensorLM35\adsadasd\ArduinoCore\Debug\libArduinoCore.a(wiring_digital.o)
                0x00000db2                pinMode
 .text.__empty  0x00000e2a        0x2 C:\Users\Tamim\Documents\Atmel Studio\7.0\ArduinoSensorLM35\adsadasd\ArduinoCore\Debug\libArduinoCore.a(hooks.o)
                0x00000e2a                yield
 .text.avr-libc.fplib
                0x00000e2c        0xe c:/program files (x86)/atmel/studio/7.0/toolchain/avr8/avr8-gnu-toolchain/bin/../lib/gcc/avr/5.4.0/../../../../avr/lib/avr5\libm.a(addsf3.o)
                0x00000e2c                __subsf3
                0x00000e2e                __addsf3
 .text.avr-libc.fplib
                0x00000e3a       0xcc c:/program files (x86)/atmel/studio/7.0/toolchain/avr8/avr8-gnu-toolchain/bin/../lib/gcc/avr/5.4.0/../../../../avr/lib/avr5\libm.a(addsf3x.o)
                0x00000e5c                __addsf3x
 .text.avr-libc.fplib
                0x00000f06        0xa c:/program files (x86)/atmel/studio/7.0/toolchain/avr8/avr8-gnu-toolchain/bin/../lib/gcc/avr/5.4.0/../../../../avr/lib/avr5\libm.a(cmpsf2.o)
                0x00000f06                __nesf2
                0x00000f06                __eqsf2
                0x00000f06                __cmpsf2
                0x00000f06                __ltsf2
                0x00000f06                __lesf2
 .text.avr-libc.fplib
                0x00000f10       0x5e c:/program files (x86)/atmel/studio/7.0/toolchain/avr8/avr8-gnu-toolchain/bin/../lib/gcc/avr/5.4.0/../../../../avr/lib/avr5\libm.a(fixunssfsi.o)
                0x00000f10                __fixunssfsi
 .text.avr-libc.fplib
                0x00000f6e       0x48 c:/program files (x86)/atmel/studio/7.0/toolchain/avr8/avr8-gnu-toolchain/bin/../lib/gcc/avr/5.4.0/../../../../avr/lib/avr5\libm.a(fp_cmp.o)
                0x00000f6e                __fp_cmp
 .text.avr-libc.fplib
                0x00000fb6        0xa c:/program files (x86)/atmel/studio/7.0/toolchain/avr8/avr8-gnu-toolchain/bin/../lib/gcc/avr/5.4.0/../../../../avr/lib/avr5\libm.a(gesf2.o)
                0x00000fb6                __gesf2
                0x00000fb6                __gtsf2
 .text.avr-libc.fplib
                0x00000fc0        0xa c:/program files (x86)/atmel/studio/7.0/toolchain/avr8/avr8-gnu-toolchain/bin/../lib/gcc/avr/5.4.0/../../../../avr/lib/avr5\libm.a(unordsf2.o)
                0x00000fc0                __unordsf2
 .text.libgcc.div
                0x00000fca       0x44 c:/program files (x86)/atmel/studio/7.0/toolchain/avr8/avr8-gnu-toolchain/bin/../lib/gcc/avr/5.4.0/avr5\libgcc.a(_udivmodsi4.o)
                0x00000fca                __udivmodsi4
 .text.libgcc   0x0000100e        0xc c:/program files (x86)/atmel/studio/7.0/toolchain/avr8/avr8-gnu-toolchain/bin/../lib/gcc/avr/5.4.0/avr5\libgcc.a(_tablejump2.o)
                0x0000100e                __tablejump2__
                0x0000101a                . = ALIGN (0x2)
 *(.fini9)
 .fini9         0x0000101a        0x0 c:/program files (x86)/atmel/studio/7.0/toolchain/avr8/avr8-gnu-toolchain/bin/../lib/gcc/avr/5.4.0/avr5\libgcc.a(_exit.o)
                0x0000101a                _exit
                0x0000101a                exit
 *(.fini9)
 *(.fini8)
 *(.fini8)
 *(.fini7)
 *(.fini7)
 *(.fini6)
 *(.fini6)
 *(.fini5)
 *(.fini5)
 *(.fini4)
 *(.fini4)
 *(.fini3)
 *(.fini3)
 *(.fini2)
 *(.fini2)
 *(.fini1)
 *(.fini1)
 *(.fini0)
 .fini0         0x0000101a        0x4 c:/program files (x86)/atmel/studio/7.0/toolchain/avr8/avr8-gnu-toolchain/bin/../lib/gcc/avr/5.4.0/avr5\libgcc.a(_exit.o)
 *(.fini0)
                0x0000101e                _etext = .

.data           0x00800100       0x44 load address 0x0000101e
                0x00800100                PROVIDE (__data_start, .)
 *(.data)
 *(.data*)
 .data.analog_reference
                0x00800100        0x1 C:\Users\Tamim\Documents\Atmel Studio\7.0\ArduinoSensorLM35\adsadasd\ArduinoCore\Debug\libArduinoCore.a(wiring_analog.o)
                0x00800100                analog_reference
 *(.rodata)
 *(.rodata*)
 .rodata.str1.1
                0x00800101       0x22 Sketch.o
 .rodata._ZTV14HardwareSerial
                0x00800123       0x12 C:\Users\Tamim\Documents\Atmel Studio\7.0\ArduinoSensorLM35\adsadasd\ArduinoCore\Debug\libArduinoCore.a(HardwareSerial.o)
                0x00800123                _ZTV14HardwareSerial
 .rodata.str1.1
                0x00800135        0xf C:\Users\Tamim\Documents\Atmel Studio\7.0\ArduinoSensorLM35\adsadasd\ArduinoCore\Debug\libArduinoCore.a(Print.o)
 *(.gnu.linkonce.d*)
                0x00800144                . = ALIGN (0x2)
                0x00800144                _edata = .
                0x00800144                PROVIDE (__data_end, .)

.bss            0x00800144       0xa6
                0x00800144                PROVIDE (__bss_start, .)
 *(.bss)
 *(.bss*)
 .bss.Serial    0x00800144       0x9d C:\Users\Tamim\Documents\Atmel Studio\7.0\ArduinoSensorLM35\adsadasd\ArduinoCore\Debug\libArduinoCore.a(HardwareSerial0.o)
                0x00800144                Serial
 .bss.timer0_fract
                0x008001e1        0x1 C:\Users\Tamim\Documents\Atmel Studio\7.0\ArduinoSensorLM35\adsadasd\ArduinoCore\Debug\libArduinoCore.a(wiring.o)
 .bss.timer0_millis
                0x008001e2        0x4 C:\Users\Tamim\Documents\Atmel Studio\7.0\ArduinoSensorLM35\adsadasd\ArduinoCore\Debug\libArduinoCore.a(wiring.o)
                0x008001e2                timer0_millis
 .bss.timer0_overflow_count
                0x008001e6        0x4 C:\Users\Tamim\Documents\Atmel Studio\7.0\ArduinoSensorLM35\adsadasd\ArduinoCore\Debug\libArduinoCore.a(wiring.o)
                0x008001e6                timer0_overflow_count
 *(COMMON)
                0x008001ea                PROVIDE (__bss_end, .)
                0x0000101e                __data_load_start = LOADADDR (.data)
                0x00001062                __data_load_end = (__data_load_start + SIZEOF (.data))

.noinit         0x008001ea        0x0
                [!provide]                PROVIDE (__noinit_start, .)
 *(.noinit*)
                [!provide]                PROVIDE (__noinit_end, .)
                0x008001ea                _end = .
                [!provide]                PROVIDE (__heap_start, .)

.eeprom         0x00810000        0x0
 *(.eeprom*)
                0x00810000                __eeprom_end = .

.fuse
 *(.fuse)
 *(.lfuse)
 *(.hfuse)
 *(.efuse)

.lock
 *(.lock*)

.signature
 *(.signature*)

.user_signatures
 *(.user_signatures*)

.stab
 *(.stab)

.stabstr
 *(.stabstr)

.stab.excl
 *(.stab.excl)

.stab.exclstr
 *(.stab.exclstr)

.stab.index
 *(.stab.index)

.stab.indexstr
 *(.stab.indexstr)

.comment        0x00000000       0x30
 *(.comment)
 .comment       0x00000000       0x30 Sketch.o
                                 0x31 (size before relaxing)
 .comment       0x00000030       0x31 C:\Users\Tamim\Documents\Atmel Studio\7.0\ArduinoSensorLM35\adsadasd\ArduinoCore\Debug\libArduinoCore.a(HardwareSerial.o)
 .comment       0x00000030       0x31 C:\Users\Tamim\Documents\Atmel Studio\7.0\ArduinoSensorLM35\adsadasd\ArduinoCore\Debug\libArduinoCore.a(HardwareSerial0.o)
 .comment       0x00000030       0x31 C:\Users\Tamim\Documents\Atmel Studio\7.0\ArduinoSensorLM35\adsadasd\ArduinoCore\Debug\libArduinoCore.a(main.o)
 .comment       0x00000030       0x31 C:\Users\Tamim\Documents\Atmel Studio\7.0\ArduinoSensorLM35\adsadasd\ArduinoCore\Debug\libArduinoCore.a(Print.o)
 .comment       0x00000030       0x31 C:\Users\Tamim\Documents\Atmel Studio\7.0\ArduinoSensorLM35\adsadasd\ArduinoCore\Debug\libArduinoCore.a(wiring.o)
 .comment       0x00000030       0x31 C:\Users\Tamim\Documents\Atmel Studio\7.0\ArduinoSensorLM35\adsadasd\ArduinoCore\Debug\libArduinoCore.a(wiring_analog.o)
 .comment       0x00000030       0x31 C:\Users\Tamim\Documents\Atmel Studio\7.0\ArduinoSensorLM35\adsadasd\ArduinoCore\Debug\libArduinoCore.a(wiring_digital.o)
 .comment       0x00000030       0x31 C:\Users\Tamim\Documents\Atmel Studio\7.0\ArduinoSensorLM35\adsadasd\ArduinoCore\Debug\libArduinoCore.a(hooks.o)

.note.gnu.avr.deviceinfo
                0x00000000       0x40
 .note.gnu.avr.deviceinfo
                0x00000000       0x40 C:/Program Files (x86)/Atmel/Studio/7.0/Packs/atmel/ATmega_DFP/1.2.132/gcc/dev/atmega328p/avr5/crtatmega328p.o

.note.gnu.build-id
 *(.note.gnu.build-id)

.debug
 *(.debug)

.line
 *(.line)

.debug_srcinfo
 *(.debug_srcinfo)

.debug_sfnames
 *(.debug_sfnames)

.debug_aranges  0x00000000      0x2d8
 *(.debug_aranges)
 .debug_aranges
                0x00000000       0x28 Sketch.o
 .debug_aranges
                0x00000028       0x68 C:\Users\Tamim\Documents\Atmel Studio\7.0\ArduinoSensorLM35\adsadasd\ArduinoCore\Debug\libArduinoCore.a(HardwareSerial.o)
 .debug_aranges
                0x00000090       0x48 C:\Users\Tamim\Documents\Atmel Studio\7.0\ArduinoSensorLM35\adsadasd\ArduinoCore\Debug\libArduinoCore.a(HardwareSerial0.o)
 .debug_aranges
                0x000000d8       0x30 C:\Users\Tamim\Documents\Atmel Studio\7.0\ArduinoSensorLM35\adsadasd\ArduinoCore\Debug\libArduinoCore.a(main.o)
 .debug_aranges
                0x00000108      0x100 C:\Users\Tamim\Documents\Atmel Studio\7.0\ArduinoSensorLM35\adsadasd\ArduinoCore\Debug\libArduinoCore.a(Print.o)
 .debug_aranges
                0x00000208       0x48 C:\Users\Tamim\Documents\Atmel Studio\7.0\ArduinoSensorLM35\adsadasd\ArduinoCore\Debug\libArduinoCore.a(wiring.o)
 .debug_aranges
                0x00000250       0x30 C:\Users\Tamim\Documents\Atmel Studio\7.0\ArduinoSensorLM35\adsadasd\ArduinoCore\Debug\libArduinoCore.a(wiring_analog.o)
 .debug_aranges
                0x00000280       0x38 C:\Users\Tamim\Documents\Atmel Studio\7.0\ArduinoSensorLM35\adsadasd\ArduinoCore\Debug\libArduinoCore.a(wiring_digital.o)
 .debug_aranges
                0x000002b8       0x20 C:\Users\Tamim\Documents\Atmel Studio\7.0\ArduinoSensorLM35\adsadasd\ArduinoCore\Debug\libArduinoCore.a(hooks.o)

.debug_pubnames
 *(.debug_pubnames)

.debug_info     0x00000000     0x7a7d
 *(.debug_info .gnu.linkonce.wi.*)
 .debug_info    0x00000000      0x5f4 C:/Program Files (x86)/Atmel/Studio/7.0/Packs/atmel/ATmega_DFP/1.2.132/gcc/dev/atmega328p/avr5/crtatmega328p.o
 .debug_info    0x000005f4      0x440 Sketch.o
 .debug_info    0x00000a34     0x1e89 C:\Users\Tamim\Documents\Atmel Studio\7.0\ArduinoSensorLM35\adsadasd\ArduinoCore\Debug\libArduinoCore.a(HardwareSerial.o)
 .debug_info    0x000028bd     0x1b16 C:\Users\Tamim\Documents\Atmel Studio\7.0\ArduinoSensorLM35\adsadasd\ArduinoCore\Debug\libArduinoCore.a(HardwareSerial0.o)
 .debug_info    0x000043d3      0x237 C:\Users\Tamim\Documents\Atmel Studio\7.0\ArduinoSensorLM35\adsadasd\ArduinoCore\Debug\libArduinoCore.a(main.o)
 .debug_info    0x0000460a     0x28ff C:\Users\Tamim\Documents\Atmel Studio\7.0\ArduinoSensorLM35\adsadasd\ArduinoCore\Debug\libArduinoCore.a(Print.o)
 .debug_info    0x00006f09      0x2cb C:\Users\Tamim\Documents\Atmel Studio\7.0\ArduinoSensorLM35\adsadasd\ArduinoCore\Debug\libArduinoCore.a(wiring.o)
 .debug_info    0x000071d4      0x26d C:\Users\Tamim\Documents\Atmel Studio\7.0\ArduinoSensorLM35\adsadasd\ArduinoCore\Debug\libArduinoCore.a(wiring_analog.o)
 .debug_info    0x00007441      0x5fe C:\Users\Tamim\Documents\Atmel Studio\7.0\ArduinoSensorLM35\adsadasd\ArduinoCore\Debug\libArduinoCore.a(wiring_digital.o)
 .debug_info    0x00007a3f       0x3e C:\Users\Tamim\Documents\Atmel Studio\7.0\ArduinoSensorLM35\adsadasd\ArduinoCore\Debug\libArduinoCore.a(hooks.o)

.debug_abbrev   0x00000000     0x1959
 *(.debug_abbrev)
 .debug_abbrev  0x00000000      0x5a2 C:/Program Files (x86)/Atmel/Studio/7.0/Packs/atmel/ATmega_DFP/1.2.132/gcc/dev/atmega328p/avr5/crtatmega328p.o
 .debug_abbrev  0x000005a2      0x1da Sketch.o
 .debug_abbrev  0x0000077c      0x432 C:\Users\Tamim\Documents\Atmel Studio\7.0\ArduinoSensorLM35\adsadasd\ArduinoCore\Debug\libArduinoCore.a(HardwareSerial.o)
 .debug_abbrev  0x00000bae      0x3ce C:\Users\Tamim\Documents\Atmel Studio\7.0\ArduinoSensorLM35\adsadasd\ArduinoCore\Debug\libArduinoCore.a(HardwareSerial0.o)
 .debug_abbrev  0x00000f7c      0x12d C:\Users\Tamim\Documents\Atmel Studio\7.0\ArduinoSensorLM35\adsadasd\ArduinoCore\Debug\libArduinoCore.a(main.o)
 .debug_abbrev  0x000010a9      0x47a C:\Users\Tamim\Documents\Atmel Studio\7.0\ArduinoSensorLM35\adsadasd\ArduinoCore\Debug\libArduinoCore.a(Print.o)
 .debug_abbrev  0x00001523      0x146 C:\Users\Tamim\Documents\Atmel Studio\7.0\ArduinoSensorLM35\adsadasd\ArduinoCore\Debug\libArduinoCore.a(wiring.o)
 .debug_abbrev  0x00001669      0x16b C:\Users\Tamim\Documents\Atmel Studio\7.0\ArduinoSensorLM35\adsadasd\ArduinoCore\Debug\libArduinoCore.a(wiring_analog.o)
 .debug_abbrev  0x000017d4      0x15b C:\Users\Tamim\Documents\Atmel Studio\7.0\ArduinoSensorLM35\adsadasd\ArduinoCore\Debug\libArduinoCore.a(wiring_digital.o)
 .debug_abbrev  0x0000192f       0x2a C:\Users\Tamim\Documents\Atmel Studio\7.0\ArduinoSensorLM35\adsadasd\ArduinoCore\Debug\libArduinoCore.a(hooks.o)

.debug_line     0x00000000     0x1916
 *(.debug_line .debug_line.* .debug_line_end)
 .debug_line    0x00000000      0x133 C:/Program Files (x86)/Atmel/Studio/7.0/Packs/atmel/ATmega_DFP/1.2.132/gcc/dev/atmega328p/avr5/crtatmega328p.o
 .debug_line    0x00000133      0x20c Sketch.o
 .debug_line    0x0000033f      0x426 C:\Users\Tamim\Documents\Atmel Studio\7.0\ArduinoSensorLM35\adsadasd\ArduinoCore\Debug\libArduinoCore.a(HardwareSerial.o)
 .debug_line    0x00000765      0x28c C:\Users\Tamim\Documents\Atmel Studio\7.0\ArduinoSensorLM35\adsadasd\ArduinoCore\Debug\libArduinoCore.a(HardwareSerial0.o)
 .debug_line    0x000009f1      0x165 C:\Users\Tamim\Documents\Atmel Studio\7.0\ArduinoSensorLM35\adsadasd\ArduinoCore\Debug\libArduinoCore.a(main.o)
 .debug_line    0x00000b56      0x685 C:\Users\Tamim\Documents\Atmel Studio\7.0\ArduinoSensorLM35\adsadasd\ArduinoCore\Debug\libArduinoCore.a(Print.o)
 .debug_line    0x000011db      0x299 C:\Users\Tamim\Documents\Atmel Studio\7.0\ArduinoSensorLM35\adsadasd\ArduinoCore\Debug\libArduinoCore.a(wiring.o)
 .debug_line    0x00001474      0x20f C:\Users\Tamim\Documents\Atmel Studio\7.0\ArduinoSensorLM35\adsadasd\ArduinoCore\Debug\libArduinoCore.a(wiring_analog.o)
 .debug_line    0x00001683      0x252 C:\Users\Tamim\Documents\Atmel Studio\7.0\ArduinoSensorLM35\adsadasd\ArduinoCore\Debug\libArduinoCore.a(wiring_digital.o)
 .debug_line    0x000018d5       0x41 C:\Users\Tamim\Documents\Atmel Studio\7.0\ArduinoSensorLM35\adsadasd\ArduinoCore\Debug\libArduinoCore.a(hooks.o)

.debug_frame    0x00000000      0x804
 *(.debug_frame)
 .debug_frame   0x00000000       0x5c Sketch.o
 .debug_frame   0x0000005c      0x110 C:\Users\Tamim\Documents\Atmel Studio\7.0\ArduinoSensorLM35\adsadasd\ArduinoCore\Debug\libArduinoCore.a(HardwareSerial.o)
 .debug_frame   0x0000016c       0xe0 C:\Users\Tamim\Documents\Atmel Studio\7.0\ArduinoSensorLM35\adsadasd\ArduinoCore\Debug\libArduinoCore.a(HardwareSerial0.o)
 .debug_frame   0x0000024c       0x54 C:\Users\Tamim\Documents\Atmel Studio\7.0\ArduinoSensorLM35\adsadasd\ArduinoCore\Debug\libArduinoCore.a(main.o)
 .debug_frame   0x000002a0      0x3ac C:\Users\Tamim\Documents\Atmel Studio\7.0\ArduinoSensorLM35\adsadasd\ArduinoCore\Debug\libArduinoCore.a(Print.o)
 .debug_frame   0x0000064c       0xc4 C:\Users\Tamim\Documents\Atmel Studio\7.0\ArduinoSensorLM35\adsadasd\ArduinoCore\Debug\libArduinoCore.a(wiring.o)
 .debug_frame   0x00000710       0x54 C:\Users\Tamim\Documents\Atmel Studio\7.0\ArduinoSensorLM35\adsadasd\ArduinoCore\Debug\libArduinoCore.a(wiring_analog.o)
 .debug_frame   0x00000764       0x7c C:\Users\Tamim\Documents\Atmel Studio\7.0\ArduinoSensorLM35\adsadasd\ArduinoCore\Debug\libArduinoCore.a(wiring_digital.o)
 .debug_frame   0x000007e0       0x24 C:\Users\Tamim\Documents\Atmel Studio\7.0\ArduinoSensorLM35\adsadasd\ArduinoCore\Debug\libArduinoCore.a(hooks.o)

.debug_str      0x00000000     0x1f67
 *(.debug_str)
 .debug_str     0x00000000      0x208 C:/Program Files (x86)/Atmel/Studio/7.0/Packs/atmel/ATmega_DFP/1.2.132/gcc/dev/atmega328p/avr5/crtatmega328p.o
 .debug_str     0x00000208      0x30a Sketch.o
                                0x35c (size before relaxing)
 .debug_str     0x00000512     0x1314 C:\Users\Tamim\Documents\Atmel Studio\7.0\ArduinoSensorLM35\adsadasd\ArduinoCore\Debug\libArduinoCore.a(HardwareSerial.o)
                               0x15ee (size before relaxing)
 .debug_str     0x00001826       0xca C:\Users\Tamim\Documents\Atmel Studio\7.0\ArduinoSensorLM35\adsadasd\ArduinoCore\Debug\libArduinoCore.a(HardwareSerial0.o)
                               0x140a (size before relaxing)
 .debug_str     0x000018f0       0x37 C:\Users\Tamim\Documents\Atmel Studio\7.0\ArduinoSensorLM35\adsadasd\ArduinoCore\Debug\libArduinoCore.a(main.o)
                                0x2b6 (size before relaxing)
 .debug_str     0x00001927      0x3a6 C:\Users\Tamim\Documents\Atmel Studio\7.0\ArduinoSensorLM35\adsadasd\ArduinoCore\Debug\libArduinoCore.a(Print.o)
                               0x1244 (size before relaxing)
 .debug_str     0x00001ccd      0x15c C:\Users\Tamim\Documents\Atmel Studio\7.0\ArduinoSensorLM35\adsadasd\ArduinoCore\Debug\libArduinoCore.a(wiring.o)
                                0x24c (size before relaxing)
 .debug_str     0x00001e29       0x79 C:\Users\Tamim\Documents\Atmel Studio\7.0\ArduinoSensorLM35\adsadasd\ArduinoCore\Debug\libArduinoCore.a(wiring_analog.o)
                                0x250 (size before relaxing)
 .debug_str     0x00001ea2       0xa9 C:\Users\Tamim\Documents\Atmel Studio\7.0\ArduinoSensorLM35\adsadasd\ArduinoCore\Debug\libArduinoCore.a(wiring_digital.o)
                                0x2b1 (size before relaxing)
 .debug_str     0x00001f4b       0x1c C:\Users\Tamim\Documents\Atmel Studio\7.0\ArduinoSensorLM35\adsadasd\ArduinoCore\Debug\libArduinoCore.a(hooks.o)
                                0x141 (size before relaxing)

.debug_loc      0x00000000     0x2d2d
 *(.debug_loc)
 .debug_loc     0x00000000       0xed Sketch.o
 .debug_loc     0x000000ed      0x482 C:\Users\Tamim\Documents\Atmel Studio\7.0\ArduinoSensorLM35\adsadasd\ArduinoCore\Debug\libArduinoCore.a(HardwareSerial.o)
 .debug_loc     0x0000056f      0x1b0 C:\Users\Tamim\Documents\Atmel Studio\7.0\ArduinoSensorLM35\adsadasd\ArduinoCore\Debug\libArduinoCore.a(HardwareSerial0.o)
 .debug_loc     0x0000071f     0x1c87 C:\Users\Tamim\Documents\Atmel Studio\7.0\ArduinoSensorLM35\adsadasd\ArduinoCore\Debug\libArduinoCore.a(Print.o)
 .debug_loc     0x000023a6      0x28d C:\Users\Tamim\Documents\Atmel Studio\7.0\ArduinoSensorLM35\adsadasd\ArduinoCore\Debug\libArduinoCore.a(wiring.o)
 .debug_loc     0x00002633       0xfe C:\Users\Tamim\Documents\Atmel Studio\7.0\ArduinoSensorLM35\adsadasd\ArduinoCore\Debug\libArduinoCore.a(wiring_analog.o)
 .debug_loc     0x00002731      0x5fc C:\Users\Tamim\Documents\Atmel Studio\7.0\ArduinoSensorLM35\adsadasd\ArduinoCore\Debug\libArduinoCore.a(wiring_digital.o)

.debug_macinfo
 *(.debug_macinfo)

.debug_weaknames
 *(.debug_weaknames)

.debug_funcnames
 *(.debug_funcnames)

.debug_typenames
 *(.debug_typenames)

.debug_varnames
 *(.debug_varnames)

.debug_pubtypes
 *(.debug_pubtypes)

.debug_ranges   0x00000000      0x278
 *(.debug_ranges)
 .debug_ranges  0x00000000       0x18 Sketch.o
 .debug_ranges  0x00000018       0x58 C:\Users\Tamim\Documents\Atmel Studio\7.0\ArduinoSensorLM35\adsadasd\ArduinoCore\Debug\libArduinoCore.a(HardwareSerial.o)
 .debug_ranges  0x00000070       0x38 C:\Users\Tamim\Documents\Atmel Studio\7.0\ArduinoSensorLM35\adsadasd\ArduinoCore\Debug\libArduinoCore.a(HardwareSerial0.o)
 .debug_ranges  0x000000a8       0x20 C:\Users\Tamim\Documents\Atmel Studio\7.0\ArduinoSensorLM35\adsadasd\ArduinoCore\Debug\libArduinoCore.a(main.o)
 .debug_ranges  0x000000c8      0x120 C:\Users\Tamim\Documents\Atmel Studio\7.0\ArduinoSensorLM35\adsadasd\ArduinoCore\Debug\libArduinoCore.a(Print.o)
 .debug_ranges  0x000001e8       0x38 C:\Users\Tamim\Documents\Atmel Studio\7.0\ArduinoSensorLM35\adsadasd\ArduinoCore\Debug\libArduinoCore.a(wiring.o)
 .debug_ranges  0x00000220       0x20 C:\Users\Tamim\Documents\Atmel Studio\7.0\ArduinoSensorLM35\adsadasd\ArduinoCore\Debug\libArduinoCore.a(wiring_analog.o)
 .debug_ranges  0x00000240       0x28 C:\Users\Tamim\Documents\Atmel Studio\7.0\ArduinoSensorLM35\adsadasd\ArduinoCore\Debug\libArduinoCore.a(wiring_digital.o)
 .debug_ranges  0x00000268       0x10 C:\Users\Tamim\Documents\Atmel Studio\7.0\ArduinoSensorLM35\adsadasd\ArduinoCore\Debug\libArduinoCore.a(hooks.o)

.debug_macro
 *(.debug_macro)
OUTPUT(AnalogReadSerial.elf elf32-avr)
LOAD linker stubs
