Archive member included to satisfy reference by file (symbol)

c:/program files (x86)/atmel/studio/7.0/toolchain/avr8/avr8-gnu-toolchain/bin/../lib/gcc/avr/5.4.0/../../../../avr/lib/avr5\libm.a(addsf3.o)
                              src/libraries/DallasTemperature/DallasTemperature.o (__subsf3)
c:/program files (x86)/atmel/studio/7.0/toolchain/avr8/avr8-gnu-toolchain/bin/../lib/gcc/avr/5.4.0/../../../../avr/lib/avr5\libm.a(addsf3x.o)
                              c:/program files (x86)/atmel/studio/7.0/toolchain/avr8/avr8-gnu-toolchain/bin/../lib/gcc/avr/5.4.0/../../../../avr/lib/avr5\libm.a(addsf3.o) (__addsf3x)
c:/program files (x86)/atmel/studio/7.0/toolchain/avr8/avr8-gnu-toolchain/bin/../lib/gcc/avr/5.4.0/../../../../avr/lib/avr5\libm.a(floatsisf.o)
                              src/libraries/DallasTemperature/DallasTemperature.o (__floatsisf)
c:/program files (x86)/atmel/studio/7.0/toolchain/avr8/avr8-gnu-toolchain/bin/../lib/gcc/avr/5.4.0/../../../../avr/lib/avr5\libm.a(fp_inf.o)
                              c:/program files (x86)/atmel/studio/7.0/toolchain/avr8/avr8-gnu-toolchain/bin/../lib/gcc/avr/5.4.0/../../../../avr/lib/avr5\libm.a(addsf3x.o) (__fp_inf)
c:/program files (x86)/atmel/studio/7.0/toolchain/avr8/avr8-gnu-toolchain/bin/../lib/gcc/avr/5.4.0/../../../../avr/lib/avr5\libm.a(fp_nan.o)
                              c:/program files (x86)/atmel/studio/7.0/toolchain/avr8/avr8-gnu-toolchain/bin/../lib/gcc/avr/5.4.0/../../../../avr/lib/avr5\libm.a(addsf3x.o) (__fp_nan)
c:/program files (x86)/atmel/studio/7.0/toolchain/avr8/avr8-gnu-toolchain/bin/../lib/gcc/avr/5.4.0/../../../../avr/lib/avr5\libm.a(fp_pscA.o)
                              c:/program files (x86)/atmel/studio/7.0/toolchain/avr8/avr8-gnu-toolchain/bin/../lib/gcc/avr/5.4.0/../../../../avr/lib/avr5\libm.a(addsf3x.o) (__fp_pscA)
c:/program files (x86)/atmel/studio/7.0/toolchain/avr8/avr8-gnu-toolchain/bin/../lib/gcc/avr/5.4.0/../../../../avr/lib/avr5\libm.a(fp_pscB.o)
                              c:/program files (x86)/atmel/studio/7.0/toolchain/avr8/avr8-gnu-toolchain/bin/../lib/gcc/avr/5.4.0/../../../../avr/lib/avr5\libm.a(addsf3x.o) (__fp_pscB)
c:/program files (x86)/atmel/studio/7.0/toolchain/avr8/avr8-gnu-toolchain/bin/../lib/gcc/avr/5.4.0/../../../../avr/lib/avr5\libm.a(fp_round.o)
                              c:/program files (x86)/atmel/studio/7.0/toolchain/avr8/avr8-gnu-toolchain/bin/../lib/gcc/avr/5.4.0/../../../../avr/lib/avr5\libm.a(addsf3.o) (__fp_round)
c:/program files (x86)/atmel/studio/7.0/toolchain/avr8/avr8-gnu-toolchain/bin/../lib/gcc/avr/5.4.0/../../../../avr/lib/avr5\libm.a(fp_split3.o)
                              c:/program files (x86)/atmel/studio/7.0/toolchain/avr8/avr8-gnu-toolchain/bin/../lib/gcc/avr/5.4.0/../../../../avr/lib/avr5\libm.a(addsf3x.o) (__fp_split3)
c:/program files (x86)/atmel/studio/7.0/toolchain/avr8/avr8-gnu-toolchain/bin/../lib/gcc/avr/5.4.0/../../../../avr/lib/avr5\libm.a(fp_zero.o)
                              c:/program files (x86)/atmel/studio/7.0/toolchain/avr8/avr8-gnu-toolchain/bin/../lib/gcc/avr/5.4.0/../../../../avr/lib/avr5\libm.a(addsf3x.o) (__fp_zero)
c:/program files (x86)/atmel/studio/7.0/toolchain/avr8/avr8-gnu-toolchain/bin/../lib/gcc/avr/5.4.0/../../../../avr/lib/avr5\libm.a(mulsf3.o)
                              src/libraries/DallasTemperature/DallasTemperature.o (__mulsf3)
c:/program files (x86)/atmel/studio/7.0/toolchain/avr8/avr8-gnu-toolchain/bin/../lib/gcc/avr/5.4.0/../../../../avr/lib/avr5\libm.a(mulsf3x.o)
                              c:/program files (x86)/atmel/studio/7.0/toolchain/avr8/avr8-gnu-toolchain/bin/../lib/gcc/avr/5.4.0/../../../../avr/lib/avr5\libm.a(mulsf3.o) (__mulsf3x)
C:\Users\Tamim\DOCUME~1\ATMELS~1\7.0\AURDIO~1\AURDIO~1\ARDUIN~1\Debug\libArduinoCore.a(HardwareSerial.o)
                              Sketch.o (_ZN14HardwareSerial5beginEmh)
C:\Users\Tamim\DOCUME~1\ATMELS~1\7.0\AURDIO~1\AURDIO~1\ARDUIN~1\Debug\libArduinoCore.a(HardwareSerial0.o)
                              Sketch.o (Serial)
C:\Users\Tamim\DOCUME~1\ATMELS~1\7.0\AURDIO~1\AURDIO~1\ARDUIN~1\Debug\libArduinoCore.a(main.o)
                              C:/Program Files (x86)/Atmel/Studio/7.0/Packs/atmel/ATmega_DFP/1.2.132/gcc/dev/atmega328p/avr5/crtatmega328p.o (main)
C:\Users\Tamim\DOCUME~1\ATMELS~1\7.0\AURDIO~1\AURDIO~1\ARDUIN~1\Debug\libArduinoCore.a(Print.o)
                              C:\Users\Tamim\DOCUME~1\ATMELS~1\7.0\AURDIO~1\AURDIO~1\ARDUIN~1\Debug\libArduinoCore.a(HardwareSerial.o) (_ZN5Print5writeEPKhj)
C:\Users\Tamim\DOCUME~1\ATMELS~1\7.0\AURDIO~1\AURDIO~1\ARDUIN~1\Debug\libArduinoCore.a(wiring.o)
                              src/libraries/DallasTemperature/DallasTemperature.o (millis)
C:\Users\Tamim\DOCUME~1\ATMELS~1\7.0\AURDIO~1\AURDIO~1\ARDUIN~1\Debug\libArduinoCore.a(wiring_digital.o)
                              src/libraries/OneWire/OneWire.o (pinMode)
C:\Users\Tamim\DOCUME~1\ATMELS~1\7.0\AURDIO~1\AURDIO~1\ARDUIN~1\Debug\libArduinoCore.a(abi.o)
                              C:\Users\Tamim\DOCUME~1\ATMELS~1\7.0\AURDIO~1\AURDIO~1\ARDUIN~1\Debug\libArduinoCore.a(Print.o) (__cxa_pure_virtual)
C:\Users\Tamim\DOCUME~1\ATMELS~1\7.0\AURDIO~1\AURDIO~1\ARDUIN~1\Debug\libArduinoCore.a(hooks.o)
                              C:\Users\Tamim\DOCUME~1\ATMELS~1\7.0\AURDIO~1\AURDIO~1\ARDUIN~1\Debug\libArduinoCore.a(wiring.o) (yield)
c:/program files (x86)/atmel/studio/7.0/toolchain/avr8/avr8-gnu-toolchain/bin/../lib/gcc/avr/5.4.0/../../../../avr/lib/avr5\libm.a(cmpsf2.o)
                              C:\Users\Tamim\DOCUME~1\ATMELS~1\7.0\AURDIO~1\AURDIO~1\ARDUIN~1\Debug\libArduinoCore.a(Print.o) (__ltsf2)
c:/program files (x86)/atmel/studio/7.0/toolchain/avr8/avr8-gnu-toolchain/bin/../lib/gcc/avr/5.4.0/../../../../avr/lib/avr5\libm.a(divsf3.o)
                              C:\Users\Tamim\DOCUME~1\ATMELS~1\7.0\AURDIO~1\AURDIO~1\ARDUIN~1\Debug\libArduinoCore.a(Print.o) (__divsf3)
c:/program files (x86)/atmel/studio/7.0/toolchain/avr8/avr8-gnu-toolchain/bin/../lib/gcc/avr/5.4.0/../../../../avr/lib/avr5\libm.a(divsf3x.o)
                              c:/program files (x86)/atmel/studio/7.0/toolchain/avr8/avr8-gnu-toolchain/bin/../lib/gcc/avr/5.4.0/../../../../avr/lib/avr5\libm.a(divsf3.o) (__divsf3x)
c:/program files (x86)/atmel/studio/7.0/toolchain/avr8/avr8-gnu-toolchain/bin/../lib/gcc/avr/5.4.0/../../../../avr/lib/avr5\libm.a(fixunssfsi.o)
                              C:\Users\Tamim\DOCUME~1\ATMELS~1\7.0\AURDIO~1\AURDIO~1\ARDUIN~1\Debug\libArduinoCore.a(Print.o) (__fixunssfsi)
c:/program files (x86)/atmel/studio/7.0/toolchain/avr8/avr8-gnu-toolchain/bin/../lib/gcc/avr/5.4.0/../../../../avr/lib/avr5\libm.a(fp_cmp.o)
                              c:/program files (x86)/atmel/studio/7.0/toolchain/avr8/avr8-gnu-toolchain/bin/../lib/gcc/avr/5.4.0/../../../../avr/lib/avr5\libm.a(cmpsf2.o) (__fp_cmp)
c:/program files (x86)/atmel/studio/7.0/toolchain/avr8/avr8-gnu-toolchain/bin/../lib/gcc/avr/5.4.0/../../../../avr/lib/avr5\libm.a(gesf2.o)
                              C:\Users\Tamim\DOCUME~1\ATMELS~1\7.0\AURDIO~1\AURDIO~1\ARDUIN~1\Debug\libArduinoCore.a(Print.o) (__gtsf2)
c:/program files (x86)/atmel/studio/7.0/toolchain/avr8/avr8-gnu-toolchain/bin/../lib/gcc/avr/5.4.0/../../../../avr/lib/avr5\libm.a(unordsf2.o)
                              C:\Users\Tamim\DOCUME~1\ATMELS~1\7.0\AURDIO~1\AURDIO~1\ARDUIN~1\Debug\libArduinoCore.a(Print.o) (__unordsf2)
c:/program files (x86)/atmel/studio/7.0/toolchain/avr8/avr8-gnu-toolchain/bin/../lib/gcc/avr/5.4.0/avr5\libgcc.a(_divmodhi4.o)
                              src/libraries/DallasTemperature/DallasTemperature.o (__divmodhi4)
c:/program files (x86)/atmel/studio/7.0/toolchain/avr8/avr8-gnu-toolchain/bin/../lib/gcc/avr/5.4.0/avr5\libgcc.a(_udivmodsi4.o)
                              C:\Users\Tamim\DOCUME~1\ATMELS~1\7.0\AURDIO~1\AURDIO~1\ARDUIN~1\Debug\libArduinoCore.a(HardwareSerial.o) (__udivmodsi4)
c:/program files (x86)/atmel/studio/7.0/toolchain/avr8/avr8-gnu-toolchain/bin/../lib/gcc/avr/5.4.0/avr5\libgcc.a(_exit.o)
                              C:/Program Files (x86)/Atmel/Studio/7.0/Packs/atmel/ATmega_DFP/1.2.132/gcc/dev/atmega328p/avr5/crtatmega328p.o (exit)
c:/program files (x86)/atmel/studio/7.0/toolchain/avr8/avr8-gnu-toolchain/bin/../lib/gcc/avr/5.4.0/avr5\libgcc.a(_copy_data.o)
                              Sketch.o (__do_copy_data)
c:/program files (x86)/atmel/studio/7.0/toolchain/avr8/avr8-gnu-toolchain/bin/../lib/gcc/avr/5.4.0/avr5\libgcc.a(_clear_bss.o)
                              Sketch.o (__do_clear_bss)
c:/program files (x86)/atmel/studio/7.0/toolchain/avr8/avr8-gnu-toolchain/bin/../lib/gcc/avr/5.4.0/avr5\libgcc.a(_ctors.o)
                              Sketch.o (__do_global_ctors)
c:/program files (x86)/atmel/studio/7.0/toolchain/avr8/avr8-gnu-toolchain/bin/../lib/gcc/avr/5.4.0/avr5\libgcc.a(_udivmodhi4.o)
                              c:/program files (x86)/atmel/studio/7.0/toolchain/avr8/avr8-gnu-toolchain/bin/../lib/gcc/avr/5.4.0/avr5\libgcc.a(_divmodhi4.o) (__udivmodhi4)
c:/program files (x86)/atmel/studio/7.0/toolchain/avr8/avr8-gnu-toolchain/bin/../lib/gcc/avr/5.4.0/avr5\libgcc.a(_tablejump2.o)
                              c:/program files (x86)/atmel/studio/7.0/toolchain/avr8/avr8-gnu-toolchain/bin/../lib/gcc/avr/5.4.0/avr5\libgcc.a(_ctors.o) (__tablejump2__)
c:/program files (x86)/atmel/studio/7.0/toolchain/avr8/avr8-gnu-toolchain/bin/../lib/gcc/avr/5.4.0/../../../../avr/lib/avr5\libc.a(abort.o)
                              C:\Users\Tamim\DOCUME~1\ATMELS~1\7.0\AURDIO~1\AURDIO~1\ARDUIN~1\Debug\libArduinoCore.a(abi.o) (abort)

Discarded input sections

 .data          0x00000000        0x0 C:/Program Files (x86)/Atmel/Studio/7.0/Packs/atmel/ATmega_DFP/1.2.132/gcc/dev/atmega328p/avr5/crtatmega328p.o
 .bss           0x00000000        0x0 C:/Program Files (x86)/Atmel/Studio/7.0/Packs/atmel/ATmega_DFP/1.2.132/gcc/dev/atmega328p/avr5/crtatmega328p.o
 .text          0x00000000        0x0 Sketch.o
 .data          0x00000000        0x0 Sketch.o
 .bss           0x00000000        0x0 Sketch.o
 .text          0x00000000        0x0 src/libraries/DallasTemperature/DallasTemperature.o
 .data          0x00000000        0x0 src/libraries/DallasTemperature/DallasTemperature.o
 .bss           0x00000000        0x0 src/libraries/DallasTemperature/DallasTemperature.o
 .text._ZN17DallasTemperatureC2Ev
                0x00000000        0x2 src/libraries/DallasTemperature/DallasTemperature.o
 .text._ZN17DallasTemperature11validFamilyEPKh
                0x00000000       0x20 src/libraries/DallasTemperature/DallasTemperature.o
 .text._ZN17DallasTemperature10setOneWireEP7OneWire
                0x00000000       0x16 src/libraries/DallasTemperature/DallasTemperature.o
 .text._ZN17DallasTemperature14getDeviceCountEv
                0x00000000        0x6 src/libraries/DallasTemperature/DallasTemperature.o
 .text._ZN17DallasTemperature11isConnectedEPKh
                0x00000000       0x30 src/libraries/DallasTemperature/DallasTemperature.o
 .text._ZN17DallasTemperature15writeScratchPadEPKhS1_
                0x00000000       0xb2 src/libraries/DallasTemperature/DallasTemperature.o
 .text._ZN17DallasTemperature13setResolutionEPKhh
                0x00000000       0x8e src/libraries/DallasTemperature/DallasTemperature.o
 .text._ZN17DallasTemperature13setResolutionEh
                0x00000000       0x80 src/libraries/DallasTemperature/DallasTemperature.o
 .text._ZN17DallasTemperature13getResolutionEv
                0x00000000        0x6 src/libraries/DallasTemperature/DallasTemperature.o
 .text._ZN17DallasTemperature20setWaitForConversionEb
                0x00000000        0x6 src/libraries/DallasTemperature/DallasTemperature.o
 .text._ZN17DallasTemperature20getWaitForConversionEv
                0x00000000        0x6 src/libraries/DallasTemperature/DallasTemperature.o
 .text._ZN17DallasTemperature21setCheckForConversionEb
                0x00000000        0x6 src/libraries/DallasTemperature/DallasTemperature.o
 .text._ZN17DallasTemperature21getCheckForConversionEv
                0x00000000        0x6 src/libraries/DallasTemperature/DallasTemperature.o
 .text._ZN17DallasTemperature28requestTemperaturesByAddressEPKh
                0x00000000       0x64 src/libraries/DallasTemperature/DallasTemperature.o
 .text._ZN17DallasTemperature25millisToWaitForConversionEh
                0x00000000       0x1e src/libraries/DallasTemperature/DallasTemperature.o
 .text._ZN17DallasTemperature26requestTemperaturesByIndexEh
                0x00000000       0x48 src/libraries/DallasTemperature/DallasTemperature.o
 .text._ZN17DallasTemperature19isParasitePowerModeEv
                0x00000000        0x6 src/libraries/DallasTemperature/DallasTemperature.o
 .text._ZN17DallasTemperature11setUserDataEPKhi
                0x00000000       0x66 src/libraries/DallasTemperature/DallasTemperature.o
 .text._ZN17DallasTemperature11getUserDataEPKh
                0x00000000       0x48 src/libraries/DallasTemperature/DallasTemperature.o
 .text._ZN17DallasTemperature18getUserDataByIndexEh
                0x00000000       0x48 src/libraries/DallasTemperature/DallasTemperature.o
 .text._ZN17DallasTemperature18setUserDataByIndexEhi
                0x00000000       0x54 src/libraries/DallasTemperature/DallasTemperature.o
 .text._ZN17DallasTemperature12toFahrenheitEf
                0x00000000       0x1a src/libraries/DallasTemperature/DallasTemperature.o
 .text._ZN17DallasTemperature9toCelsiusEf
                0x00000000       0x1a src/libraries/DallasTemperature/DallasTemperature.o
 .text._ZN17DallasTemperature12rawToCelsiusEi
                0x00000000       0x2e src/libraries/DallasTemperature/DallasTemperature.o
 .text._ZN17DallasTemperature15rawToFahrenheitEi
                0x00000000       0x3a src/libraries/DallasTemperature/DallasTemperature.o
 .text._ZN17DallasTemperature8getTempFEPKh
                0x00000000        0x8 src/libraries/DallasTemperature/DallasTemperature.o
 .text._ZN17DallasTemperature15getTempFByIndexEh
                0x00000000       0x56 src/libraries/DallasTemperature/DallasTemperature.o
 .text._ZN17DallasTemperature16setHighAlarmTempEPKhc
                0x00000000       0x66 src/libraries/DallasTemperature/DallasTemperature.o
 .text._ZN17DallasTemperature15setLowAlarmTempEPKhc
                0x00000000       0x66 src/libraries/DallasTemperature/DallasTemperature.o
 .text._ZN17DallasTemperature16getHighAlarmTempEPKh
                0x00000000       0x3a src/libraries/DallasTemperature/DallasTemperature.o
 .text._ZN17DallasTemperature15getLowAlarmTempEPKh
                0x00000000       0x3a src/libraries/DallasTemperature/DallasTemperature.o
 .text._ZN17DallasTemperature16resetAlarmSearchEv
                0x00000000       0x16 src/libraries/DallasTemperature/DallasTemperature.o
 .text._ZN17DallasTemperature11alarmSearchEPh
                0x00000000      0x112 src/libraries/DallasTemperature/DallasTemperature.o
 .text._ZN17DallasTemperature8hasAlarmEPKh
                0x00000000       0x76 src/libraries/DallasTemperature/DallasTemperature.o
 .text._ZN17DallasTemperature8hasAlarmEv
                0x00000000       0x40 src/libraries/DallasTemperature/DallasTemperature.o
 .text._ZN17DallasTemperature13processAlarmsEv
                0x00000000       0x66 src/libraries/DallasTemperature/DallasTemperature.o
 .text._ZN17DallasTemperature15setAlarmHandlerEPFvPKhE
                0x00000000        0x8 src/libraries/DallasTemperature/DallasTemperature.o
 .text          0x00000000        0x0 src/libraries/OneWire/OneWire.o
 .data          0x00000000        0x0 src/libraries/OneWire/OneWire.o
 .bss           0x00000000        0x0 src/libraries/OneWire/OneWire.o
 .text._ZN7OneWire11write_bytesEPKhjb
                0x00000000       0x6a src/libraries/OneWire/OneWire.o
 .text._ZN7OneWire10read_bytesEPhj
                0x00000000       0x34 src/libraries/OneWire/OneWire.o
 .text._ZN7OneWire7depowerEv
                0x00000000       0x1a src/libraries/OneWire/OneWire.o
 .text._ZN7OneWire13target_searchEh
                0x00000000       0x1c src/libraries/OneWire/OneWire.o
 .text._ZN7OneWire5crc16EPKhjj
                0x00000000       0x44 src/libraries/OneWire/OneWire.o
 .text._ZN7OneWire11check_crc16EPKhjS1_j
                0x00000000       0x36 src/libraries/OneWire/OneWire.o
 .text          0x00000000        0x0 c:/program files (x86)/atmel/studio/7.0/toolchain/avr8/avr8-gnu-toolchain/bin/../lib/gcc/avr/5.4.0/../../../../avr/lib/avr5\libm.a(addsf3.o)
 .data          0x00000000        0x0 c:/program files (x86)/atmel/studio/7.0/toolchain/avr8/avr8-gnu-toolchain/bin/../lib/gcc/avr/5.4.0/../../../../avr/lib/avr5\libm.a(addsf3.o)
 .bss           0x00000000        0x0 c:/program files (x86)/atmel/studio/7.0/toolchain/avr8/avr8-gnu-toolchain/bin/../lib/gcc/avr/5.4.0/../../../../avr/lib/avr5\libm.a(addsf3.o)
 .text          0x00000000        0x0 c:/program files (x86)/atmel/studio/7.0/toolchain/avr8/avr8-gnu-toolchain/bin/../lib/gcc/avr/5.4.0/../../../../avr/lib/avr5\libm.a(addsf3x.o)
 .data          0x00000000        0x0 c:/program files (x86)/atmel/studio/7.0/toolchain/avr8/avr8-gnu-toolchain/bin/../lib/gcc/avr/5.4.0/../../../../avr/lib/avr5\libm.a(addsf3x.o)
 .bss           0x00000000        0x0 c:/program files (x86)/atmel/studio/7.0/toolchain/avr8/avr8-gnu-toolchain/bin/../lib/gcc/avr/5.4.0/../../../../avr/lib/avr5\libm.a(addsf3x.o)
 .text          0x00000000        0x0 c:/program files (x86)/atmel/studio/7.0/toolchain/avr8/avr8-gnu-toolchain/bin/../lib/gcc/avr/5.4.0/../../../../avr/lib/avr5\libm.a(floatsisf.o)
 .data          0x00000000        0x0 c:/program files (x86)/atmel/studio/7.0/toolchain/avr8/avr8-gnu-toolchain/bin/../lib/gcc/avr/5.4.0/../../../../avr/lib/avr5\libm.a(floatsisf.o)
 .bss           0x00000000        0x0 c:/program files (x86)/atmel/studio/7.0/toolchain/avr8/avr8-gnu-toolchain/bin/../lib/gcc/avr/5.4.0/../../../../avr/lib/avr5\libm.a(floatsisf.o)
 .text          0x00000000        0x0 c:/program files (x86)/atmel/studio/7.0/toolchain/avr8/avr8-gnu-toolchain/bin/../lib/gcc/avr/5.4.0/../../../../avr/lib/avr5\libm.a(fp_inf.o)
 .data          0x00000000        0x0 c:/program files (x86)/atmel/studio/7.0/toolchain/avr8/avr8-gnu-toolchain/bin/../lib/gcc/avr/5.4.0/../../../../avr/lib/avr5\libm.a(fp_inf.o)
 .bss           0x00000000        0x0 c:/program files (x86)/atmel/studio/7.0/toolchain/avr8/avr8-gnu-toolchain/bin/../lib/gcc/avr/5.4.0/../../../../avr/lib/avr5\libm.a(fp_inf.o)
 .text          0x00000000        0x0 c:/program files (x86)/atmel/studio/7.0/toolchain/avr8/avr8-gnu-toolchain/bin/../lib/gcc/avr/5.4.0/../../../../avr/lib/avr5\libm.a(fp_nan.o)
 .data          0x00000000        0x0 c:/program files (x86)/atmel/studio/7.0/toolchain/avr8/avr8-gnu-toolchain/bin/../lib/gcc/avr/5.4.0/../../../../avr/lib/avr5\libm.a(fp_nan.o)
 .bss           0x00000000        0x0 c:/program files (x86)/atmel/studio/7.0/toolchain/avr8/avr8-gnu-toolchain/bin/../lib/gcc/avr/5.4.0/../../../../avr/lib/avr5\libm.a(fp_nan.o)
 .text          0x00000000        0x0 c:/program files (x86)/atmel/studio/7.0/toolchain/avr8/avr8-gnu-toolchain/bin/../lib/gcc/avr/5.4.0/../../../../avr/lib/avr5\libm.a(fp_pscA.o)
 .data          0x00000000        0x0 c:/program files (x86)/atmel/studio/7.0/toolchain/avr8/avr8-gnu-toolchain/bin/../lib/gcc/avr/5.4.0/../../../../avr/lib/avr5\libm.a(fp_pscA.o)
 .bss           0x00000000        0x0 c:/program files (x86)/atmel/studio/7.0/toolchain/avr8/avr8-gnu-toolchain/bin/../lib/gcc/avr/5.4.0/../../../../avr/lib/avr5\libm.a(fp_pscA.o)
 .text          0x00000000        0x0 c:/program files (x86)/atmel/studio/7.0/toolchain/avr8/avr8-gnu-toolchain/bin/../lib/gcc/avr/5.4.0/../../../../avr/lib/avr5\libm.a(fp_pscB.o)
 .data          0x00000000        0x0 c:/program files (x86)/atmel/studio/7.0/toolchain/avr8/avr8-gnu-toolchain/bin/../lib/gcc/avr/5.4.0/../../../../avr/lib/avr5\libm.a(fp_pscB.o)
 .bss           0x00000000        0x0 c:/program files (x86)/atmel/studio/7.0/toolchain/avr8/avr8-gnu-toolchain/bin/../lib/gcc/avr/5.4.0/../../../../avr/lib/avr5\libm.a(fp_pscB.o)
 .text          0x00000000        0x0 c:/program files (x86)/atmel/studio/7.0/toolchain/avr8/avr8-gnu-toolchain/bin/../lib/gcc/avr/5.4.0/../../../../avr/lib/avr5\libm.a(fp_round.o)
 .data          0x00000000        0x0 c:/program files (x86)/atmel/studio/7.0/toolchain/avr8/avr8-gnu-toolchain/bin/../lib/gcc/avr/5.4.0/../../../../avr/lib/avr5\libm.a(fp_round.o)
 .bss           0x00000000        0x0 c:/program files (x86)/atmel/studio/7.0/toolchain/avr8/avr8-gnu-toolchain/bin/../lib/gcc/avr/5.4.0/../../../../avr/lib/avr5\libm.a(fp_round.o)
 .text          0x00000000        0x0 c:/program files (x86)/atmel/studio/7.0/toolchain/avr8/avr8-gnu-toolchain/bin/../lib/gcc/avr/5.4.0/../../../../avr/lib/avr5\libm.a(fp_split3.o)
 .data          0x00000000        0x0 c:/program files (x86)/atmel/studio/7.0/toolchain/avr8/avr8-gnu-toolchain/bin/../lib/gcc/avr/5.4.0/../../../../avr/lib/avr5\libm.a(fp_split3.o)
 .bss           0x00000000        0x0 c:/program files (x86)/atmel/studio/7.0/toolchain/avr8/avr8-gnu-toolchain/bin/../lib/gcc/avr/5.4.0/../../../../avr/lib/avr5\libm.a(fp_split3.o)
 .text          0x00000000        0x0 c:/program files (x86)/atmel/studio/7.0/toolchain/avr8/avr8-gnu-toolchain/bin/../lib/gcc/avr/5.4.0/../../../../avr/lib/avr5\libm.a(fp_zero.o)
 .data          0x00000000        0x0 c:/program files (x86)/atmel/studio/7.0/toolchain/avr8/avr8-gnu-toolchain/bin/../lib/gcc/avr/5.4.0/../../../../avr/lib/avr5\libm.a(fp_zero.o)
 .bss           0x00000000        0x0 c:/program files (x86)/atmel/studio/7.0/toolchain/avr8/avr8-gnu-toolchain/bin/../lib/gcc/avr/5.4.0/../../../../avr/lib/avr5\libm.a(fp_zero.o)
 .text          0x00000000        0x0 c:/program files (x86)/atmel/studio/7.0/toolchain/avr8/avr8-gnu-toolchain/bin/../lib/gcc/avr/5.4.0/../../../../avr/lib/avr5\libm.a(mulsf3.o)
 .data          0x00000000        0x0 c:/program files (x86)/atmel/studio/7.0/toolchain/avr8/avr8-gnu-toolchain/bin/../lib/gcc/avr/5.4.0/../../../../avr/lib/avr5\libm.a(mulsf3.o)
 .bss           0x00000000        0x0 c:/program files (x86)/atmel/studio/7.0/toolchain/avr8/avr8-gnu-toolchain/bin/../lib/gcc/avr/5.4.0/../../../../avr/lib/avr5\libm.a(mulsf3.o)
 .text          0x00000000        0x0 c:/program files (x86)/atmel/studio/7.0/toolchain/avr8/avr8-gnu-toolchain/bin/../lib/gcc/avr/5.4.0/../../../../avr/lib/avr5\libm.a(mulsf3x.o)
 .data          0x00000000        0x0 c:/program files (x86)/atmel/studio/7.0/toolchain/avr8/avr8-gnu-toolchain/bin/../lib/gcc/avr/5.4.0/../../../../avr/lib/avr5\libm.a(mulsf3x.o)
 .bss           0x00000000        0x0 c:/program files (x86)/atmel/studio/7.0/toolchain/avr8/avr8-gnu-toolchain/bin/../lib/gcc/avr/5.4.0/../../../../avr/lib/avr5\libm.a(mulsf3x.o)
 .group         0x00000000        0x8 C:\Users\Tamim\DOCUME~1\ATMELS~1\7.0\AURDIO~1\AURDIO~1\ARDUIN~1\Debug\libArduinoCore.a(HardwareSerial.o)
 .text          0x00000000        0x0 C:\Users\Tamim\DOCUME~1\ATMELS~1\7.0\AURDIO~1\AURDIO~1\ARDUIN~1\Debug\libArduinoCore.a(HardwareSerial.o)
 .data          0x00000000        0x0 C:\Users\Tamim\DOCUME~1\ATMELS~1\7.0\AURDIO~1\AURDIO~1\ARDUIN~1\Debug\libArduinoCore.a(HardwareSerial.o)
 .bss           0x00000000        0x0 C:\Users\Tamim\DOCUME~1\ATMELS~1\7.0\AURDIO~1\AURDIO~1\ARDUIN~1\Debug\libArduinoCore.a(HardwareSerial.o)
 .text._ZN14HardwareSerial3endEv
                0x00000000       0x44 C:\Users\Tamim\DOCUME~1\ATMELS~1\7.0\AURDIO~1\AURDIO~1\ARDUIN~1\Debug\libArduinoCore.a(HardwareSerial.o)
 .group         0x00000000        0x8 C:\Users\Tamim\DOCUME~1\ATMELS~1\7.0\AURDIO~1\AURDIO~1\ARDUIN~1\Debug\libArduinoCore.a(HardwareSerial0.o)
 .group         0x00000000        0x8 C:\Users\Tamim\DOCUME~1\ATMELS~1\7.0\AURDIO~1\AURDIO~1\ARDUIN~1\Debug\libArduinoCore.a(HardwareSerial0.o)
 .text          0x00000000        0x0 C:\Users\Tamim\DOCUME~1\ATMELS~1\7.0\AURDIO~1\AURDIO~1\ARDUIN~1\Debug\libArduinoCore.a(HardwareSerial0.o)
 .data          0x00000000        0x0 C:\Users\Tamim\DOCUME~1\ATMELS~1\7.0\AURDIO~1\AURDIO~1\ARDUIN~1\Debug\libArduinoCore.a(HardwareSerial0.o)
 .bss           0x00000000        0x0 C:\Users\Tamim\DOCUME~1\ATMELS~1\7.0\AURDIO~1\AURDIO~1\ARDUIN~1\Debug\libArduinoCore.a(HardwareSerial0.o)
 .text._ZN5Print17availableForWriteEv
                0x00000000        0x6 C:\Users\Tamim\DOCUME~1\ATMELS~1\7.0\AURDIO~1\AURDIO~1\ARDUIN~1\Debug\libArduinoCore.a(HardwareSerial0.o)
 .text._ZN5Print5flushEv
                0x00000000        0x2 C:\Users\Tamim\DOCUME~1\ATMELS~1\7.0\AURDIO~1\AURDIO~1\ARDUIN~1\Debug\libArduinoCore.a(HardwareSerial0.o)
 .text          0x00000000        0x0 C:\Users\Tamim\DOCUME~1\ATMELS~1\7.0\AURDIO~1\AURDIO~1\ARDUIN~1\Debug\libArduinoCore.a(main.o)
 .data          0x00000000        0x0 C:\Users\Tamim\DOCUME~1\ATMELS~1\7.0\AURDIO~1\AURDIO~1\ARDUIN~1\Debug\libArduinoCore.a(main.o)
 .bss           0x00000000        0x0 C:\Users\Tamim\DOCUME~1\ATMELS~1\7.0\AURDIO~1\AURDIO~1\ARDUIN~1\Debug\libArduinoCore.a(main.o)
 .text.atexit   0x00000000        0x6 C:\Users\Tamim\DOCUME~1\ATMELS~1\7.0\AURDIO~1\AURDIO~1\ARDUIN~1\Debug\libArduinoCore.a(main.o)
 .text._Z8setupUSBv
                0x00000000        0x2 C:\Users\Tamim\DOCUME~1\ATMELS~1\7.0\AURDIO~1\AURDIO~1\ARDUIN~1\Debug\libArduinoCore.a(main.o)
 .group         0x00000000        0x8 C:\Users\Tamim\DOCUME~1\ATMELS~1\7.0\AURDIO~1\AURDIO~1\ARDUIN~1\Debug\libArduinoCore.a(Print.o)
 .group         0x00000000        0x8 C:\Users\Tamim\DOCUME~1\ATMELS~1\7.0\AURDIO~1\AURDIO~1\ARDUIN~1\Debug\libArduinoCore.a(Print.o)
 .group         0x00000000        0x8 C:\Users\Tamim\DOCUME~1\ATMELS~1\7.0\AURDIO~1\AURDIO~1\ARDUIN~1\Debug\libArduinoCore.a(Print.o)
 .group         0x00000000        0x8 C:\Users\Tamim\DOCUME~1\ATMELS~1\7.0\AURDIO~1\AURDIO~1\ARDUIN~1\Debug\libArduinoCore.a(Print.o)
 .text          0x00000000        0x0 C:\Users\Tamim\DOCUME~1\ATMELS~1\7.0\AURDIO~1\AURDIO~1\ARDUIN~1\Debug\libArduinoCore.a(Print.o)
 .data          0x00000000        0x0 C:\Users\Tamim\DOCUME~1\ATMELS~1\7.0\AURDIO~1\AURDIO~1\ARDUIN~1\Debug\libArduinoCore.a(Print.o)
 .bss           0x00000000        0x0 C:\Users\Tamim\DOCUME~1\ATMELS~1\7.0\AURDIO~1\AURDIO~1\ARDUIN~1\Debug\libArduinoCore.a(Print.o)
 .text._ZN5Print17availableForWriteEv
                0x00000000        0x6 C:\Users\Tamim\DOCUME~1\ATMELS~1\7.0\AURDIO~1\AURDIO~1\ARDUIN~1\Debug\libArduinoCore.a(Print.o)
 .text._ZN5Print5flushEv
                0x00000000        0x2 C:\Users\Tamim\DOCUME~1\ATMELS~1\7.0\AURDIO~1\AURDIO~1\ARDUIN~1\Debug\libArduinoCore.a(Print.o)
 .text._ZN5Print5printEPK19__FlashStringHelper
                0x00000000       0x48 C:\Users\Tamim\DOCUME~1\ATMELS~1\7.0\AURDIO~1\AURDIO~1\ARDUIN~1\Debug\libArduinoCore.a(Print.o)
 .text._ZN5Print5printERK6String
                0x00000000       0x1c C:\Users\Tamim\DOCUME~1\ATMELS~1\7.0\AURDIO~1\AURDIO~1\ARDUIN~1\Debug\libArduinoCore.a(Print.o)
 .text._ZN5Print5printERK9Printable
                0x00000000       0x14 C:\Users\Tamim\DOCUME~1\ATMELS~1\7.0\AURDIO~1\AURDIO~1\ARDUIN~1\Debug\libArduinoCore.a(Print.o)
 .text._ZN5Print7printlnEPK19__FlashStringHelper
                0x00000000       0x24 C:\Users\Tamim\DOCUME~1\ATMELS~1\7.0\AURDIO~1\AURDIO~1\ARDUIN~1\Debug\libArduinoCore.a(Print.o)
 .text._ZN5Print7printlnERK6String
                0x00000000       0x24 C:\Users\Tamim\DOCUME~1\ATMELS~1\7.0\AURDIO~1\AURDIO~1\ARDUIN~1\Debug\libArduinoCore.a(Print.o)
 .text._ZN5Print7printlnEc
                0x00000000       0x24 C:\Users\Tamim\DOCUME~1\ATMELS~1\7.0\AURDIO~1\AURDIO~1\ARDUIN~1\Debug\libArduinoCore.a(Print.o)
 .text._ZN5Print7printlnERK9Printable
                0x00000000       0x24 C:\Users\Tamim\DOCUME~1\ATMELS~1\7.0\AURDIO~1\AURDIO~1\ARDUIN~1\Debug\libArduinoCore.a(Print.o)
 .text._ZN5Print5printEhi
                0x00000000        0xe C:\Users\Tamim\DOCUME~1\ATMELS~1\7.0\AURDIO~1\AURDIO~1\ARDUIN~1\Debug\libArduinoCore.a(Print.o)
 .text._ZN5Print7printlnEhi
                0x00000000       0x24 C:\Users\Tamim\DOCUME~1\ATMELS~1\7.0\AURDIO~1\AURDIO~1\ARDUIN~1\Debug\libArduinoCore.a(Print.o)
 .text._ZN5Print7printlnEji
                0x00000000       0x24 C:\Users\Tamim\DOCUME~1\ATMELS~1\7.0\AURDIO~1\AURDIO~1\ARDUIN~1\Debug\libArduinoCore.a(Print.o)
 .text._ZN5Print7printlnEmi
                0x00000000       0x24 C:\Users\Tamim\DOCUME~1\ATMELS~1\7.0\AURDIO~1\AURDIO~1\ARDUIN~1\Debug\libArduinoCore.a(Print.o)
 .text._ZN5Print5printEli
                0x00000000       0x90 C:\Users\Tamim\DOCUME~1\ATMELS~1\7.0\AURDIO~1\AURDIO~1\ARDUIN~1\Debug\libArduinoCore.a(Print.o)
 .text._ZN5Print5printEii
                0x00000000        0xe C:\Users\Tamim\DOCUME~1\ATMELS~1\7.0\AURDIO~1\AURDIO~1\ARDUIN~1\Debug\libArduinoCore.a(Print.o)
 .text._ZN5Print7printlnEii
                0x00000000       0x24 C:\Users\Tamim\DOCUME~1\ATMELS~1\7.0\AURDIO~1\AURDIO~1\ARDUIN~1\Debug\libArduinoCore.a(Print.o)
 .text._ZN5Print7printlnEli
                0x00000000       0x24 C:\Users\Tamim\DOCUME~1\ATMELS~1\7.0\AURDIO~1\AURDIO~1\ARDUIN~1\Debug\libArduinoCore.a(Print.o)
 .text._ZN5Print7printlnEdi
                0x00000000       0x24 C:\Users\Tamim\DOCUME~1\ATMELS~1\7.0\AURDIO~1\AURDIO~1\ARDUIN~1\Debug\libArduinoCore.a(Print.o)
 .rodata._ZTV5Print
                0x00000000        0xc C:\Users\Tamim\DOCUME~1\ATMELS~1\7.0\AURDIO~1\AURDIO~1\ARDUIN~1\Debug\libArduinoCore.a(Print.o)
 .text          0x00000000        0x0 C:\Users\Tamim\DOCUME~1\ATMELS~1\7.0\AURDIO~1\AURDIO~1\ARDUIN~1\Debug\libArduinoCore.a(wiring.o)
 .data          0x00000000        0x0 C:\Users\Tamim\DOCUME~1\ATMELS~1\7.0\AURDIO~1\AURDIO~1\ARDUIN~1\Debug\libArduinoCore.a(wiring.o)
 .bss           0x00000000        0x0 C:\Users\Tamim\DOCUME~1\ATMELS~1\7.0\AURDIO~1\AURDIO~1\ARDUIN~1\Debug\libArduinoCore.a(wiring.o)
 .text          0x00000000        0x0 C:\Users\Tamim\DOCUME~1\ATMELS~1\7.0\AURDIO~1\AURDIO~1\ARDUIN~1\Debug\libArduinoCore.a(wiring_digital.o)
 .data          0x00000000        0x0 C:\Users\Tamim\DOCUME~1\ATMELS~1\7.0\AURDIO~1\AURDIO~1\ARDUIN~1\Debug\libArduinoCore.a(wiring_digital.o)
 .bss           0x00000000        0x0 C:\Users\Tamim\DOCUME~1\ATMELS~1\7.0\AURDIO~1\AURDIO~1\ARDUIN~1\Debug\libArduinoCore.a(wiring_digital.o)
 .text.turnOffPWM
                0x00000000       0x52 C:\Users\Tamim\DOCUME~1\ATMELS~1\7.0\AURDIO~1\AURDIO~1\ARDUIN~1\Debug\libArduinoCore.a(wiring_digital.o)
 .text.digitalWrite
                0x00000000       0x5e C:\Users\Tamim\DOCUME~1\ATMELS~1\7.0\AURDIO~1\AURDIO~1\ARDUIN~1\Debug\libArduinoCore.a(wiring_digital.o)
 .text.digitalRead
                0x00000000       0x52 C:\Users\Tamim\DOCUME~1\ATMELS~1\7.0\AURDIO~1\AURDIO~1\ARDUIN~1\Debug\libArduinoCore.a(wiring_digital.o)
 .progmem.data.digital_pin_to_timer_PGM
                0x00000000       0x14 C:\Users\Tamim\DOCUME~1\ATMELS~1\7.0\AURDIO~1\AURDIO~1\ARDUIN~1\Debug\libArduinoCore.a(wiring_digital.o)
 .text          0x00000000        0x0 C:\Users\Tamim\DOCUME~1\ATMELS~1\7.0\AURDIO~1\AURDIO~1\ARDUIN~1\Debug\libArduinoCore.a(abi.o)
 .data          0x00000000        0x0 C:\Users\Tamim\DOCUME~1\ATMELS~1\7.0\AURDIO~1\AURDIO~1\ARDUIN~1\Debug\libArduinoCore.a(abi.o)
 .bss           0x00000000        0x0 C:\Users\Tamim\DOCUME~1\ATMELS~1\7.0\AURDIO~1\AURDIO~1\ARDUIN~1\Debug\libArduinoCore.a(abi.o)
 .text.__cxa_pure_virtual
                0x00000000        0x4 C:\Users\Tamim\DOCUME~1\ATMELS~1\7.0\AURDIO~1\AURDIO~1\ARDUIN~1\Debug\libArduinoCore.a(abi.o)
 .text.__cxa_deleted_virtual
                0x00000000        0x4 C:\Users\Tamim\DOCUME~1\ATMELS~1\7.0\AURDIO~1\AURDIO~1\ARDUIN~1\Debug\libArduinoCore.a(abi.o)
 .debug_info    0x00000000       0x76 C:\Users\Tamim\DOCUME~1\ATMELS~1\7.0\AURDIO~1\AURDIO~1\ARDUIN~1\Debug\libArduinoCore.a(abi.o)
 .debug_abbrev  0x00000000       0x6d C:\Users\Tamim\DOCUME~1\ATMELS~1\7.0\AURDIO~1\AURDIO~1\ARDUIN~1\Debug\libArduinoCore.a(abi.o)
 .debug_aranges
                0x00000000       0x20 C:\Users\Tamim\DOCUME~1\ATMELS~1\7.0\AURDIO~1\AURDIO~1\ARDUIN~1\Debug\libArduinoCore.a(abi.o)
 .debug_ranges  0x00000000       0x10 C:\Users\Tamim\DOCUME~1\ATMELS~1\7.0\AURDIO~1\AURDIO~1\ARDUIN~1\Debug\libArduinoCore.a(abi.o)
 .debug_line    0x00000000       0xa9 C:\Users\Tamim\DOCUME~1\ATMELS~1\7.0\AURDIO~1\AURDIO~1\ARDUIN~1\Debug\libArduinoCore.a(abi.o)
 .debug_str     0x00000000      0x1b1 C:\Users\Tamim\DOCUME~1\ATMELS~1\7.0\AURDIO~1\AURDIO~1\ARDUIN~1\Debug\libArduinoCore.a(abi.o)
 .comment       0x00000000       0x31 C:\Users\Tamim\DOCUME~1\ATMELS~1\7.0\AURDIO~1\AURDIO~1\ARDUIN~1\Debug\libArduinoCore.a(abi.o)
 .debug_frame   0x00000000       0x34 C:\Users\Tamim\DOCUME~1\ATMELS~1\7.0\AURDIO~1\AURDIO~1\ARDUIN~1\Debug\libArduinoCore.a(abi.o)
 .text          0x00000000        0x0 C:\Users\Tamim\DOCUME~1\ATMELS~1\7.0\AURDIO~1\AURDIO~1\ARDUIN~1\Debug\libArduinoCore.a(hooks.o)
 .data          0x00000000        0x0 C:\Users\Tamim\DOCUME~1\ATMELS~1\7.0\AURDIO~1\AURDIO~1\ARDUIN~1\Debug\libArduinoCore.a(hooks.o)
 .bss           0x00000000        0x0 C:\Users\Tamim\DOCUME~1\ATMELS~1\7.0\AURDIO~1\AURDIO~1\ARDUIN~1\Debug\libArduinoCore.a(hooks.o)
 .text          0x00000000        0x0 c:/program files (x86)/atmel/studio/7.0/toolchain/avr8/avr8-gnu-toolchain/bin/../lib/gcc/avr/5.4.0/../../../../avr/lib/avr5\libm.a(cmpsf2.o)
 .data          0x00000000        0x0 c:/program files (x86)/atmel/studio/7.0/toolchain/avr8/avr8-gnu-toolchain/bin/../lib/gcc/avr/5.4.0/../../../../avr/lib/avr5\libm.a(cmpsf2.o)
 .bss           0x00000000        0x0 c:/program files (x86)/atmel/studio/7.0/toolchain/avr8/avr8-gnu-toolchain/bin/../lib/gcc/avr/5.4.0/../../../../avr/lib/avr5\libm.a(cmpsf2.o)
 .text          0x00000000        0x0 c:/program files (x86)/atmel/studio/7.0/toolchain/avr8/avr8-gnu-toolchain/bin/../lib/gcc/avr/5.4.0/../../../../avr/lib/avr5\libm.a(divsf3.o)
 .data          0x00000000        0x0 c:/program files (x86)/atmel/studio/7.0/toolchain/avr8/avr8-gnu-toolchain/bin/../lib/gcc/avr/5.4.0/../../../../avr/lib/avr5\libm.a(divsf3.o)
 .bss           0x00000000        0x0 c:/program files (x86)/atmel/studio/7.0/toolchain/avr8/avr8-gnu-toolchain/bin/../lib/gcc/avr/5.4.0/../../../../avr/lib/avr5\libm.a(divsf3.o)
 .text          0x00000000        0x0 c:/program files (x86)/atmel/studio/7.0/toolchain/avr8/avr8-gnu-toolchain/bin/../lib/gcc/avr/5.4.0/../../../../avr/lib/avr5\libm.a(divsf3x.o)
 .data          0x00000000        0x0 c:/program files (x86)/atmel/studio/7.0/toolchain/avr8/avr8-gnu-toolchain/bin/../lib/gcc/avr/5.4.0/../../../../avr/lib/avr5\libm.a(divsf3x.o)
 .bss           0x00000000        0x0 c:/program files (x86)/atmel/studio/7.0/toolchain/avr8/avr8-gnu-toolchain/bin/../lib/gcc/avr/5.4.0/../../../../avr/lib/avr5\libm.a(divsf3x.o)
 .text          0x00000000        0x0 c:/program files (x86)/atmel/studio/7.0/toolchain/avr8/avr8-gnu-toolchain/bin/../lib/gcc/avr/5.4.0/../../../../avr/lib/avr5\libm.a(fixunssfsi.o)
 .data          0x00000000        0x0 c:/program files (x86)/atmel/studio/7.0/toolchain/avr8/avr8-gnu-toolchain/bin/../lib/gcc/avr/5.4.0/../../../../avr/lib/avr5\libm.a(fixunssfsi.o)
 .bss           0x00000000        0x0 c:/program files (x86)/atmel/studio/7.0/toolchain/avr8/avr8-gnu-toolchain/bin/../lib/gcc/avr/5.4.0/../../../../avr/lib/avr5\libm.a(fixunssfsi.o)
 .text          0x00000000        0x0 c:/program files (x86)/atmel/studio/7.0/toolchain/avr8/avr8-gnu-toolchain/bin/../lib/gcc/avr/5.4.0/../../../../avr/lib/avr5\libm.a(fp_cmp.o)
 .data          0x00000000        0x0 c:/program files (x86)/atmel/studio/7.0/toolchain/avr8/avr8-gnu-toolchain/bin/../lib/gcc/avr/5.4.0/../../../../avr/lib/avr5\libm.a(fp_cmp.o)
 .bss           0x00000000        0x0 c:/program files (x86)/atmel/studio/7.0/toolchain/avr8/avr8-gnu-toolchain/bin/../lib/gcc/avr/5.4.0/../../../../avr/lib/avr5\libm.a(fp_cmp.o)
 .text          0x00000000        0x0 c:/program files (x86)/atmel/studio/7.0/toolchain/avr8/avr8-gnu-toolchain/bin/../lib/gcc/avr/5.4.0/../../../../avr/lib/avr5\libm.a(gesf2.o)
 .data          0x00000000        0x0 c:/program files (x86)/atmel/studio/7.0/toolchain/avr8/avr8-gnu-toolchain/bin/../lib/gcc/avr/5.4.0/../../../../avr/lib/avr5\libm.a(gesf2.o)
 .bss           0x00000000        0x0 c:/program files (x86)/atmel/studio/7.0/toolchain/avr8/avr8-gnu-toolchain/bin/../lib/gcc/avr/5.4.0/../../../../avr/lib/avr5\libm.a(gesf2.o)
 .text          0x00000000        0x0 c:/program files (x86)/atmel/studio/7.0/toolchain/avr8/avr8-gnu-toolchain/bin/../lib/gcc/avr/5.4.0/../../../../avr/lib/avr5\libm.a(unordsf2.o)
 .data          0x00000000        0x0 c:/program files (x86)/atmel/studio/7.0/toolchain/avr8/avr8-gnu-toolchain/bin/../lib/gcc/avr/5.4.0/../../../../avr/lib/avr5\libm.a(unordsf2.o)
 .bss           0x00000000        0x0 c:/program files (x86)/atmel/studio/7.0/toolchain/avr8/avr8-gnu-toolchain/bin/../lib/gcc/avr/5.4.0/../../../../avr/lib/avr5\libm.a(unordsf2.o)
 .text          0x00000000        0x0 c:/program files (x86)/atmel/studio/7.0/toolchain/avr8/avr8-gnu-toolchain/bin/../lib/gcc/avr/5.4.0/avr5\libgcc.a(_divmodhi4.o)
 .data          0x00000000        0x0 c:/program files (x86)/atmel/studio/7.0/toolchain/avr8/avr8-gnu-toolchain/bin/../lib/gcc/avr/5.4.0/avr5\libgcc.a(_divmodhi4.o)
 .bss           0x00000000        0x0 c:/program files (x86)/atmel/studio/7.0/toolchain/avr8/avr8-gnu-toolchain/bin/../lib/gcc/avr/5.4.0/avr5\libgcc.a(_divmodhi4.o)
 .text.libgcc.mul
                0x00000000        0x0 c:/program files (x86)/atmel/studio/7.0/toolchain/avr8/avr8-gnu-toolchain/bin/../lib/gcc/avr/5.4.0/avr5\libgcc.a(_divmodhi4.o)
 .text.libgcc   0x00000000        0x0 c:/program files (x86)/atmel/studio/7.0/toolchain/avr8/avr8-gnu-toolchain/bin/../lib/gcc/avr/5.4.0/avr5\libgcc.a(_divmodhi4.o)
 .text.libgcc.prologue
                0x00000000        0x0 c:/program files (x86)/atmel/studio/7.0/toolchain/avr8/avr8-gnu-toolchain/bin/../lib/gcc/avr/5.4.0/avr5\libgcc.a(_divmodhi4.o)
 .text.libgcc.builtins
                0x00000000        0x0 c:/program files (x86)/atmel/studio/7.0/toolchain/avr8/avr8-gnu-toolchain/bin/../lib/gcc/avr/5.4.0/avr5\libgcc.a(_divmodhi4.o)
 .text.libgcc.fmul
                0x00000000        0x0 c:/program files (x86)/atmel/studio/7.0/toolchain/avr8/avr8-gnu-toolchain/bin/../lib/gcc/avr/5.4.0/avr5\libgcc.a(_divmodhi4.o)
 .text.libgcc.fixed
                0x00000000        0x0 c:/program files (x86)/atmel/studio/7.0/toolchain/avr8/avr8-gnu-toolchain/bin/../lib/gcc/avr/5.4.0/avr5\libgcc.a(_divmodhi4.o)
 .text          0x00000000        0x0 c:/program files (x86)/atmel/studio/7.0/toolchain/avr8/avr8-gnu-toolchain/bin/../lib/gcc/avr/5.4.0/avr5\libgcc.a(_udivmodsi4.o)
 .data          0x00000000        0x0 c:/program files (x86)/atmel/studio/7.0/toolchain/avr8/avr8-gnu-toolchain/bin/../lib/gcc/avr/5.4.0/avr5\libgcc.a(_udivmodsi4.o)
 .bss           0x00000000        0x0 c:/program files (x86)/atmel/studio/7.0/toolchain/avr8/avr8-gnu-toolchain/bin/../lib/gcc/avr/5.4.0/avr5\libgcc.a(_udivmodsi4.o)
 .text.libgcc.mul
                0x00000000        0x0 c:/program files (x86)/atmel/studio/7.0/toolchain/avr8/avr8-gnu-toolchain/bin/../lib/gcc/avr/5.4.0/avr5\libgcc.a(_udivmodsi4.o)
 .text.libgcc   0x00000000        0x0 c:/program files (x86)/atmel/studio/7.0/toolchain/avr8/avr8-gnu-toolchain/bin/../lib/gcc/avr/5.4.0/avr5\libgcc.a(_udivmodsi4.o)
 .text.libgcc.prologue
                0x00000000        0x0 c:/program files (x86)/atmel/studio/7.0/toolchain/avr8/avr8-gnu-toolchain/bin/../lib/gcc/avr/5.4.0/avr5\libgcc.a(_udivmodsi4.o)
 .text.libgcc.builtins
                0x00000000        0x0 c:/program files (x86)/atmel/studio/7.0/toolchain/avr8/avr8-gnu-toolchain/bin/../lib/gcc/avr/5.4.0/avr5\libgcc.a(_udivmodsi4.o)
 .text.libgcc.fmul
                0x00000000        0x0 c:/program files (x86)/atmel/studio/7.0/toolchain/avr8/avr8-gnu-toolchain/bin/../lib/gcc/avr/5.4.0/avr5\libgcc.a(_udivmodsi4.o)
 .text.libgcc.fixed
                0x00000000        0x0 c:/program files (x86)/atmel/studio/7.0/toolchain/avr8/avr8-gnu-toolchain/bin/../lib/gcc/avr/5.4.0/avr5\libgcc.a(_udivmodsi4.o)
 .text          0x00000000        0x0 c:/program files (x86)/atmel/studio/7.0/toolchain/avr8/avr8-gnu-toolchain/bin/../lib/gcc/avr/5.4.0/avr5\libgcc.a(_exit.o)
 .data          0x00000000        0x0 c:/program files (x86)/atmel/studio/7.0/toolchain/avr8/avr8-gnu-toolchain/bin/../lib/gcc/avr/5.4.0/avr5\libgcc.a(_exit.o)
 .bss           0x00000000        0x0 c:/program files (x86)/atmel/studio/7.0/toolchain/avr8/avr8-gnu-toolchain/bin/../lib/gcc/avr/5.4.0/avr5\libgcc.a(_exit.o)
 .text.libgcc.mul
                0x00000000        0x0 c:/program files (x86)/atmel/studio/7.0/toolchain/avr8/avr8-gnu-toolchain/bin/../lib/gcc/avr/5.4.0/avr5\libgcc.a(_exit.o)
 .text.libgcc.div
                0x00000000        0x0 c:/program files (x86)/atmel/studio/7.0/toolchain/avr8/avr8-gnu-toolchain/bin/../lib/gcc/avr/5.4.0/avr5\libgcc.a(_exit.o)
 .text.libgcc   0x00000000        0x0 c:/program files (x86)/atmel/studio/7.0/toolchain/avr8/avr8-gnu-toolchain/bin/../lib/gcc/avr/5.4.0/avr5\libgcc.a(_exit.o)
 .text.libgcc.prologue
                0x00000000        0x0 c:/program files (x86)/atmel/studio/7.0/toolchain/avr8/avr8-gnu-toolchain/bin/../lib/gcc/avr/5.4.0/avr5\libgcc.a(_exit.o)
 .text.libgcc.builtins
                0x00000000        0x0 c:/program files (x86)/atmel/studio/7.0/toolchain/avr8/avr8-gnu-toolchain/bin/../lib/gcc/avr/5.4.0/avr5\libgcc.a(_exit.o)
 .text.libgcc.fmul
                0x00000000        0x0 c:/program files (x86)/atmel/studio/7.0/toolchain/avr8/avr8-gnu-toolchain/bin/../lib/gcc/avr/5.4.0/avr5\libgcc.a(_exit.o)
 .text.libgcc.fixed
                0x00000000        0x0 c:/program files (x86)/atmel/studio/7.0/toolchain/avr8/avr8-gnu-toolchain/bin/../lib/gcc/avr/5.4.0/avr5\libgcc.a(_exit.o)
 .text          0x00000000        0x0 c:/program files (x86)/atmel/studio/7.0/toolchain/avr8/avr8-gnu-toolchain/bin/../lib/gcc/avr/5.4.0/avr5\libgcc.a(_copy_data.o)
 .data          0x00000000        0x0 c:/program files (x86)/atmel/studio/7.0/toolchain/avr8/avr8-gnu-toolchain/bin/../lib/gcc/avr/5.4.0/avr5\libgcc.a(_copy_data.o)
 .bss           0x00000000        0x0 c:/program files (x86)/atmel/studio/7.0/toolchain/avr8/avr8-gnu-toolchain/bin/../lib/gcc/avr/5.4.0/avr5\libgcc.a(_copy_data.o)
 .text.libgcc.mul
                0x00000000        0x0 c:/program files (x86)/atmel/studio/7.0/toolchain/avr8/avr8-gnu-toolchain/bin/../lib/gcc/avr/5.4.0/avr5\libgcc.a(_copy_data.o)
 .text.libgcc.div
                0x00000000        0x0 c:/program files (x86)/atmel/studio/7.0/toolchain/avr8/avr8-gnu-toolchain/bin/../lib/gcc/avr/5.4.0/avr5\libgcc.a(_copy_data.o)
 .text.libgcc   0x00000000        0x0 c:/program files (x86)/atmel/studio/7.0/toolchain/avr8/avr8-gnu-toolchain/bin/../lib/gcc/avr/5.4.0/avr5\libgcc.a(_copy_data.o)
 .text.libgcc.prologue
                0x00000000        0x0 c:/program files (x86)/atmel/studio/7.0/toolchain/avr8/avr8-gnu-toolchain/bin/../lib/gcc/avr/5.4.0/avr5\libgcc.a(_copy_data.o)
 .text.libgcc.builtins
                0x00000000        0x0 c:/program files (x86)/atmel/studio/7.0/toolchain/avr8/avr8-gnu-toolchain/bin/../lib/gcc/avr/5.4.0/avr5\libgcc.a(_copy_data.o)
 .text.libgcc.fmul
                0x00000000        0x0 c:/program files (x86)/atmel/studio/7.0/toolchain/avr8/avr8-gnu-toolchain/bin/../lib/gcc/avr/5.4.0/avr5\libgcc.a(_copy_data.o)
 .text.libgcc.fixed
                0x00000000        0x0 c:/program files (x86)/atmel/studio/7.0/toolchain/avr8/avr8-gnu-toolchain/bin/../lib/gcc/avr/5.4.0/avr5\libgcc.a(_copy_data.o)
 .text          0x00000000        0x0 c:/program files (x86)/atmel/studio/7.0/toolchain/avr8/avr8-gnu-toolchain/bin/../lib/gcc/avr/5.4.0/avr5\libgcc.a(_clear_bss.o)
 .data          0x00000000        0x0 c:/program files (x86)/atmel/studio/7.0/toolchain/avr8/avr8-gnu-toolchain/bin/../lib/gcc/avr/5.4.0/avr5\libgcc.a(_clear_bss.o)
 .bss           0x00000000        0x0 c:/program files (x86)/atmel/studio/7.0/toolchain/avr8/avr8-gnu-toolchain/bin/../lib/gcc/avr/5.4.0/avr5\libgcc.a(_clear_bss.o)
 .text.libgcc.mul
                0x00000000        0x0 c:/program files (x86)/atmel/studio/7.0/toolchain/avr8/avr8-gnu-toolchain/bin/../lib/gcc/avr/5.4.0/avr5\libgcc.a(_clear_bss.o)
 .text.libgcc.div
                0x00000000        0x0 c:/program files (x86)/atmel/studio/7.0/toolchain/avr8/avr8-gnu-toolchain/bin/../lib/gcc/avr/5.4.0/avr5\libgcc.a(_clear_bss.o)
 .text.libgcc   0x00000000        0x0 c:/program files (x86)/atmel/studio/7.0/toolchain/avr8/avr8-gnu-toolchain/bin/../lib/gcc/avr/5.4.0/avr5\libgcc.a(_clear_bss.o)
 .text.libgcc.prologue
                0x00000000        0x0 c:/program files (x86)/atmel/studio/7.0/toolchain/avr8/avr8-gnu-toolchain/bin/../lib/gcc/avr/5.4.0/avr5\libgcc.a(_clear_bss.o)
 .text.libgcc.builtins
                0x00000000        0x0 c:/program files (x86)/atmel/studio/7.0/toolchain/avr8/avr8-gnu-toolchain/bin/../lib/gcc/avr/5.4.0/avr5\libgcc.a(_clear_bss.o)
 .text.libgcc.fmul
                0x00000000        0x0 c:/program files (x86)/atmel/studio/7.0/toolchain/avr8/avr8-gnu-toolchain/bin/../lib/gcc/avr/5.4.0/avr5\libgcc.a(_clear_bss.o)
 .text.libgcc.fixed
                0x00000000        0x0 c:/program files (x86)/atmel/studio/7.0/toolchain/avr8/avr8-gnu-toolchain/bin/../lib/gcc/avr/5.4.0/avr5\libgcc.a(_clear_bss.o)
 .text          0x00000000        0x0 c:/program files (x86)/atmel/studio/7.0/toolchain/avr8/avr8-gnu-toolchain/bin/../lib/gcc/avr/5.4.0/avr5\libgcc.a(_ctors.o)
 .data          0x00000000        0x0 c:/program files (x86)/atmel/studio/7.0/toolchain/avr8/avr8-gnu-toolchain/bin/../lib/gcc/avr/5.4.0/avr5\libgcc.a(_ctors.o)
 .bss           0x00000000        0x0 c:/program files (x86)/atmel/studio/7.0/toolchain/avr8/avr8-gnu-toolchain/bin/../lib/gcc/avr/5.4.0/avr5\libgcc.a(_ctors.o)
 .text.libgcc.mul
                0x00000000        0x0 c:/program files (x86)/atmel/studio/7.0/toolchain/avr8/avr8-gnu-toolchain/bin/../lib/gcc/avr/5.4.0/avr5\libgcc.a(_ctors.o)
 .text.libgcc.div
                0x00000000        0x0 c:/program files (x86)/atmel/studio/7.0/toolchain/avr8/avr8-gnu-toolchain/bin/../lib/gcc/avr/5.4.0/avr5\libgcc.a(_ctors.o)
 .text.libgcc   0x00000000        0x0 c:/program files (x86)/atmel/studio/7.0/toolchain/avr8/avr8-gnu-toolchain/bin/../lib/gcc/avr/5.4.0/avr5\libgcc.a(_ctors.o)
 .text.libgcc.prologue
                0x00000000        0x0 c:/program files (x86)/atmel/studio/7.0/toolchain/avr8/avr8-gnu-toolchain/bin/../lib/gcc/avr/5.4.0/avr5\libgcc.a(_ctors.o)
 .text.libgcc.builtins
                0x00000000        0x0 c:/program files (x86)/atmel/studio/7.0/toolchain/avr8/avr8-gnu-toolchain/bin/../lib/gcc/avr/5.4.0/avr5\libgcc.a(_ctors.o)
 .text.libgcc.fmul
                0x00000000        0x0 c:/program files (x86)/atmel/studio/7.0/toolchain/avr8/avr8-gnu-toolchain/bin/../lib/gcc/avr/5.4.0/avr5\libgcc.a(_ctors.o)
 .text.libgcc.fixed
                0x00000000        0x0 c:/program files (x86)/atmel/studio/7.0/toolchain/avr8/avr8-gnu-toolchain/bin/../lib/gcc/avr/5.4.0/avr5\libgcc.a(_ctors.o)
 .text          0x00000000        0x0 c:/program files (x86)/atmel/studio/7.0/toolchain/avr8/avr8-gnu-toolchain/bin/../lib/gcc/avr/5.4.0/avr5\libgcc.a(_udivmodhi4.o)
 .data          0x00000000        0x0 c:/program files (x86)/atmel/studio/7.0/toolchain/avr8/avr8-gnu-toolchain/bin/../lib/gcc/avr/5.4.0/avr5\libgcc.a(_udivmodhi4.o)
 .bss           0x00000000        0x0 c:/program files (x86)/atmel/studio/7.0/toolchain/avr8/avr8-gnu-toolchain/bin/../lib/gcc/avr/5.4.0/avr5\libgcc.a(_udivmodhi4.o)
 .text.libgcc.mul
                0x00000000        0x0 c:/program files (x86)/atmel/studio/7.0/toolchain/avr8/avr8-gnu-toolchain/bin/../lib/gcc/avr/5.4.0/avr5\libgcc.a(_udivmodhi4.o)
 .text.libgcc   0x00000000        0x0 c:/program files (x86)/atmel/studio/7.0/toolchain/avr8/avr8-gnu-toolchain/bin/../lib/gcc/avr/5.4.0/avr5\libgcc.a(_udivmodhi4.o)
 .text.libgcc.prologue
                0x00000000        0x0 c:/program files (x86)/atmel/studio/7.0/toolchain/avr8/avr8-gnu-toolchain/bin/../lib/gcc/avr/5.4.0/avr5\libgcc.a(_udivmodhi4.o)
 .text.libgcc.builtins
                0x00000000        0x0 c:/program files (x86)/atmel/studio/7.0/toolchain/avr8/avr8-gnu-toolchain/bin/../lib/gcc/avr/5.4.0/avr5\libgcc.a(_udivmodhi4.o)
 .text.libgcc.fmul
                0x00000000        0x0 c:/program files (x86)/atmel/studio/7.0/toolchain/avr8/avr8-gnu-toolchain/bin/../lib/gcc/avr/5.4.0/avr5\libgcc.a(_udivmodhi4.o)
 .text.libgcc.fixed
                0x00000000        0x0 c:/program files (x86)/atmel/studio/7.0/toolchain/avr8/avr8-gnu-toolchain/bin/../lib/gcc/avr/5.4.0/avr5\libgcc.a(_udivmodhi4.o)
 .text          0x00000000        0x0 c:/program files (x86)/atmel/studio/7.0/toolchain/avr8/avr8-gnu-toolchain/bin/../lib/gcc/avr/5.4.0/avr5\libgcc.a(_tablejump2.o)
 .data          0x00000000        0x0 c:/program files (x86)/atmel/studio/7.0/toolchain/avr8/avr8-gnu-toolchain/bin/../lib/gcc/avr/5.4.0/avr5\libgcc.a(_tablejump2.o)
 .bss           0x00000000        0x0 c:/program files (x86)/atmel/studio/7.0/toolchain/avr8/avr8-gnu-toolchain/bin/../lib/gcc/avr/5.4.0/avr5\libgcc.a(_tablejump2.o)
 .text.libgcc.mul
                0x00000000        0x0 c:/program files (x86)/atmel/studio/7.0/toolchain/avr8/avr8-gnu-toolchain/bin/../lib/gcc/avr/5.4.0/avr5\libgcc.a(_tablejump2.o)
 .text.libgcc.div
                0x00000000        0x0 c:/program files (x86)/atmel/studio/7.0/toolchain/avr8/avr8-gnu-toolchain/bin/../lib/gcc/avr/5.4.0/avr5\libgcc.a(_tablejump2.o)
 .text.libgcc.prologue
                0x00000000        0x0 c:/program files (x86)/atmel/studio/7.0/toolchain/avr8/avr8-gnu-toolchain/bin/../lib/gcc/avr/5.4.0/avr5\libgcc.a(_tablejump2.o)
 .text.libgcc.builtins
                0x00000000        0x0 c:/program files (x86)/atmel/studio/7.0/toolchain/avr8/avr8-gnu-toolchain/bin/../lib/gcc/avr/5.4.0/avr5\libgcc.a(_tablejump2.o)
 .text.libgcc.fmul
                0x00000000        0x0 c:/program files (x86)/atmel/studio/7.0/toolchain/avr8/avr8-gnu-toolchain/bin/../lib/gcc/avr/5.4.0/avr5\libgcc.a(_tablejump2.o)
 .text.libgcc.fixed
                0x00000000        0x0 c:/program files (x86)/atmel/studio/7.0/toolchain/avr8/avr8-gnu-toolchain/bin/../lib/gcc/avr/5.4.0/avr5\libgcc.a(_tablejump2.o)
 .text          0x00000000        0x0 c:/program files (x86)/atmel/studio/7.0/toolchain/avr8/avr8-gnu-toolchain/bin/../lib/gcc/avr/5.4.0/../../../../avr/lib/avr5\libc.a(abort.o)
 .data          0x00000000        0x0 c:/program files (x86)/atmel/studio/7.0/toolchain/avr8/avr8-gnu-toolchain/bin/../lib/gcc/avr/5.4.0/../../../../avr/lib/avr5\libc.a(abort.o)
 .bss           0x00000000        0x0 c:/program files (x86)/atmel/studio/7.0/toolchain/avr8/avr8-gnu-toolchain/bin/../lib/gcc/avr/5.4.0/../../../../avr/lib/avr5\libc.a(abort.o)
 .text.avr-libc
                0x00000000        0xa c:/program files (x86)/atmel/studio/7.0/toolchain/avr8/avr8-gnu-toolchain/bin/../lib/gcc/avr/5.4.0/../../../../avr/lib/avr5\libc.a(abort.o)

Memory Configuration

Name             Origin             Length             Attributes
text             0x00000000         0x00020000         xr
data             0x00800060         0x0000ffa0         rw !x
eeprom           0x00810000         0x00010000         rw !x
fuse             0x00820000         0x00000003         rw !x
lock             0x00830000         0x00000400         rw !x
signature        0x00840000         0x00000400         rw !x
user_signatures  0x00850000         0x00000400         rw !x
*default*        0x00000000         0xffffffff

Linker script and memory map

Address of section .data set to 0x800100
LOAD C:/Program Files (x86)/Atmel/Studio/7.0/Packs/atmel/ATmega_DFP/1.2.132/gcc/dev/atmega328p/avr5/crtatmega328p.o
LOAD Sketch.o
LOAD src/libraries/DallasTemperature/DallasTemperature.o
LOAD src/libraries/OneWire/OneWire.o
START GROUP
LOAD c:/program files (x86)/atmel/studio/7.0/toolchain/avr8/avr8-gnu-toolchain/bin/../lib/gcc/avr/5.4.0/../../../../avr/lib/avr5\libm.a
LOAD C:\Users\Tamim\DOCUME~1\ATMELS~1\7.0\AURDIO~1\AURDIO~1\ARDUIN~1\Debug\libArduinoCore.a
END GROUP
LOAD c:/program files (x86)/atmel/studio/7.0/toolchain/avr8/avr8-gnu-toolchain/bin/../lib/gcc/avr/5.4.0/avr5\libgcc.a
LOAD c:/program files (x86)/atmel/studio/7.0/toolchain/avr8/avr8-gnu-toolchain/bin/../lib/gcc/avr/5.4.0/../../../../avr/lib/avr5\libm.a
START GROUP
LOAD c:/program files (x86)/atmel/studio/7.0/toolchain/avr8/avr8-gnu-toolchain/bin/../lib/gcc/avr/5.4.0/avr5\libgcc.a
LOAD c:/program files (x86)/atmel/studio/7.0/toolchain/avr8/avr8-gnu-toolchain/bin/../lib/gcc/avr/5.4.0/../../../../avr/lib/avr5\libm.a
LOAD c:/program files (x86)/atmel/studio/7.0/toolchain/avr8/avr8-gnu-toolchain/bin/../lib/gcc/avr/5.4.0/../../../../avr/lib/avr5\libc.a
LOAD C:/Program Files (x86)/Atmel/Studio/7.0/Packs/atmel/ATmega_DFP/1.2.132/gcc/dev/atmega328p/avr5\libatmega328p.a
END GROUP
                0x00020000                __TEXT_REGION_LENGTH__ = DEFINED (__TEXT_REGION_LENGTH__)?__TEXT_REGION_LENGTH__:0x20000
                0x0000ffa0                __DATA_REGION_LENGTH__ = DEFINED (__DATA_REGION_LENGTH__)?__DATA_REGION_LENGTH__:0xffa0
                0x00010000                __EEPROM_REGION_LENGTH__ = DEFINED (__EEPROM_REGION_LENGTH__)?__EEPROM_REGION_LENGTH__:0x10000
                [0x00000003]                __FUSE_REGION_LENGTH__ = DEFINED (__FUSE_REGION_LENGTH__)?__FUSE_REGION_LENGTH__:0x400
                0x00000400                __LOCK_REGION_LENGTH__ = DEFINED (__LOCK_REGION_LENGTH__)?__LOCK_REGION_LENGTH__:0x400
                0x00000400                __SIGNATURE_REGION_LENGTH__ = DEFINED (__SIGNATURE_REGION_LENGTH__)?__SIGNATURE_REGION_LENGTH__:0x400
                0x00000400                __USER_SIGNATURE_REGION_LENGTH__ = DEFINED (__USER_SIGNATURE_REGION_LENGTH__)?__USER_SIGNATURE_REGION_LENGTH__:0x400

.hash
 *(.hash)

.dynsym
 *(.dynsym)

.dynstr
 *(.dynstr)

.gnu.version
 *(.gnu.version)

.gnu.version_d
 *(.gnu.version_d)

.gnu.version_r
 *(.gnu.version_r)

.rel.init
 *(.rel.init)

.rela.init
 *(.rela.init)

.rel.text
 *(.rel.text)
 *(.rel.text.*)
 *(.rel.gnu.linkonce.t*)

.rela.text
 *(.rela.text)
 *(.rela.text.*)
 *(.rela.gnu.linkonce.t*)

.rel.fini
 *(.rel.fini)

.rela.fini
 *(.rela.fini)

.rel.rodata
 *(.rel.rodata)
 *(.rel.rodata.*)
 *(.rel.gnu.linkonce.r*)

.rela.rodata
 *(.rela.rodata)
 *(.rela.rodata.*)
 *(.rela.gnu.linkonce.r*)

.rel.data
 *(.rel.data)
 *(.rel.data.*)
 *(.rel.gnu.linkonce.d*)

.rela.data
 *(.rela.data)
 *(.rela.data.*)
 *(.rela.gnu.linkonce.d*)

.rel.ctors
 *(.rel.ctors)

.rela.ctors
 *(.rela.ctors)

.rel.dtors
 *(.rel.dtors)

.rela.dtors
 *(.rela.dtors)

.rel.got
 *(.rel.got)

.rela.got
 *(.rela.got)

.rel.bss
 *(.rel.bss)

.rela.bss
 *(.rela.bss)

.rel.plt
 *(.rel.plt)

.rela.plt
 *(.rela.plt)

.text           0x00000000     0x19c4
 *(.vectors)
 .vectors       0x00000000       0x68 C:/Program Files (x86)/Atmel/Studio/7.0/Packs/atmel/ATmega_DFP/1.2.132/gcc/dev/atmega328p/avr5/crtatmega328p.o
                0x00000000                __vector_default
                0x00000000                __vectors
 *(.vectors)
 *(.progmem.gcc*)
                0x00000068                . = ALIGN (0x2)
                0x00000068                __trampolines_start = .
 *(.trampolines)
 .trampolines   0x00000068        0x0 linker stubs
 *(.trampolines*)
                0x00000068                __trampolines_end = .
 *libprintf_flt.a:*(.progmem.data)
 *libc.a:*(.progmem.data)
 *(.progmem*)
 .progmem.data._ZL11dscrc_table
                0x00000068      0x100 src/libraries/OneWire/OneWire.o
 .progmem.data.digital_pin_to_bit_mask_PGM
                0x00000168       0x14 C:\Users\Tamim\DOCUME~1\ATMELS~1\7.0\AURDIO~1\AURDIO~1\ARDUIN~1\Debug\libArduinoCore.a(wiring_digital.o)
                0x00000168                digital_pin_to_bit_mask_PGM
 .progmem.data.digital_pin_to_port_PGM
                0x0000017c       0x14 C:\Users\Tamim\DOCUME~1\ATMELS~1\7.0\AURDIO~1\AURDIO~1\ARDUIN~1\Debug\libArduinoCore.a(wiring_digital.o)
                0x0000017c                digital_pin_to_port_PGM
 .progmem.data.port_to_input_PGM
                0x00000190        0xa C:\Users\Tamim\DOCUME~1\ATMELS~1\7.0\AURDIO~1\AURDIO~1\ARDUIN~1\Debug\libArduinoCore.a(wiring_digital.o)
                0x00000190                port_to_input_PGM
 .progmem.data.port_to_output_PGM
                0x0000019a        0xa C:\Users\Tamim\DOCUME~1\ATMELS~1\7.0\AURDIO~1\AURDIO~1\ARDUIN~1\Debug\libArduinoCore.a(wiring_digital.o)
                0x0000019a                port_to_output_PGM
 .progmem.data.port_to_mode_PGM
                0x000001a4        0xa C:\Users\Tamim\DOCUME~1\ATMELS~1\7.0\AURDIO~1\AURDIO~1\ARDUIN~1\Debug\libArduinoCore.a(wiring_digital.o)
                0x000001a4                port_to_mode_PGM
                0x000001ae                . = ALIGN (0x2)
 *(.jumptables)
 *(.jumptables*)
 *(.lowtext)
 *(.lowtext*)
                0x000001ae                __ctors_start = .
 *(.ctors)
 .ctors         0x000001ae        0x2 Sketch.o
 .ctors         0x000001b0        0x2 C:\Users\Tamim\DOCUME~1\ATMELS~1\7.0\AURDIO~1\AURDIO~1\ARDUIN~1\Debug\libArduinoCore.a(HardwareSerial0.o)
                0x000001b2                __ctors_end = .
                0x000001b2                __dtors_start = .
 *(.dtors)
                0x000001b2                __dtors_end = .
 SORT(*)(.ctors)
 SORT(*)(.dtors)
 *(.init0)
 .init0         0x000001b2        0x0 C:/Program Files (x86)/Atmel/Studio/7.0/Packs/atmel/ATmega_DFP/1.2.132/gcc/dev/atmega328p/avr5/crtatmega328p.o
                0x000001b2                __init
 *(.init0)
 *(.init1)
 *(.init1)
 *(.init2)
 .init2         0x000001b2        0xc C:/Program Files (x86)/Atmel/Studio/7.0/Packs/atmel/ATmega_DFP/1.2.132/gcc/dev/atmega328p/avr5/crtatmega328p.o
 *(.init2)
 *(.init3)
 *(.init3)
 *(.init4)
 .init4         0x000001be       0x16 c:/program files (x86)/atmel/studio/7.0/toolchain/avr8/avr8-gnu-toolchain/bin/../lib/gcc/avr/5.4.0/avr5\libgcc.a(_copy_data.o)
                0x000001be                __do_copy_data
 .init4         0x000001d4       0x10 c:/program files (x86)/atmel/studio/7.0/toolchain/avr8/avr8-gnu-toolchain/bin/../lib/gcc/avr/5.4.0/avr5\libgcc.a(_clear_bss.o)
                0x000001d4                __do_clear_bss
 *(.init4)
 *(.init5)
 *(.init5)
 *(.init6)
 .init6         0x000001e4       0x16 c:/program files (x86)/atmel/studio/7.0/toolchain/avr8/avr8-gnu-toolchain/bin/../lib/gcc/avr/5.4.0/avr5\libgcc.a(_ctors.o)
                0x000001e4                __do_global_ctors
 *(.init6)
 *(.init7)
 *(.init7)
 *(.init8)
 *(.init8)
 *(.init9)
 .init9         0x000001fa        0x8 C:/Program Files (x86)/Atmel/Studio/7.0/Packs/atmel/ATmega_DFP/1.2.132/gcc/dev/atmega328p/avr5/crtatmega328p.o
 *(.init9)
 *(.text)
 .text          0x00000202        0x4 C:/Program Files (x86)/Atmel/Studio/7.0/Packs/atmel/ATmega_DFP/1.2.132/gcc/dev/atmega328p/avr5/crtatmega328p.o
                0x00000202                __vector_22
                0x00000202                __vector_1
                0x00000202                __vector_24
                0x00000202                __vector_12
                0x00000202                __bad_interrupt
                0x00000202                __vector_6
                0x00000202                __vector_3
                0x00000202                __vector_23
                0x00000202                __vector_25
                0x00000202                __vector_11
                0x00000202                __vector_13
                0x00000202                __vector_17
                0x00000202                __vector_7
                0x00000202                __vector_5
                0x00000202                __vector_4
                0x00000202                __vector_9
                0x00000202                __vector_2
                0x00000202                __vector_21
                0x00000202                __vector_15
                0x00000202                __vector_8
                0x00000202                __vector_14
                0x00000202                __vector_10
                0x00000202                __vector_20
                0x00000206                . = ALIGN (0x2)
 *(.text.*)
 .text.setup    0x00000206       0x26 Sketch.o
                0x00000206                setup
 .text.loop     0x0000022c       0x46 Sketch.o
                0x0000022c                loop
 .text.startup._GLOBAL__sub_I_oneWire
                0x00000272       0x16 Sketch.o
 .text._ZN17DallasTemperature19defaultAlarmHandlerEPKh
                0x00000288        0x2 src/libraries/DallasTemperature/DallasTemperature.o
                0x00000288                _ZN17DallasTemperature19defaultAlarmHandlerEPKh
 .text._ZN17DallasTemperatureC2EP7OneWire
                0x0000028a       0x1e src/libraries/DallasTemperature/DallasTemperature.o
                0x0000028a                _ZN17DallasTemperatureC1EP7OneWire
                0x0000028a                _ZN17DallasTemperatureC2EP7OneWire
 .text._ZN17DallasTemperature12validAddressEPKh
                0x000002a8       0x1e src/libraries/DallasTemperature/DallasTemperature.o
                0x000002a8                _ZN17DallasTemperature12validAddressEPKh
 .text._ZN17DallasTemperature10getAddressEPhh
                0x000002c6       0x56 src/libraries/DallasTemperature/DallasTemperature.o
                0x000002c6                _ZN17DallasTemperature10getAddressEPhh
 .text._ZN17DallasTemperature14readScratchPadEPKhPh
                0x0000031c       0x76 src/libraries/DallasTemperature/DallasTemperature.o
                0x0000031c                _ZN17DallasTemperature14readScratchPadEPKhPh
 .text._ZN17DallasTemperature11isConnectedEPKhPh
                0x00000392       0x26 src/libraries/DallasTemperature/DallasTemperature.o
                0x00000392                _ZN17DallasTemperature11isConnectedEPKhPh
 .text._ZN17DallasTemperature15readPowerSupplyEPKh
                0x000003b8       0x4c src/libraries/DallasTemperature/DallasTemperature.o
                0x000003b8                _ZN17DallasTemperature15readPowerSupplyEPKh
 .text._ZN17DallasTemperature13getResolutionEPKh
                0x00000404       0x64 src/libraries/DallasTemperature/DallasTemperature.o
                0x00000404                _ZN17DallasTemperature13getResolutionEPKh
 .text._ZN17DallasTemperature5beginEv
                0x00000468       0xcc src/libraries/DallasTemperature/DallasTemperature.o
                0x00000468                _ZN17DallasTemperature5beginEv
 .text._ZN17DallasTemperature21isConversionAvailableEPKh
                0x00000534       0x3a src/libraries/DallasTemperature/DallasTemperature.o
                0x00000534                _ZN17DallasTemperature21isConversionAvailableEPKh
 .text._ZN17DallasTemperature27blockTillConversionCompleteEhPKh
                0x0000056e       0xc4 src/libraries/DallasTemperature/DallasTemperature.o
                0x0000056e                _ZN17DallasTemperature27blockTillConversionCompleteEhPKh
 .text._ZN17DallasTemperature19requestTemperaturesEv
                0x00000632       0x3e src/libraries/DallasTemperature/DallasTemperature.o
                0x00000632                _ZN17DallasTemperature19requestTemperaturesEv
 .text._ZN17DallasTemperature20calculateTemperatureEPKhPh
                0x00000670       0x5c src/libraries/DallasTemperature/DallasTemperature.o
                0x00000670                _ZN17DallasTemperature20calculateTemperatureEPKhPh
 .text._ZN17DallasTemperature7getTempEPKh
                0x000006cc       0x5c src/libraries/DallasTemperature/DallasTemperature.o
                0x000006cc                _ZN17DallasTemperature7getTempEPKh
 .text._ZN17DallasTemperature8getTempCEPKh
                0x00000728       0x30 src/libraries/DallasTemperature/DallasTemperature.o
                0x00000728                _ZN17DallasTemperature8getTempCEPKh
 .text._ZN17DallasTemperature15getTempCByIndexEh
                0x00000758       0x56 src/libraries/DallasTemperature/DallasTemperature.o
                0x00000758                _ZN17DallasTemperature15getTempCByIndexEh
 .text._ZN7OneWire5resetEv
                0x000007ae       0x7e src/libraries/OneWire/OneWire.o
                0x000007ae                _ZN7OneWire5resetEv
 .text._ZN7OneWire9write_bitEh
                0x0000082c       0x66 src/libraries/OneWire/OneWire.o
                0x0000082c                _ZN7OneWire9write_bitEh
 .text._ZN7OneWire8read_bitEv
                0x00000892       0x56 src/libraries/OneWire/OneWire.o
                0x00000892                _ZN7OneWire8read_bitEv
 .text._ZN7OneWire5writeEhh
                0x000008e8       0x68 src/libraries/OneWire/OneWire.o
                0x000008e8                _ZN7OneWire5writeEhh
 .text._ZN7OneWire4readEv
                0x00000950       0x38 src/libraries/OneWire/OneWire.o
                0x00000950                _ZN7OneWire4readEv
 .text._ZN7OneWire6selectEPKh
                0x00000988       0x3e src/libraries/OneWire/OneWire.o
                0x00000988                _ZN7OneWire6selectEPKh
 .text._ZN7OneWire4skipEv
                0x000009c6        0x8 src/libraries/OneWire/OneWire.o
                0x000009c6                _ZN7OneWire4skipEv
 .text._ZN7OneWire12reset_searchEv
                0x000009ce       0x18 src/libraries/OneWire/OneWire.o
                0x000009ce                _ZN7OneWire12reset_searchEv
 .text._ZN7OneWireC2Eh
                0x000009e6       0x46 src/libraries/OneWire/OneWire.o
                0x000009e6                _ZN7OneWireC1Eh
                0x000009e6                _ZN7OneWireC2Eh
 .text._ZN7OneWire6searchEPhb
                0x00000a2c      0x10e src/libraries/OneWire/OneWire.o
                0x00000a2c                _ZN7OneWire6searchEPhb
 .text._ZN7OneWire4crc8EPKhh
                0x00000b3a       0x1a src/libraries/OneWire/OneWire.o
                0x00000b3a                _ZN7OneWire4crc8EPKhh
 .text.avr-libc.fplib
                0x00000b54        0xe c:/program files (x86)/atmel/studio/7.0/toolchain/avr8/avr8-gnu-toolchain/bin/../lib/gcc/avr/5.4.0/../../../../avr/lib/avr5\libm.a(addsf3.o)
                0x00000b54                __subsf3
                0x00000b56                __addsf3
 .text.avr-libc.fplib
                0x00000b62       0xcc c:/program files (x86)/atmel/studio/7.0/toolchain/avr8/avr8-gnu-toolchain/bin/../lib/gcc/avr/5.4.0/../../../../avr/lib/avr5\libm.a(addsf3x.o)
                0x00000b84                __addsf3x
 .text.avr-libc.fplib
                0x00000c2e       0x7a c:/program files (x86)/atmel/studio/7.0/toolchain/avr8/avr8-gnu-toolchain/bin/../lib/gcc/avr/5.4.0/../../../../avr/lib/avr5\libm.a(floatsisf.o)
                0x00000c2e                __floatunsisf
                0x00000c32                __floatsisf
 .text.avr-libc.fplib
                0x00000ca8        0xc c:/program files (x86)/atmel/studio/7.0/toolchain/avr8/avr8-gnu-toolchain/bin/../lib/gcc/avr/5.4.0/../../../../avr/lib/avr5\libm.a(fp_inf.o)
                0x00000ca8                __fp_inf
 .text.avr-libc.fplib
                0x00000cb4        0x6 c:/program files (x86)/atmel/studio/7.0/toolchain/avr8/avr8-gnu-toolchain/bin/../lib/gcc/avr/5.4.0/../../../../avr/lib/avr5\libm.a(fp_nan.o)
                0x00000cb4                __fp_nan
 .text.avr-libc.fplib
                0x00000cba        0xe c:/program files (x86)/atmel/studio/7.0/toolchain/avr8/avr8-gnu-toolchain/bin/../lib/gcc/avr/5.4.0/../../../../avr/lib/avr5\libm.a(fp_pscA.o)
                0x00000cba                __fp_pscA
 .text.avr-libc.fplib
                0x00000cc8        0xe c:/program files (x86)/atmel/studio/7.0/toolchain/avr8/avr8-gnu-toolchain/bin/../lib/gcc/avr/5.4.0/../../../../avr/lib/avr5\libm.a(fp_pscB.o)
                0x00000cc8                __fp_pscB
 .text.avr-libc.fplib
                0x00000cd6       0x22 c:/program files (x86)/atmel/studio/7.0/toolchain/avr8/avr8-gnu-toolchain/bin/../lib/gcc/avr/5.4.0/../../../../avr/lib/avr5\libm.a(fp_round.o)
                0x00000cd6                __fp_round
 .text.avr-libc.fplib
                0x00000cf8       0x44 c:/program files (x86)/atmel/studio/7.0/toolchain/avr8/avr8-gnu-toolchain/bin/../lib/gcc/avr/5.4.0/../../../../avr/lib/avr5\libm.a(fp_split3.o)
                0x00000cf8                __fp_split3
                0x00000d08                __fp_splitA
 .text.avr-libc.fplib
                0x00000d3c        0xe c:/program files (x86)/atmel/studio/7.0/toolchain/avr8/avr8-gnu-toolchain/bin/../lib/gcc/avr/5.4.0/../../../../avr/lib/avr5\libm.a(fp_zero.o)
                0x00000d3c                __fp_zero
                0x00000d3e                __fp_szero
 .text.avr-libc.fplib
                0x00000d4a        0x8 c:/program files (x86)/atmel/studio/7.0/toolchain/avr8/avr8-gnu-toolchain/bin/../lib/gcc/avr/5.4.0/../../../../avr/lib/avr5\libm.a(mulsf3.o)
                0x00000d4a                __mulsf3
 .text.avr-libc.fplib
                0x00000d52       0xd2 c:/program files (x86)/atmel/studio/7.0/toolchain/avr8/avr8-gnu-toolchain/bin/../lib/gcc/avr/5.4.0/../../../../avr/lib/avr5\libm.a(mulsf3x.o)
                0x00000d70                __mulsf3x
                0x00000d76                __mulsf3_pse
 .text._ZN14HardwareSerial9availableEv
                0x00000e24       0x18 C:\Users\Tamim\DOCUME~1\ATMELS~1\7.0\AURDIO~1\AURDIO~1\ARDUIN~1\Debug\libArduinoCore.a(HardwareSerial.o)
                0x00000e24                _ZN14HardwareSerial9availableEv
 .text._ZN14HardwareSerial4peekEv
                0x00000e3c       0x1c C:\Users\Tamim\DOCUME~1\ATMELS~1\7.0\AURDIO~1\AURDIO~1\ARDUIN~1\Debug\libArduinoCore.a(HardwareSerial.o)
                0x00000e3c                _ZN14HardwareSerial4peekEv
 .text._ZN14HardwareSerial4readEv
                0x00000e58       0x28 C:\Users\Tamim\DOCUME~1\ATMELS~1\7.0\AURDIO~1\AURDIO~1\ARDUIN~1\Debug\libArduinoCore.a(HardwareSerial.o)
                0x00000e58                _ZN14HardwareSerial4readEv
 .text._ZN14HardwareSerial17availableForWriteEv
                0x00000e80       0x1e C:\Users\Tamim\DOCUME~1\ATMELS~1\7.0\AURDIO~1\AURDIO~1\ARDUIN~1\Debug\libArduinoCore.a(HardwareSerial.o)
                0x00000e80                _ZN14HardwareSerial17availableForWriteEv
 .text._Z14serialEventRunv
                0x00000e9e       0x1c C:\Users\Tamim\DOCUME~1\ATMELS~1\7.0\AURDIO~1\AURDIO~1\ARDUIN~1\Debug\libArduinoCore.a(HardwareSerial.o)
                0x00000e9e                _Z14serialEventRunv
 .text._ZN14HardwareSerial17_tx_udr_empty_irqEv
                0x00000eba       0x42 C:\Users\Tamim\DOCUME~1\ATMELS~1\7.0\AURDIO~1\AURDIO~1\ARDUIN~1\Debug\libArduinoCore.a(HardwareSerial.o)
                0x00000eba                _ZN14HardwareSerial17_tx_udr_empty_irqEv
 .text._ZN14HardwareSerial5writeEh
                0x00000efc       0x8e C:\Users\Tamim\DOCUME~1\ATMELS~1\7.0\AURDIO~1\AURDIO~1\ARDUIN~1\Debug\libArduinoCore.a(HardwareSerial.o)
                0x00000efc                _ZN14HardwareSerial5writeEh
 .text._ZN14HardwareSerial5flushEv
                0x00000f8a       0x44 C:\Users\Tamim\DOCUME~1\ATMELS~1\7.0\AURDIO~1\AURDIO~1\ARDUIN~1\Debug\libArduinoCore.a(HardwareSerial.o)
                0x00000f8a                _ZN14HardwareSerial5flushEv
 .text._ZN14HardwareSerial5beginEmh
                0x00000fce       0xca C:\Users\Tamim\DOCUME~1\ATMELS~1\7.0\AURDIO~1\AURDIO~1\ARDUIN~1\Debug\libArduinoCore.a(HardwareSerial.o)
                0x00000fce                _ZN14HardwareSerial5beginEmh
 .text.__vector_18
                0x00001098       0x64 C:\Users\Tamim\DOCUME~1\ATMELS~1\7.0\AURDIO~1\AURDIO~1\ARDUIN~1\Debug\libArduinoCore.a(HardwareSerial0.o)
                0x00001098                __vector_18
 .text.__vector_19
                0x000010fc       0x4c C:\Users\Tamim\DOCUME~1\ATMELS~1\7.0\AURDIO~1\AURDIO~1\ARDUIN~1\Debug\libArduinoCore.a(HardwareSerial0.o)
                0x000010fc                __vector_19
 .text._Z17Serial0_availablev
                0x00001148       0x14 C:\Users\Tamim\DOCUME~1\ATMELS~1\7.0\AURDIO~1\AURDIO~1\ARDUIN~1\Debug\libArduinoCore.a(HardwareSerial0.o)
                0x00001148                _Z17Serial0_availablev
 .text.startup._GLOBAL__sub_I___vector_18
                0x0000115c       0x5a C:\Users\Tamim\DOCUME~1\ATMELS~1\7.0\AURDIO~1\AURDIO~1\ARDUIN~1\Debug\libArduinoCore.a(HardwareSerial0.o)
 .text.initVariant
                0x000011b6        0x2 C:\Users\Tamim\DOCUME~1\ATMELS~1\7.0\AURDIO~1\AURDIO~1\ARDUIN~1\Debug\libArduinoCore.a(main.o)
                0x000011b6                initVariant
 .text.startup.main
                0x000011b8       0x1e C:\Users\Tamim\DOCUME~1\ATMELS~1\7.0\AURDIO~1\AURDIO~1\ARDUIN~1\Debug\libArduinoCore.a(main.o)
                0x000011b8                main
 .text._ZN5Print5writeEPKhj
                0x000011d6       0x54 C:\Users\Tamim\DOCUME~1\ATMELS~1\7.0\AURDIO~1\AURDIO~1\ARDUIN~1\Debug\libArduinoCore.a(Print.o)
                0x000011d6                _ZN5Print5writeEPKhj
 .text._ZN5Print5writeEPKc
                0x0000122a       0x2a C:\Users\Tamim\DOCUME~1\ATMELS~1\7.0\AURDIO~1\AURDIO~1\ARDUIN~1\Debug\libArduinoCore.a(Print.o)
                0x0000122a                _ZN5Print5writeEPKc
 .text._ZN5Print5printEPKc
                0x00001254        0x4 C:\Users\Tamim\DOCUME~1\ATMELS~1\7.0\AURDIO~1\AURDIO~1\ARDUIN~1\Debug\libArduinoCore.a(Print.o)
                0x00001254                _ZN5Print5printEPKc
 .text._ZN5Print5printEc
                0x00001258        0xe C:\Users\Tamim\DOCUME~1\ATMELS~1\7.0\AURDIO~1\AURDIO~1\ARDUIN~1\Debug\libArduinoCore.a(Print.o)
                0x00001258                _ZN5Print5printEc
 .text._ZN5Print7printlnEv
                0x00001266        0x8 C:\Users\Tamim\DOCUME~1\ATMELS~1\7.0\AURDIO~1\AURDIO~1\ARDUIN~1\Debug\libArduinoCore.a(Print.o)
                0x00001266                _ZN5Print7printlnEv
 .text._ZN5Print7printlnEPKc
                0x0000126e       0x24 C:\Users\Tamim\DOCUME~1\ATMELS~1\7.0\AURDIO~1\AURDIO~1\ARDUIN~1\Debug\libArduinoCore.a(Print.o)
                0x0000126e                _ZN5Print7printlnEPKc
 .text._ZN5Print11printNumberEmh
                0x00001292       0x92 C:\Users\Tamim\DOCUME~1\ATMELS~1\7.0\AURDIO~1\AURDIO~1\ARDUIN~1\Debug\libArduinoCore.a(Print.o)
                0x00001292                _ZN5Print11printNumberEmh
 .text._ZN5Print5printEmi
                0x00001324       0x1a C:\Users\Tamim\DOCUME~1\ATMELS~1\7.0\AURDIO~1\AURDIO~1\ARDUIN~1\Debug\libArduinoCore.a(Print.o)
                0x00001324                _ZN5Print5printEmi
 .text._ZN5Print5printEji
                0x0000133e        0xc C:\Users\Tamim\DOCUME~1\ATMELS~1\7.0\AURDIO~1\AURDIO~1\ARDUIN~1\Debug\libArduinoCore.a(Print.o)
                0x0000133e                _ZN5Print5printEji
 .text._ZN5Print10printFloatEdh
                0x0000134a      0x1b6 C:\Users\Tamim\DOCUME~1\ATMELS~1\7.0\AURDIO~1\AURDIO~1\ARDUIN~1\Debug\libArduinoCore.a(Print.o)
                0x0000134a                _ZN5Print10printFloatEdh
 .text._ZN5Print5printEdi
                0x00001500        0x4 C:\Users\Tamim\DOCUME~1\ATMELS~1\7.0\AURDIO~1\AURDIO~1\ARDUIN~1\Debug\libArduinoCore.a(Print.o)
                0x00001500                _ZN5Print5printEdi
 .text.__vector_16
                0x00001504       0x94 C:\Users\Tamim\DOCUME~1\ATMELS~1\7.0\AURDIO~1\AURDIO~1\ARDUIN~1\Debug\libArduinoCore.a(wiring.o)
                0x00001504                __vector_16
 .text.millis   0x00001598       0x18 C:\Users\Tamim\DOCUME~1\ATMELS~1\7.0\AURDIO~1\AURDIO~1\ARDUIN~1\Debug\libArduinoCore.a(wiring.o)
                0x00001598                millis
 .text.micros   0x000015b0       0x4a C:\Users\Tamim\DOCUME~1\ATMELS~1\7.0\AURDIO~1\AURDIO~1\ARDUIN~1\Debug\libArduinoCore.a(wiring.o)
                0x000015b0                micros
 .text.delay    0x000015fa       0x78 C:\Users\Tamim\DOCUME~1\ATMELS~1\7.0\AURDIO~1\AURDIO~1\ARDUIN~1\Debug\libArduinoCore.a(wiring.o)
                0x000015fa                delay
 .text.delayMicroseconds
                0x00001672       0x16 C:\Users\Tamim\DOCUME~1\ATMELS~1\7.0\AURDIO~1\AURDIO~1\ARDUIN~1\Debug\libArduinoCore.a(wiring.o)
                0x00001672                delayMicroseconds
 .text.init     0x00001688       0x76 C:\Users\Tamim\DOCUME~1\ATMELS~1\7.0\AURDIO~1\AURDIO~1\ARDUIN~1\Debug\libArduinoCore.a(wiring.o)
                0x00001688                init
 .text.pinMode  0x000016fe       0x78 C:\Users\Tamim\DOCUME~1\ATMELS~1\7.0\AURDIO~1\AURDIO~1\ARDUIN~1\Debug\libArduinoCore.a(wiring_digital.o)
                0x000016fe                pinMode
 .text.__empty  0x00001776        0x2 C:\Users\Tamim\DOCUME~1\ATMELS~1\7.0\AURDIO~1\AURDIO~1\ARDUIN~1\Debug\libArduinoCore.a(hooks.o)
                0x00001776                yield
 .text.avr-libc.fplib
                0x00001778        0xa c:/program files (x86)/atmel/studio/7.0/toolchain/avr8/avr8-gnu-toolchain/bin/../lib/gcc/avr/5.4.0/../../../../avr/lib/avr5\libm.a(cmpsf2.o)
                0x00001778                __nesf2
                0x00001778                __eqsf2
                0x00001778                __cmpsf2
                0x00001778                __ltsf2
                0x00001778                __lesf2
 .text.avr-libc.fplib
                0x00001782        0x8 c:/program files (x86)/atmel/studio/7.0/toolchain/avr8/avr8-gnu-toolchain/bin/../lib/gcc/avr/5.4.0/../../../../avr/lib/avr5\libm.a(divsf3.o)
                0x00001782                __divsf3
 .text.avr-libc.fplib
                0x0000178a       0xdc c:/program files (x86)/atmel/studio/7.0/toolchain/avr8/avr8-gnu-toolchain/bin/../lib/gcc/avr/5.4.0/../../../../avr/lib/avr5\libm.a(divsf3x.o)
                0x000017aa                __divsf3x
                0x000017b0                __divsf3_pse
 .text.avr-libc.fplib
                0x00001866       0x5e c:/program files (x86)/atmel/studio/7.0/toolchain/avr8/avr8-gnu-toolchain/bin/../lib/gcc/avr/5.4.0/../../../../avr/lib/avr5\libm.a(fixunssfsi.o)
                0x00001866                __fixunssfsi
 .text.avr-libc.fplib
                0x000018c4       0x48 c:/program files (x86)/atmel/studio/7.0/toolchain/avr8/avr8-gnu-toolchain/bin/../lib/gcc/avr/5.4.0/../../../../avr/lib/avr5\libm.a(fp_cmp.o)
                0x000018c4                __fp_cmp
 .text.avr-libc.fplib
                0x0000190c        0xa c:/program files (x86)/atmel/studio/7.0/toolchain/avr8/avr8-gnu-toolchain/bin/../lib/gcc/avr/5.4.0/../../../../avr/lib/avr5\libm.a(gesf2.o)
                0x0000190c                __gesf2
                0x0000190c                __gtsf2
 .text.avr-libc.fplib
                0x00001916        0xa c:/program files (x86)/atmel/studio/7.0/toolchain/avr8/avr8-gnu-toolchain/bin/../lib/gcc/avr/5.4.0/../../../../avr/lib/avr5\libm.a(unordsf2.o)
                0x00001916                __unordsf2
 .text.libgcc.div
                0x00001920       0x28 c:/program files (x86)/atmel/studio/7.0/toolchain/avr8/avr8-gnu-toolchain/bin/../lib/gcc/avr/5.4.0/avr5\libgcc.a(_divmodhi4.o)
                0x00001920                _div
                0x00001920                __divmodhi4
 .text.libgcc.div
                0x00001948       0x44 c:/program files (x86)/atmel/studio/7.0/toolchain/avr8/avr8-gnu-toolchain/bin/../lib/gcc/avr/5.4.0/avr5\libgcc.a(_udivmodsi4.o)
                0x00001948                __udivmodsi4
 .text.libgcc.div
                0x0000198c       0x28 c:/program files (x86)/atmel/studio/7.0/toolchain/avr8/avr8-gnu-toolchain/bin/../lib/gcc/avr/5.4.0/avr5\libgcc.a(_udivmodhi4.o)
                0x0000198c                __udivmodhi4
 .text.libgcc   0x000019b4        0xc c:/program files (x86)/atmel/studio/7.0/toolchain/avr8/avr8-gnu-toolchain/bin/../lib/gcc/avr/5.4.0/avr5\libgcc.a(_tablejump2.o)
                0x000019b4                __tablejump2__
                0x000019c0                . = ALIGN (0x2)
 *(.fini9)
 .fini9         0x000019c0        0x0 c:/program files (x86)/atmel/studio/7.0/toolchain/avr8/avr8-gnu-toolchain/bin/../lib/gcc/avr/5.4.0/avr5\libgcc.a(_exit.o)
                0x000019c0                _exit
                0x000019c0                exit
 *(.fini9)
 *(.fini8)
 *(.fini8)
 *(.fini7)
 *(.fini7)
 *(.fini6)
 *(.fini6)
 *(.fini5)
 *(.fini5)
 *(.fini4)
 *(.fini4)
 *(.fini3)
 *(.fini3)
 *(.fini2)
 *(.fini2)
 *(.fini1)
 *(.fini1)
 *(.fini0)
 .fini0         0x000019c0        0x4 c:/program files (x86)/atmel/studio/7.0/toolchain/avr8/avr8-gnu-toolchain/bin/../lib/gcc/avr/5.4.0/avr5\libgcc.a(_exit.o)
 *(.fini0)
                0x000019c4                _etext = .

.data           0x00800100       0x92 load address 0x000019c4
                0x00800100                PROVIDE (__data_start, .)
 *(.data)
 *(.data*)
 *(.rodata)
 *(.rodata*)
 .rodata.str1.1
                0x00800100       0x6a Sketch.o
 .rodata.CSWTCH.61
                0x0080016a        0x6 src/libraries/DallasTemperature/DallasTemperature.o
 .rodata._ZTV14HardwareSerial
                0x00800170       0x12 C:\Users\Tamim\DOCUME~1\ATMELS~1\7.0\AURDIO~1\AURDIO~1\ARDUIN~1\Debug\libArduinoCore.a(HardwareSerial.o)
                0x00800170                _ZTV14HardwareSerial
 .rodata.str1.1
                0x00800182        0xf C:\Users\Tamim\DOCUME~1\ATMELS~1\7.0\AURDIO~1\AURDIO~1\ARDUIN~1\Debug\libArduinoCore.a(Print.o)
 *(.gnu.linkonce.d*)
                0x00800192                . = ALIGN (0x2)
 *fill*         0x00800191        0x1 
                0x00800192                _edata = .
                0x00800192                PROVIDE (__data_end, .)

.bss            0x00800192       0xc7
                0x00800192                PROVIDE (__bss_start, .)
 *(.bss)
 *(.bss*)
 .bss.sensors   0x00800192       0x13 Sketch.o
                0x00800192                sensors
 .bss.oneWire   0x008001a5        0xe Sketch.o
                0x008001a5                oneWire
 .bss.Serial    0x008001b3       0x9d C:\Users\Tamim\DOCUME~1\ATMELS~1\7.0\AURDIO~1\AURDIO~1\ARDUIN~1\Debug\libArduinoCore.a(HardwareSerial0.o)
                0x008001b3                Serial
 .bss.timer0_fract
                0x00800250        0x1 C:\Users\Tamim\DOCUME~1\ATMELS~1\7.0\AURDIO~1\AURDIO~1\ARDUIN~1\Debug\libArduinoCore.a(wiring.o)
 .bss.timer0_millis
                0x00800251        0x4 C:\Users\Tamim\DOCUME~1\ATMELS~1\7.0\AURDIO~1\AURDIO~1\ARDUIN~1\Debug\libArduinoCore.a(wiring.o)
                0x00800251                timer0_millis
 .bss.timer0_overflow_count
                0x00800255        0x4 C:\Users\Tamim\DOCUME~1\ATMELS~1\7.0\AURDIO~1\AURDIO~1\ARDUIN~1\Debug\libArduinoCore.a(wiring.o)
                0x00800255                timer0_overflow_count
 *(COMMON)
                0x00800259                PROVIDE (__bss_end, .)
                0x000019c4                __data_load_start = LOADADDR (.data)
                0x00001a56                __data_load_end = (__data_load_start + SIZEOF (.data))

.noinit         0x00800259        0x0
                [!provide]                PROVIDE (__noinit_start, .)
 *(.noinit*)
                [!provide]                PROVIDE (__noinit_end, .)
                0x00800259                _end = .
                [!provide]                PROVIDE (__heap_start, .)

.eeprom         0x00810000        0x0
 *(.eeprom*)
                0x00810000                __eeprom_end = .

.fuse
 *(.fuse)
 *(.lfuse)
 *(.hfuse)
 *(.efuse)

.lock
 *(.lock*)

.signature
 *(.signature*)

.user_signatures
 *(.user_signatures*)

.stab
 *(.stab)

.stabstr
 *(.stabstr)

.stab.excl
 *(.stab.excl)

.stab.exclstr
 *(.stab.exclstr)

.stab.index
 *(.stab.index)

.stab.indexstr
 *(.stab.indexstr)

.comment        0x00000000       0x30
 *(.comment)
 .comment       0x00000000       0x30 Sketch.o
                                 0x31 (size before relaxing)
 .comment       0x00000030       0x31 src/libraries/DallasTemperature/DallasTemperature.o
 .comment       0x00000030       0x31 src/libraries/OneWire/OneWire.o
 .comment       0x00000030       0x31 C:\Users\Tamim\DOCUME~1\ATMELS~1\7.0\AURDIO~1\AURDIO~1\ARDUIN~1\Debug\libArduinoCore.a(HardwareSerial.o)
 .comment       0x00000030       0x31 C:\Users\Tamim\DOCUME~1\ATMELS~1\7.0\AURDIO~1\AURDIO~1\ARDUIN~1\Debug\libArduinoCore.a(HardwareSerial0.o)
 .comment       0x00000030       0x31 C:\Users\Tamim\DOCUME~1\ATMELS~1\7.0\AURDIO~1\AURDIO~1\ARDUIN~1\Debug\libArduinoCore.a(main.o)
 .comment       0x00000030       0x31 C:\Users\Tamim\DOCUME~1\ATMELS~1\7.0\AURDIO~1\AURDIO~1\ARDUIN~1\Debug\libArduinoCore.a(Print.o)
 .comment       0x00000030       0x31 C:\Users\Tamim\DOCUME~1\ATMELS~1\7.0\AURDIO~1\AURDIO~1\ARDUIN~1\Debug\libArduinoCore.a(wiring.o)
 .comment       0x00000030       0x31 C:\Users\Tamim\DOCUME~1\ATMELS~1\7.0\AURDIO~1\AURDIO~1\ARDUIN~1\Debug\libArduinoCore.a(wiring_digital.o)
 .comment       0x00000030       0x31 C:\Users\Tamim\DOCUME~1\ATMELS~1\7.0\AURDIO~1\AURDIO~1\ARDUIN~1\Debug\libArduinoCore.a(hooks.o)

.note.gnu.avr.deviceinfo
                0x00000000       0x40
 .note.gnu.avr.deviceinfo
                0x00000000       0x40 C:/Program Files (x86)/Atmel/Studio/7.0/Packs/atmel/ATmega_DFP/1.2.132/gcc/dev/atmega328p/avr5/crtatmega328p.o

.note.gnu.build-id
 *(.note.gnu.build-id)

.debug
 *(.debug)

.line
 *(.line)

.debug_srcinfo
 *(.debug_srcinfo)

.debug_sfnames
 *(.debug_sfnames)

.debug_aranges  0x00000000      0x510
 *(.debug_aranges)
 .debug_aranges
                0x00000000       0x30 Sketch.o
 .debug_aranges
                0x00000030      0x1c0 src/libraries/DallasTemperature/DallasTemperature.o
 .debug_aranges
                0x000001f0       0xa0 src/libraries/OneWire/OneWire.o
 .debug_aranges
                0x00000290       0x68 C:\Users\Tamim\DOCUME~1\ATMELS~1\7.0\AURDIO~1\AURDIO~1\ARDUIN~1\Debug\libArduinoCore.a(HardwareSerial.o)
 .debug_aranges
                0x000002f8       0x48 C:\Users\Tamim\DOCUME~1\ATMELS~1\7.0\AURDIO~1\AURDIO~1\ARDUIN~1\Debug\libArduinoCore.a(HardwareSerial0.o)
 .debug_aranges
                0x00000340       0x30 C:\Users\Tamim\DOCUME~1\ATMELS~1\7.0\AURDIO~1\AURDIO~1\ARDUIN~1\Debug\libArduinoCore.a(main.o)
 .debug_aranges
                0x00000370      0x100 C:\Users\Tamim\DOCUME~1\ATMELS~1\7.0\AURDIO~1\AURDIO~1\ARDUIN~1\Debug\libArduinoCore.a(Print.o)
 .debug_aranges
                0x00000470       0x48 C:\Users\Tamim\DOCUME~1\ATMELS~1\7.0\AURDIO~1\AURDIO~1\ARDUIN~1\Debug\libArduinoCore.a(wiring.o)
 .debug_aranges
                0x000004b8       0x38 C:\Users\Tamim\DOCUME~1\ATMELS~1\7.0\AURDIO~1\AURDIO~1\ARDUIN~1\Debug\libArduinoCore.a(wiring_digital.o)
 .debug_aranges
                0x000004f0       0x20 C:\Users\Tamim\DOCUME~1\ATMELS~1\7.0\AURDIO~1\AURDIO~1\ARDUIN~1\Debug\libArduinoCore.a(hooks.o)

.debug_pubnames
 *(.debug_pubnames)

.debug_info     0x00000000     0xba70
 *(.debug_info .gnu.linkonce.wi.*)
 .debug_info    0x00000000      0x5f4 C:/Program Files (x86)/Atmel/Studio/7.0/Packs/atmel/ATmega_DFP/1.2.132/gcc/dev/atmega328p/avr5/crtatmega328p.o
 .debug_info    0x000005f4      0xf87 Sketch.o
 .debug_info    0x0000157b     0x2809 src/libraries/DallasTemperature/DallasTemperature.o
 .debug_info    0x00003d84      0xf10 src/libraries/OneWire/OneWire.o
 .debug_info    0x00004c94     0x1e89 C:\Users\Tamim\DOCUME~1\ATMELS~1\7.0\AURDIO~1\AURDIO~1\ARDUIN~1\Debug\libArduinoCore.a(HardwareSerial.o)
 .debug_info    0x00006b1d     0x1b16 C:\Users\Tamim\DOCUME~1\ATMELS~1\7.0\AURDIO~1\AURDIO~1\ARDUIN~1\Debug\libArduinoCore.a(HardwareSerial0.o)
 .debug_info    0x00008633      0x237 C:\Users\Tamim\DOCUME~1\ATMELS~1\7.0\AURDIO~1\AURDIO~1\ARDUIN~1\Debug\libArduinoCore.a(main.o)
 .debug_info    0x0000886a     0x28ff C:\Users\Tamim\DOCUME~1\ATMELS~1\7.0\AURDIO~1\AURDIO~1\ARDUIN~1\Debug\libArduinoCore.a(Print.o)
 .debug_info    0x0000b169      0x2cb C:\Users\Tamim\DOCUME~1\ATMELS~1\7.0\AURDIO~1\AURDIO~1\ARDUIN~1\Debug\libArduinoCore.a(wiring.o)
 .debug_info    0x0000b434      0x5fe C:\Users\Tamim\DOCUME~1\ATMELS~1\7.0\AURDIO~1\AURDIO~1\ARDUIN~1\Debug\libArduinoCore.a(wiring_digital.o)
 .debug_info    0x0000ba32       0x3e C:\Users\Tamim\DOCUME~1\ATMELS~1\7.0\AURDIO~1\AURDIO~1\ARDUIN~1\Debug\libArduinoCore.a(hooks.o)

.debug_abbrev   0x00000000     0x2198
 *(.debug_abbrev)
 .debug_abbrev  0x00000000      0x5a2 C:/Program Files (x86)/Atmel/Studio/7.0/Packs/atmel/ATmega_DFP/1.2.132/gcc/dev/atmega328p/avr5/crtatmega328p.o
 .debug_abbrev  0x000005a2      0x30e Sketch.o
 .debug_abbrev  0x000008b0      0x507 src/libraries/DallasTemperature/DallasTemperature.o
 .debug_abbrev  0x00000db7      0x36f src/libraries/OneWire/OneWire.o
 .debug_abbrev  0x00001126      0x432 C:\Users\Tamim\DOCUME~1\ATMELS~1\7.0\AURDIO~1\AURDIO~1\ARDUIN~1\Debug\libArduinoCore.a(HardwareSerial.o)
 .debug_abbrev  0x00001558      0x3ce C:\Users\Tamim\DOCUME~1\ATMELS~1\7.0\AURDIO~1\AURDIO~1\ARDUIN~1\Debug\libArduinoCore.a(HardwareSerial0.o)
 .debug_abbrev  0x00001926      0x12d C:\Users\Tamim\DOCUME~1\ATMELS~1\7.0\AURDIO~1\AURDIO~1\ARDUIN~1\Debug\libArduinoCore.a(main.o)
 .debug_abbrev  0x00001a53      0x47a C:\Users\Tamim\DOCUME~1\ATMELS~1\7.0\AURDIO~1\AURDIO~1\ARDUIN~1\Debug\libArduinoCore.a(Print.o)
 .debug_abbrev  0x00001ecd      0x146 C:\Users\Tamim\DOCUME~1\ATMELS~1\7.0\AURDIO~1\AURDIO~1\ARDUIN~1\Debug\libArduinoCore.a(wiring.o)
 .debug_abbrev  0x00002013      0x15b C:\Users\Tamim\DOCUME~1\ATMELS~1\7.0\AURDIO~1\AURDIO~1\ARDUIN~1\Debug\libArduinoCore.a(wiring_digital.o)
 .debug_abbrev  0x0000216e       0x2a C:\Users\Tamim\DOCUME~1\ATMELS~1\7.0\AURDIO~1\AURDIO~1\ARDUIN~1\Debug\libArduinoCore.a(hooks.o)

.debug_line     0x00000000     0x2a2f
 *(.debug_line .debug_line.* .debug_line_end)
 .debug_line    0x00000000      0x133 C:/Program Files (x86)/Atmel/Studio/7.0/Packs/atmel/ATmega_DFP/1.2.132/gcc/dev/atmega328p/avr5/crtatmega328p.o
 .debug_line    0x00000133      0x263 Sketch.o
 .debug_line    0x00000396      0xbe4 src/libraries/DallasTemperature/DallasTemperature.o
 .debug_line    0x00000f7a      0x6ed src/libraries/OneWire/OneWire.o
 .debug_line    0x00001667      0x426 C:\Users\Tamim\DOCUME~1\ATMELS~1\7.0\AURDIO~1\AURDIO~1\ARDUIN~1\Debug\libArduinoCore.a(HardwareSerial.o)
 .debug_line    0x00001a8d      0x28c C:\Users\Tamim\DOCUME~1\ATMELS~1\7.0\AURDIO~1\AURDIO~1\ARDUIN~1\Debug\libArduinoCore.a(HardwareSerial0.o)
 .debug_line    0x00001d19      0x165 C:\Users\Tamim\DOCUME~1\ATMELS~1\7.0\AURDIO~1\AURDIO~1\ARDUIN~1\Debug\libArduinoCore.a(main.o)
 .debug_line    0x00001e7e      0x685 C:\Users\Tamim\DOCUME~1\ATMELS~1\7.0\AURDIO~1\AURDIO~1\ARDUIN~1\Debug\libArduinoCore.a(Print.o)
 .debug_line    0x00002503      0x299 C:\Users\Tamim\DOCUME~1\ATMELS~1\7.0\AURDIO~1\AURDIO~1\ARDUIN~1\Debug\libArduinoCore.a(wiring.o)
 .debug_line    0x0000279c      0x252 C:\Users\Tamim\DOCUME~1\ATMELS~1\7.0\AURDIO~1\AURDIO~1\ARDUIN~1\Debug\libArduinoCore.a(wiring_digital.o)
 .debug_line    0x000029ee       0x41 C:\Users\Tamim\DOCUME~1\ATMELS~1\7.0\AURDIO~1\AURDIO~1\ARDUIN~1\Debug\libArduinoCore.a(hooks.o)

.debug_frame    0x00000000     0x10f4
 *(.debug_frame)
 .debug_frame   0x00000000       0x44 Sketch.o
 .debug_frame   0x00000044      0x704 src/libraries/DallasTemperature/DallasTemperature.o
 .debug_frame   0x00000748      0x258 src/libraries/OneWire/OneWire.o
 .debug_frame   0x000009a0      0x110 C:\Users\Tamim\DOCUME~1\ATMELS~1\7.0\AURDIO~1\AURDIO~1\ARDUIN~1\Debug\libArduinoCore.a(HardwareSerial.o)
 .debug_frame   0x00000ab0       0xe0 C:\Users\Tamim\DOCUME~1\ATMELS~1\7.0\AURDIO~1\AURDIO~1\ARDUIN~1\Debug\libArduinoCore.a(HardwareSerial0.o)
 .debug_frame   0x00000b90       0x54 C:\Users\Tamim\DOCUME~1\ATMELS~1\7.0\AURDIO~1\AURDIO~1\ARDUIN~1\Debug\libArduinoCore.a(main.o)
 .debug_frame   0x00000be4      0x3ac C:\Users\Tamim\DOCUME~1\ATMELS~1\7.0\AURDIO~1\AURDIO~1\ARDUIN~1\Debug\libArduinoCore.a(Print.o)
 .debug_frame   0x00000f90       0xc4 C:\Users\Tamim\DOCUME~1\ATMELS~1\7.0\AURDIO~1\AURDIO~1\ARDUIN~1\Debug\libArduinoCore.a(wiring.o)
 .debug_frame   0x00001054       0x7c C:\Users\Tamim\DOCUME~1\ATMELS~1\7.0\AURDIO~1\AURDIO~1\ARDUIN~1\Debug\libArduinoCore.a(wiring_digital.o)
 .debug_frame   0x000010d0       0x24 C:\Users\Tamim\DOCUME~1\ATMELS~1\7.0\AURDIO~1\AURDIO~1\ARDUIN~1\Debug\libArduinoCore.a(hooks.o)

.debug_str      0x00000000     0x3038
 *(.debug_str)
 .debug_str     0x00000000      0x208 C:/Program Files (x86)/Atmel/Studio/7.0/Packs/atmel/ATmega_DFP/1.2.132/gcc/dev/atmega328p/avr5/crtatmega328p.o
 .debug_str     0x00000208     0x1243 Sketch.o
                               0x12c7 (size before relaxing)
 .debug_str     0x0000144b      0x137 src/libraries/DallasTemperature/DallasTemperature.o
                               0x12d7 (size before relaxing)
 .debug_str     0x00001582      0x17a src/libraries/OneWire/OneWire.o
                                0x689 (size before relaxing)
 .debug_str     0x000016fc     0x1303 C:\Users\Tamim\DOCUME~1\ATMELS~1\7.0\AURDIO~1\AURDIO~1\ARDUIN~1\Debug\libArduinoCore.a(HardwareSerial.o)
                               0x15ff (size before relaxing)
 .debug_str     0x000029ff       0x86 C:\Users\Tamim\DOCUME~1\ATMELS~1\7.0\AURDIO~1\AURDIO~1\ARDUIN~1\Debug\libArduinoCore.a(HardwareSerial0.o)
                               0x141b (size before relaxing)
 .debug_str     0x00002a85       0x37 C:\Users\Tamim\DOCUME~1\ATMELS~1\7.0\AURDIO~1\AURDIO~1\ARDUIN~1\Debug\libArduinoCore.a(main.o)
                                0x2c7 (size before relaxing)
 .debug_str     0x00002abc      0x38d C:\Users\Tamim\DOCUME~1\ATMELS~1\7.0\AURDIO~1\AURDIO~1\ARDUIN~1\Debug\libArduinoCore.a(Print.o)
                               0x1255 (size before relaxing)
 .debug_str     0x00002e49      0x14a C:\Users\Tamim\DOCUME~1\ATMELS~1\7.0\AURDIO~1\AURDIO~1\ARDUIN~1\Debug\libArduinoCore.a(wiring.o)
                                0x25d (size before relaxing)
 .debug_str     0x00002f93       0x89 C:\Users\Tamim\DOCUME~1\ATMELS~1\7.0\AURDIO~1\AURDIO~1\ARDUIN~1\Debug\libArduinoCore.a(wiring_digital.o)
                                0x2c2 (size before relaxing)
 .debug_str     0x0000301c       0x1c C:\Users\Tamim\DOCUME~1\ATMELS~1\7.0\AURDIO~1\AURDIO~1\ARDUIN~1\Debug\libArduinoCore.a(hooks.o)
                                0x152 (size before relaxing)

.debug_loc      0x00000000     0x5ef9
 *(.debug_loc)
 .debug_loc     0x00000000       0x16 Sketch.o
 .debug_loc     0x00000016     0x232c src/libraries/DallasTemperature/DallasTemperature.o
 .debug_loc     0x00002342     0x1075 src/libraries/OneWire/OneWire.o
 .debug_loc     0x000033b7      0x482 C:\Users\Tamim\DOCUME~1\ATMELS~1\7.0\AURDIO~1\AURDIO~1\ARDUIN~1\Debug\libArduinoCore.a(HardwareSerial.o)
 .debug_loc     0x00003839      0x1b0 C:\Users\Tamim\DOCUME~1\ATMELS~1\7.0\AURDIO~1\AURDIO~1\ARDUIN~1\Debug\libArduinoCore.a(HardwareSerial0.o)
 .debug_loc     0x000039e9     0x1c87 C:\Users\Tamim\DOCUME~1\ATMELS~1\7.0\AURDIO~1\AURDIO~1\ARDUIN~1\Debug\libArduinoCore.a(Print.o)
 .debug_loc     0x00005670      0x28d C:\Users\Tamim\DOCUME~1\ATMELS~1\7.0\AURDIO~1\AURDIO~1\ARDUIN~1\Debug\libArduinoCore.a(wiring.o)
 .debug_loc     0x000058fd      0x5fc C:\Users\Tamim\DOCUME~1\ATMELS~1\7.0\AURDIO~1\AURDIO~1\ARDUIN~1\Debug\libArduinoCore.a(wiring_digital.o)

.debug_macinfo
 *(.debug_macinfo)

.debug_weaknames
 *(.debug_weaknames)

.debug_funcnames
 *(.debug_funcnames)

.debug_typenames
 *(.debug_typenames)

.debug_varnames
 *(.debug_varnames)

.debug_pubtypes
 *(.debug_pubtypes)

.debug_ranges   0x00000000      0x4b8
 *(.debug_ranges)
 .debug_ranges  0x00000000       0x20 Sketch.o
 .debug_ranges  0x00000020      0x1c8 src/libraries/DallasTemperature/DallasTemperature.o
 .debug_ranges  0x000001e8       0x90 src/libraries/OneWire/OneWire.o
 .debug_ranges  0x00000278       0x58 C:\Users\Tamim\DOCUME~1\ATMELS~1\7.0\AURDIO~1\AURDIO~1\ARDUIN~1\Debug\libArduinoCore.a(HardwareSerial.o)
 .debug_ranges  0x000002d0       0x38 C:\Users\Tamim\DOCUME~1\ATMELS~1\7.0\AURDIO~1\AURDIO~1\ARDUIN~1\Debug\libArduinoCore.a(HardwareSerial0.o)
 .debug_ranges  0x00000308       0x20 C:\Users\Tamim\DOCUME~1\ATMELS~1\7.0\AURDIO~1\AURDIO~1\ARDUIN~1\Debug\libArduinoCore.a(main.o)
 .debug_ranges  0x00000328      0x120 C:\Users\Tamim\DOCUME~1\ATMELS~1\7.0\AURDIO~1\AURDIO~1\ARDUIN~1\Debug\libArduinoCore.a(Print.o)
 .debug_ranges  0x00000448       0x38 C:\Users\Tamim\DOCUME~1\ATMELS~1\7.0\AURDIO~1\AURDIO~1\ARDUIN~1\Debug\libArduinoCore.a(wiring.o)
 .debug_ranges  0x00000480       0x28 C:\Users\Tamim\DOCUME~1\ATMELS~1\7.0\AURDIO~1\AURDIO~1\ARDUIN~1\Debug\libArduinoCore.a(wiring_digital.o)
 .debug_ranges  0x000004a8       0x10 C:\Users\Tamim\DOCUME~1\ATMELS~1\7.0\AURDIO~1\AURDIO~1\ARDUIN~1\Debug\libArduinoCore.a(hooks.o)

.debug_macro
 *(.debug_macro)
OUTPUT(AurdionoLCD16x2scrol.elf elf32-avr)
LOAD linker stubs
